<!doctype html public "-//w3c//dtd html 4.0 transitional//en">
<html><head>
<title>Static Call Graph - [..\Output\STM32-DEMO.axf]</title></head>
<body><HR>
<H1>Static Call Graph for image ..\Output\STM32-DEMO.axf</H1><HR>
<BR><P>#&#060CALLGRAPH&#062# ARM Linker, 4.1 [Build 791]: Last Updated: Fri Dec 07 15:33:09 2012
<BR><P>
<H3>Maximum Stack Usage =        416 bytes + Unknown(Cycles, Untraceable Function Pointers)</H3><H3>
Call chain for Maximum Stack Depth:</H3>
TIM2_IRQHandler &rArr; processUserTimerOut &rArr; ProcessIncomingSMS &rArr; ParseStringByToken
<P>
<H3>
Mutually Recursive functions
</H3> <LI><a href="#[6a]">ADC1_2_IRQHandler</a>&nbsp;&nbsp;&nbsp;&rArr;&nbsp;&nbsp;&nbsp;<a href="#[6a]">ADC1_2_IRQHandler</a><BR>
</UL>
<P>
<H3>
Function Pointers
</H3><UL>
 <LI><a href="#[6a]">ADC1_2_IRQHandler</a> from startup_stm32f10x_hd.o(.text) referenced from startup_stm32f10x_hd.o(RESET)
 <LI><a href="#[87]">ADC3_IRQHandler</a> from startup_stm32f10x_hd.o(.text) referenced from startup_stm32f10x_hd.o(RESET)
 <LI><a href="#[52]">BusFault_Handler</a> from stm32f10x_it.o(.text) referenced from startup_stm32f10x_hd.o(RESET)
 <LI><a href="#[6d]">CAN1_RX1_IRQHandler</a> from startup_stm32f10x_hd.o(.text) referenced from startup_stm32f10x_hd.o(RESET)
 <LI><a href="#[6e]">CAN1_SCE_IRQHandler</a> from startup_stm32f10x_hd.o(.text) referenced from startup_stm32f10x_hd.o(RESET)
 <LI><a href="#[63]">DMA1_Channel1_IRQHandler</a> from startup_stm32f10x_hd.o(.text) referenced from startup_stm32f10x_hd.o(RESET)
 <LI><a href="#[64]">DMA1_Channel2_IRQHandler</a> from startup_stm32f10x_hd.o(.text) referenced from startup_stm32f10x_hd.o(RESET)
 <LI><a href="#[65]">DMA1_Channel3_IRQHandler</a> from startup_stm32f10x_hd.o(.text) referenced from startup_stm32f10x_hd.o(RESET)
 <LI><a href="#[66]">DMA1_Channel4_IRQHandler</a> from startup_stm32f10x_hd.o(.text) referenced from startup_stm32f10x_hd.o(RESET)
 <LI><a href="#[67]">DMA1_Channel5_IRQHandler</a> from startup_stm32f10x_hd.o(.text) referenced from startup_stm32f10x_hd.o(RESET)
 <LI><a href="#[68]">DMA1_Channel6_IRQHandler</a> from startup_stm32f10x_hd.o(.text) referenced from startup_stm32f10x_hd.o(RESET)
 <LI><a href="#[69]">DMA1_Channel7_IRQHandler</a> from startup_stm32f10x_hd.o(.text) referenced from startup_stm32f10x_hd.o(RESET)
 <LI><a href="#[90]">DMA2_Channel1_IRQHandler</a> from startup_stm32f10x_hd.o(.text) referenced from startup_stm32f10x_hd.o(RESET)
 <LI><a href="#[91]">DMA2_Channel2_IRQHandler</a> from startup_stm32f10x_hd.o(.text) referenced from startup_stm32f10x_hd.o(RESET)
 <LI><a href="#[92]">DMA2_Channel3_IRQHandler</a> from startup_stm32f10x_hd.o(.text) referenced from startup_stm32f10x_hd.o(RESET)
 <LI><a href="#[93]">DMA2_Channel4_5_IRQHandler</a> from startup_stm32f10x_hd.o(.text) referenced from startup_stm32f10x_hd.o(RESET)
 <LI><a href="#[55]">DebugMon_Handler</a> from stm32f10x_it.o(.text) referenced from startup_stm32f10x_hd.o(RESET)
 <LI><a href="#[4c]">DisMenuCommunicateDown</a> from ui.o(.text) referenced 2 times from ui.o(.data)
 <LI><a href="#[4a]">DisMenuCommunicateEnter</a> from ui.o(.text) referenced 2 times from ui.o(.data)
 <LI><a href="#[48]">DisMenuCommunicateInit</a> from ui.o(.text) referenced 2 times from ui.o(.data)
 <LI><a href="#[4d]">DisMenuCommunicateReturn</a> from ui.o(.text) referenced 2 times from ui.o(.data)
 <LI><a href="#[49]">DisMenuCommunicateSet</a> from ui.o(.text) referenced 2 times from ui.o(.data)
 <LI><a href="#[4b]">DisMenuCommunicateUp</a> from ui.o(.text) referenced 2 times from ui.o(.data)
 <LI><a href="#[10]">DisMenuDevAdrDown</a> from ui.o(.text) referenced 2 times from ui.o(.data)
 <LI><a href="#[e]">DisMenuDevAdrEnter</a> from ui.o(.text) referenced 2 times from ui.o(.data)
 <LI><a href="#[c]">DisMenuDevAdrInit</a> from ui.o(.text) referenced 2 times from ui.o(.data)
 <LI><a href="#[11]">DisMenuDevAdrReturn</a> from ui.o(.text) referenced 2 times from ui.o(.data)
 <LI><a href="#[d]">DisMenuDevAdrSet</a> from ui.o(.text) referenced 2 times from ui.o(.data)
 <LI><a href="#[f]">DisMenuDevAdrUp</a> from ui.o(.text) referenced 2 times from ui.o(.data)
 <LI><a href="#[1c]">DisMenuDevIPDown</a> from ui.o(.text) referenced 2 times from ui.o(.data)
 <LI><a href="#[1a]">DisMenuDevIPEnter</a> from ui.o(.text) referenced 2 times from ui.o(.data)
 <LI><a href="#[18]">DisMenuDevIPInit</a> from ui.o(.text) referenced 2 times from ui.o(.data)
 <LI><a href="#[1d]">DisMenuDevIPReturn</a> from ui.o(.text) referenced 2 times from ui.o(.data)
 <LI><a href="#[19]">DisMenuDevIPSet</a> from ui.o(.text) referenced 2 times from ui.o(.data)
 <LI><a href="#[1b]">DisMenuDevIPUp</a> from ui.o(.text) referenced 2 times from ui.o(.data)
 <LI><a href="#[22]">DisMenuDevPortDown</a> from ui.o(.text) referenced 2 times from ui.o(.data)
 <LI><a href="#[20]">DisMenuDevPortEnter</a> from ui.o(.text) referenced 2 times from ui.o(.data)
 <LI><a href="#[1e]">DisMenuDevPortInit</a> from ui.o(.text) referenced 2 times from ui.o(.data)
 <LI><a href="#[23]">DisMenuDevPortReturn</a> from ui.o(.text) referenced 2 times from ui.o(.data)
 <LI><a href="#[1f]">DisMenuDevPortSet</a> from ui.o(.text) referenced 2 times from ui.o(.data)
 <LI><a href="#[21]">DisMenuDevPortUp</a> from ui.o(.text) referenced 2 times from ui.o(.data)
 <LI><a href="#[28]">DisMenuDevRs485Adr1Down</a> from ui.o(.text) referenced 2 times from ui.o(.data)
 <LI><a href="#[26]">DisMenuDevRs485Adr1Enter</a> from ui.o(.text) referenced 2 times from ui.o(.data)
 <LI><a href="#[24]">DisMenuDevRs485Adr1Init</a> from ui.o(.text) referenced 2 times from ui.o(.data)
 <LI><a href="#[29]">DisMenuDevRs485Adr1Return</a> from ui.o(.text) referenced 2 times from ui.o(.data)
 <LI><a href="#[25]">DisMenuDevRs485Adr1Set</a> from ui.o(.text) referenced 2 times from ui.o(.data)
 <LI><a href="#[27]">DisMenuDevRs485Adr1Up</a> from ui.o(.text) referenced 2 times from ui.o(.data)
 <LI><a href="#[2e]">DisMenuDevRs485Adr2Down</a> from ui.o(.text) referenced 2 times from ui.o(.data)
 <LI><a href="#[2c]">DisMenuDevRs485Adr2Enter</a> from ui.o(.text) referenced 2 times from ui.o(.data)
 <LI><a href="#[2a]">DisMenuDevRs485Adr2Init</a> from ui.o(.text) referenced 2 times from ui.o(.data)
 <LI><a href="#[2f]">DisMenuDevRs485Adr2Return</a> from ui.o(.text) referenced 2 times from ui.o(.data)
 <LI><a href="#[2b]">DisMenuDevRs485Adr2Set</a> from ui.o(.text) referenced 2 times from ui.o(.data)
 <LI><a href="#[2d]">DisMenuDevRs485Adr2Up</a> from ui.o(.text) referenced 2 times from ui.o(.data)
 <LI><a href="#[34]">DisMenuDevRs485Adr3Down</a> from ui.o(.text) referenced 2 times from ui.o(.data)
 <LI><a href="#[32]">DisMenuDevRs485Adr3Enter</a> from ui.o(.text) referenced 2 times from ui.o(.data)
 <LI><a href="#[30]">DisMenuDevRs485Adr3Init</a> from ui.o(.text) referenced 2 times from ui.o(.data)
 <LI><a href="#[35]">DisMenuDevRs485Adr3Return</a> from ui.o(.text) referenced 2 times from ui.o(.data)
 <LI><a href="#[31]">DisMenuDevRs485Adr3Set</a> from ui.o(.text) referenced 2 times from ui.o(.data)
 <LI><a href="#[33]">DisMenuDevRs485Adr3Up</a> from ui.o(.text) referenced 2 times from ui.o(.data)
 <LI><a href="#[3a]">DisMenuDevRs485Adr4Down</a> from ui.o(.text) referenced 2 times from ui.o(.data)
 <LI><a href="#[38]">DisMenuDevRs485Adr4Enter</a> from ui.o(.text) referenced 2 times from ui.o(.data)
 <LI><a href="#[36]">DisMenuDevRs485Adr4Init</a> from ui.o(.text) referenced 2 times from ui.o(.data)
 <LI><a href="#[3b]">DisMenuDevRs485Adr4Return</a> from ui.o(.text) referenced 2 times from ui.o(.data)
 <LI><a href="#[37]">DisMenuDevRs485Adr4Set</a> from ui.o(.text) referenced 2 times from ui.o(.data)
 <LI><a href="#[39]">DisMenuDevRs485Adr4Up</a> from ui.o(.text) referenced 2 times from ui.o(.data)
 <LI><a href="#[40]">DisMenuDevRs485Adr5Down</a> from ui.o(.text) referenced 2 times from ui.o(.data)
 <LI><a href="#[3e]">DisMenuDevRs485Adr5Enter</a> from ui.o(.text) referenced 2 times from ui.o(.data)
 <LI><a href="#[3c]">DisMenuDevRs485Adr5Init</a> from ui.o(.text) referenced 2 times from ui.o(.data)
 <LI><a href="#[41]">DisMenuDevRs485Adr5Return</a> from ui.o(.text) referenced 2 times from ui.o(.data)
 <LI><a href="#[3d]">DisMenuDevRs485Adr5Set</a> from ui.o(.text) referenced 2 times from ui.o(.data)
 <LI><a href="#[3f]">DisMenuDevRs485Adr5Up</a> from ui.o(.text) referenced 2 times from ui.o(.data)
 <LI><a href="#[16]">DisMenuDevTimeDown</a> from ui.o(.text) referenced 2 times from ui.o(.data)
 <LI><a href="#[14]">DisMenuDevTimeEnter</a> from ui.o(.text) referenced 2 times from ui.o(.data)
 <LI><a href="#[12]">DisMenuDevTimeInit</a> from ui.o(.text) referenced 2 times from ui.o(.data)
 <LI><a href="#[17]">DisMenuDevTimeReturn</a> from ui.o(.text) referenced 2 times from ui.o(.data)
 <LI><a href="#[13]">DisMenuDevTimeSet</a> from ui.o(.text) referenced 2 times from ui.o(.data)
 <LI><a href="#[15]">DisMenuDevTimeUp</a> from ui.o(.text) referenced 2 times from ui.o(.data)
 <LI><a href="#[a]">DisMenuLevel0Down</a> from ui.o(.text) referenced 2 times from ui.o(.data)
 <LI><a href="#[8]">DisMenuLevel0Enter</a> from ui.o(.text) referenced 2 times from ui.o(.data)
 <LI><a href="#[6]">DisMenuLevel0Init</a> from ui.o(.text) referenced 2 times from ui.o(.data)
 <LI><a href="#[b]">DisMenuLevel0Return</a> from ui.o(.text) referenced 2 times from ui.o(.data)
 <LI><a href="#[7]">DisMenuLevel0Set</a> from ui.o(.text) referenced 2 times from ui.o(.data)
 <LI><a href="#[9]">DisMenuLevel0Up</a> from ui.o(.text) referenced 2 times from ui.o(.data)
 <LI><a href="#[46]">DisMenuResetFacDown</a> from ui.o(.text) referenced 2 times from ui.o(.data)
 <LI><a href="#[44]">DisMenuResetFacEnter</a> from ui.o(.text) referenced 2 times from ui.o(.data)
 <LI><a href="#[42]">DisMenuResetFacInit</a> from ui.o(.text) referenced 2 times from ui.o(.data)
 <LI><a href="#[47]">DisMenuResetFacReturn</a> from ui.o(.text) referenced 2 times from ui.o(.data)
 <LI><a href="#[43]">DisMenuResetFacSet</a> from ui.o(.text) referenced 2 times from ui.o(.data)
 <LI><a href="#[45]">DisMenuResetFacUp</a> from ui.o(.text) referenced 2 times from ui.o(.data)
 <LI><a href="#[4]">DisMenuTopDown</a> from ui.o(.text) referenced 2 times from ui.o(.data)
 <LI><a href="#[2]">DisMenuTopEnter</a> from ui.o(.text) referenced 2 times from ui.o(.data)
 <LI><a href="#[0]">DisMenuTopInit</a> from ui.o(.text) referenced 2 times from ui.o(.data)
 <LI><a href="#[5]">DisMenuTopReturn</a> from ui.o(.text) referenced 2 times from ui.o(.data)
 <LI><a href="#[1]">DisMenuTopSet</a> from ui.o(.text) referenced 2 times from ui.o(.data)
 <LI><a href="#[3]">DisMenuTopUp</a> from ui.o(.text) referenced 2 times from ui.o(.data)
 <LI><a href="#[5e]">EXTI0_IRQHandler</a> from startup_stm32f10x_hd.o(.text) referenced from startup_stm32f10x_hd.o(RESET)
 <LI><a href="#[80]">EXTI15_10_IRQHandler</a> from startup_stm32f10x_hd.o(.text) referenced from startup_stm32f10x_hd.o(RESET)
 <LI><a href="#[5f]">EXTI1_IRQHandler</a> from startup_stm32f10x_hd.o(.text) referenced from startup_stm32f10x_hd.o(RESET)
 <LI><a href="#[60]">EXTI2_IRQHandler</a> from startup_stm32f10x_hd.o(.text) referenced from startup_stm32f10x_hd.o(RESET)
 <LI><a href="#[61]">EXTI3_IRQHandler</a> from startup_stm32f10x_hd.o(.text) referenced from startup_stm32f10x_hd.o(RESET)
 <LI><a href="#[62]">EXTI4_IRQHandler</a> from startup_stm32f10x_hd.o(.text) referenced from startup_stm32f10x_hd.o(RESET)
 <LI><a href="#[6f]">EXTI9_5_IRQHandler</a> from startup_stm32f10x_hd.o(.text) referenced from startup_stm32f10x_hd.o(RESET)
 <LI><a href="#[5c]">FLASH_IRQHandler</a> from startup_stm32f10x_hd.o(.text) referenced from startup_stm32f10x_hd.o(RESET)
 <LI><a href="#[88]">FSMC_IRQHandler</a> from startup_stm32f10x_hd.o(.text) referenced from startup_stm32f10x_hd.o(RESET)
 <LI><a href="#[50]">HardFault_Handler</a> from stm32f10x_it.o(.text) referenced from startup_stm32f10x_hd.o(RESET)
 <LI><a href="#[78]">I2C1_ER_IRQHandler</a> from startup_stm32f10x_hd.o(.text) referenced from startup_stm32f10x_hd.o(RESET)
 <LI><a href="#[77]">I2C1_EV_IRQHandler</a> from startup_stm32f10x_hd.o(.text) referenced from startup_stm32f10x_hd.o(RESET)
 <LI><a href="#[7a]">I2C2_ER_IRQHandler</a> from startup_stm32f10x_hd.o(.text) referenced from startup_stm32f10x_hd.o(RESET)
 <LI><a href="#[79]">I2C2_EV_IRQHandler</a> from startup_stm32f10x_hd.o(.text) referenced from startup_stm32f10x_hd.o(RESET)
 <LI><a href="#[9a]">IsKeyDn</a> from key.o(.text) referenced from key.o(.text)
 <LI><a href="#[98]">IsKeyEnter</a> from key.o(.text) referenced from key.o(.text)
 <LI><a href="#[97]">IsKeyReturn</a> from key.o(.text) referenced from key.o(.text)
 <LI><a href="#[9b]">IsKeySet</a> from key.o(.text) referenced from key.o(.text)
 <LI><a href="#[99]">IsKeyUp</a> from key.o(.text) referenced from key.o(.text)
 <LI><a href="#[51]">MemManage_Handler</a> from stm32f10x_it.o(.text) referenced from startup_stm32f10x_hd.o(RESET)
 <LI><a href="#[4f]">NMI_Handler</a> from stm32f10x_it.o(.text) referenced from startup_stm32f10x_hd.o(RESET)
 <LI><a href="#[59]">PVD_IRQHandler</a> from startup_stm32f10x_hd.o(.text) referenced from startup_stm32f10x_hd.o(RESET)
 <LI><a href="#[56]">PendSV_Handler</a> from stm32f10x_it.o(.text) referenced from startup_stm32f10x_hd.o(RESET)
 <LI><a href="#[5d]">RCC_IRQHandler</a> from startup_stm32f10x_hd.o(.text) referenced from startup_stm32f10x_hd.o(RESET)
 <LI><a href="#[81]">RTCAlarm_IRQHandler</a> from startup_stm32f10x_hd.o(.text) referenced from startup_stm32f10x_hd.o(RESET)
 <LI><a href="#[5b]">RTC_IRQHandler</a> from stm32f10x_it.o(.text) referenced from startup_stm32f10x_hd.o(RESET)
 <LI><a href="#[4e]">Reset_Handler</a> from startup_stm32f10x_hd.o(.text) referenced from startup_stm32f10x_hd.o(RESET)
 <LI><a href="#[89]">SDIO_IRQHandler</a> from startup_stm32f10x_hd.o(.text) referenced from startup_stm32f10x_hd.o(RESET)
 <LI><a href="#[7b]">SPI1_IRQHandler</a> from startup_stm32f10x_hd.o(.text) referenced from startup_stm32f10x_hd.o(RESET)
 <LI><a href="#[7c]">SPI2_IRQHandler</a> from startup_stm32f10x_hd.o(.text) referenced from startup_stm32f10x_hd.o(RESET)
 <LI><a href="#[8b]">SPI3_IRQHandler</a> from startup_stm32f10x_hd.o(.text) referenced from startup_stm32f10x_hd.o(RESET)
 <LI><a href="#[54]">SVC_Handler</a> from stm32f10x_it.o(.text) referenced from startup_stm32f10x_hd.o(RESET)
 <LI><a href="#[57]">SysTick_Handler</a> from stm32f10x_it.o(.text) referenced from startup_stm32f10x_hd.o(RESET)
 <LI><a href="#[95]">SystemInit_ExtMemCtl</a> from startup_stm32f10x_hd.o(.text) referenced from startup_stm32f10x_hd.o(.text)
 <LI><a href="#[5a]">TAMPER_IRQHandler</a> from startup_stm32f10x_hd.o(.text) referenced from startup_stm32f10x_hd.o(RESET)
 <LI><a href="#[70]">TIM1_BRK_IRQHandler</a> from startup_stm32f10x_hd.o(.text) referenced from startup_stm32f10x_hd.o(RESET)
 <LI><a href="#[73]">TIM1_CC_IRQHandler</a> from startup_stm32f10x_hd.o(.text) referenced from startup_stm32f10x_hd.o(RESET)
 <LI><a href="#[72]">TIM1_TRG_COM_IRQHandler</a> from startup_stm32f10x_hd.o(.text) referenced from startup_stm32f10x_hd.o(RESET)
 <LI><a href="#[71]">TIM1_UP_IRQHandler</a> from startup_stm32f10x_hd.o(.text) referenced from startup_stm32f10x_hd.o(RESET)
 <LI><a href="#[74]">TIM2_IRQHandler</a> from stm32f10x_it.o(.text) referenced from startup_stm32f10x_hd.o(RESET)
 <LI><a href="#[75]">TIM3_IRQHandler</a> from startup_stm32f10x_hd.o(.text) referenced from startup_stm32f10x_hd.o(RESET)
 <LI><a href="#[76]">TIM4_IRQHandler</a> from stm32f10x_it.o(.text) referenced from startup_stm32f10x_hd.o(RESET)
 <LI><a href="#[8a]">TIM5_IRQHandler</a> from startup_stm32f10x_hd.o(.text) referenced from startup_stm32f10x_hd.o(RESET)
 <LI><a href="#[8e]">TIM6_IRQHandler</a> from startup_stm32f10x_hd.o(.text) referenced from startup_stm32f10x_hd.o(RESET)
 <LI><a href="#[8f]">TIM7_IRQHandler</a> from startup_stm32f10x_hd.o(.text) referenced from startup_stm32f10x_hd.o(RESET)
 <LI><a href="#[83]">TIM8_BRK_IRQHandler</a> from startup_stm32f10x_hd.o(.text) referenced from startup_stm32f10x_hd.o(RESET)
 <LI><a href="#[86]">TIM8_CC_IRQHandler</a> from startup_stm32f10x_hd.o(.text) referenced from startup_stm32f10x_hd.o(RESET)
 <LI><a href="#[85]">TIM8_TRG_COM_IRQHandler</a> from startup_stm32f10x_hd.o(.text) referenced from startup_stm32f10x_hd.o(RESET)
 <LI><a href="#[84]">TIM8_UP_IRQHandler</a> from startup_stm32f10x_hd.o(.text) referenced from startup_stm32f10x_hd.o(RESET)
 <LI><a href="#[8c]">UART4_IRQHandler</a> from stm32f10x_it.o(.text) referenced from startup_stm32f10x_hd.o(RESET)
 <LI><a href="#[8d]">UART5_IRQHandler</a> from stm32f10x_it.o(.text) referenced from startup_stm32f10x_hd.o(RESET)
 <LI><a href="#[7d]">USART1_IRQHandler</a> from stm32f10x_it.o(.text) referenced from startup_stm32f10x_hd.o(RESET)
 <LI><a href="#[7e]">USART2_IRQHandler</a> from stm32f10x_it.o(.text) referenced from startup_stm32f10x_hd.o(RESET)
 <LI><a href="#[7f]">USART3_IRQHandler</a> from stm32f10x_it.o(.text) referenced from startup_stm32f10x_hd.o(RESET)
 <LI><a href="#[82]">USBWakeUp_IRQHandler</a> from startup_stm32f10x_hd.o(.text) referenced from startup_stm32f10x_hd.o(RESET)
 <LI><a href="#[6b]">USB_HP_CAN1_TX_IRQHandler</a> from startup_stm32f10x_hd.o(.text) referenced from startup_stm32f10x_hd.o(RESET)
 <LI><a href="#[6c]">USB_LP_CAN1_RX0_IRQHandler</a> from startup_stm32f10x_hd.o(.text) referenced from startup_stm32f10x_hd.o(RESET)
 <LI><a href="#[53]">UsageFault_Handler</a> from stm32f10x_it.o(.text) referenced from startup_stm32f10x_hd.o(RESET)
 <LI><a href="#[58]">WWDG_IRQHandler</a> from watchdog.o(.text) referenced from startup_stm32f10x_hd.o(RESET)
 <LI><a href="#[96]">__main</a> from entry.o(.ARM.Collect$$$$00000000) referenced from startup_stm32f10x_hd.o(.text)
 <LI><a href="#[9d]">_sputc</a> from printf8.o(i._sputc) referenced from printf8.o(i.__0sprintf$8)
 <LI><a href="#[9c]">fputc</a> from usart.o(.text) referenced from printf8.o(i.__0printf$8)
 <LI><a href="#[94]">main</a> from main.o(.text) referenced from entry8.o(.ARM.Collect$$$$00000009)
</UL>
<P>
<H3>
Global Symbols
</H3>
<P><STRONG><a name="[96]"></a>__main</STRONG> (Thumb, 0 bytes, Stack size unknown bytes, entry.o(.ARM.Collect$$$$00000000))
<BR>[Address Reference Count : 1]<UL><LI> startup_stm32f10x_hd.o(.text)
</UL>
<P><STRONG><a name="[1b3]"></a>_main_stk</STRONG> (Thumb, 0 bytes, Stack size unknown bytes, entry2.o(.ARM.Collect$$$$00000001))

<P><STRONG><a name="[9e]"></a>_main_scatterload</STRONG> (Thumb, 0 bytes, Stack size unknown bytes, entry5.o(.ARM.Collect$$$$00000004))
<BR><BR>[Calls]<UL><LI><a href="#[9f]">&gt;&gt;</a>&nbsp;&nbsp;&nbsp;__scatterload
</UL>

<P><STRONG><a name="[1ac]"></a>__main_after_scatterload</STRONG> (Thumb, 0 bytes, Stack size unknown bytes, entry5.o(.ARM.Collect$$$$00000004))
<BR><BR>[Called By]<UL><LI><a href="#[9f]">&gt;&gt;</a>&nbsp;&nbsp;&nbsp;__scatterload
</UL>

<P><STRONG><a name="[1b4]"></a>_main_clock</STRONG> (Thumb, 0 bytes, Stack size unknown bytes, entry7b.o(.ARM.Collect$$$$00000008))

<P><STRONG><a name="[1b5]"></a>_main_init</STRONG> (Thumb, 0 bytes, Stack size unknown bytes, entry8.o(.ARM.Collect$$$$00000009))

<P><STRONG><a name="[95]"></a>SystemInit_ExtMemCtl</STRONG> (Thumb, 2 bytes, Stack size 0 bytes, startup_stm32f10x_hd.o(.text))
<BR>[Address Reference Count : 1]<UL><LI> startup_stm32f10x_hd.o(.text)
</UL>
<P><STRONG><a name="[4e]"></a>Reset_Handler</STRONG> (Thumb, 14 bytes, Stack size 0 bytes, startup_stm32f10x_hd.o(.text))
<BR>[Address Reference Count : 1]<UL><LI> startup_stm32f10x_hd.o(RESET)
</UL>
<P><STRONG><a name="[6a]"></a>ADC1_2_IRQHandler</STRONG> (Thumb, 0 bytes, Stack size 0 bytes, startup_stm32f10x_hd.o(.text))
<BR><BR>[Calls]<UL><LI><a href="#[6a]">&gt;&gt;</a>&nbsp;&nbsp;&nbsp;ADC1_2_IRQHandler
</UL>
<BR>[Called By]<UL><LI><a href="#[6a]">&gt;&gt;</a>&nbsp;&nbsp;&nbsp;ADC1_2_IRQHandler
</UL>
<BR>[Address Reference Count : 1]<UL><LI> startup_stm32f10x_hd.o(RESET)
</UL>
<P><STRONG><a name="[87]"></a>ADC3_IRQHandler</STRONG> (Thumb, 0 bytes, Stack size 0 bytes, startup_stm32f10x_hd.o(.text))
<BR>[Address Reference Count : 1]<UL><LI> startup_stm32f10x_hd.o(RESET)
</UL>
<P><STRONG><a name="[6d]"></a>CAN1_RX1_IRQHandler</STRONG> (Thumb, 0 bytes, Stack size 0 bytes, startup_stm32f10x_hd.o(.text))
<BR>[Address Reference Count : 1]<UL><LI> startup_stm32f10x_hd.o(RESET)
</UL>
<P><STRONG><a name="[6e]"></a>CAN1_SCE_IRQHandler</STRONG> (Thumb, 0 bytes, Stack size 0 bytes, startup_stm32f10x_hd.o(.text))
<BR>[Address Reference Count : 1]<UL><LI> startup_stm32f10x_hd.o(RESET)
</UL>
<P><STRONG><a name="[63]"></a>DMA1_Channel1_IRQHandler</STRONG> (Thumb, 0 bytes, Stack size 0 bytes, startup_stm32f10x_hd.o(.text))
<BR>[Address Reference Count : 1]<UL><LI> startup_stm32f10x_hd.o(RESET)
</UL>
<P><STRONG><a name="[64]"></a>DMA1_Channel2_IRQHandler</STRONG> (Thumb, 0 bytes, Stack size 0 bytes, startup_stm32f10x_hd.o(.text))
<BR>[Address Reference Count : 1]<UL><LI> startup_stm32f10x_hd.o(RESET)
</UL>
<P><STRONG><a name="[65]"></a>DMA1_Channel3_IRQHandler</STRONG> (Thumb, 0 bytes, Stack size 0 bytes, startup_stm32f10x_hd.o(.text))
<BR>[Address Reference Count : 1]<UL><LI> startup_stm32f10x_hd.o(RESET)
</UL>
<P><STRONG><a name="[66]"></a>DMA1_Channel4_IRQHandler</STRONG> (Thumb, 0 bytes, Stack size 0 bytes, startup_stm32f10x_hd.o(.text))
<BR>[Address Reference Count : 1]<UL><LI> startup_stm32f10x_hd.o(RESET)
</UL>
<P><STRONG><a name="[67]"></a>DMA1_Channel5_IRQHandler</STRONG> (Thumb, 0 bytes, Stack size 0 bytes, startup_stm32f10x_hd.o(.text))
<BR>[Address Reference Count : 1]<UL><LI> startup_stm32f10x_hd.o(RESET)
</UL>
<P><STRONG><a name="[68]"></a>DMA1_Channel6_IRQHandler</STRONG> (Thumb, 0 bytes, Stack size 0 bytes, startup_stm32f10x_hd.o(.text))
<BR>[Address Reference Count : 1]<UL><LI> startup_stm32f10x_hd.o(RESET)
</UL>
<P><STRONG><a name="[69]"></a>DMA1_Channel7_IRQHandler</STRONG> (Thumb, 0 bytes, Stack size 0 bytes, startup_stm32f10x_hd.o(.text))
<BR>[Address Reference Count : 1]<UL><LI> startup_stm32f10x_hd.o(RESET)
</UL>
<P><STRONG><a name="[90]"></a>DMA2_Channel1_IRQHandler</STRONG> (Thumb, 0 bytes, Stack size 0 bytes, startup_stm32f10x_hd.o(.text))
<BR>[Address Reference Count : 1]<UL><LI> startup_stm32f10x_hd.o(RESET)
</UL>
<P><STRONG><a name="[91]"></a>DMA2_Channel2_IRQHandler</STRONG> (Thumb, 0 bytes, Stack size 0 bytes, startup_stm32f10x_hd.o(.text))
<BR>[Address Reference Count : 1]<UL><LI> startup_stm32f10x_hd.o(RESET)
</UL>
<P><STRONG><a name="[92]"></a>DMA2_Channel3_IRQHandler</STRONG> (Thumb, 0 bytes, Stack size 0 bytes, startup_stm32f10x_hd.o(.text))
<BR>[Address Reference Count : 1]<UL><LI> startup_stm32f10x_hd.o(RESET)
</UL>
<P><STRONG><a name="[93]"></a>DMA2_Channel4_5_IRQHandler</STRONG> (Thumb, 0 bytes, Stack size 0 bytes, startup_stm32f10x_hd.o(.text))
<BR>[Address Reference Count : 1]<UL><LI> startup_stm32f10x_hd.o(RESET)
</UL>
<P><STRONG><a name="[5e]"></a>EXTI0_IRQHandler</STRONG> (Thumb, 0 bytes, Stack size 0 bytes, startup_stm32f10x_hd.o(.text))
<BR>[Address Reference Count : 1]<UL><LI> startup_stm32f10x_hd.o(RESET)
</UL>
<P><STRONG><a name="[80]"></a>EXTI15_10_IRQHandler</STRONG> (Thumb, 0 bytes, Stack size 0 bytes, startup_stm32f10x_hd.o(.text))
<BR>[Address Reference Count : 1]<UL><LI> startup_stm32f10x_hd.o(RESET)
</UL>
<P><STRONG><a name="[5f]"></a>EXTI1_IRQHandler</STRONG> (Thumb, 0 bytes, Stack size 0 bytes, startup_stm32f10x_hd.o(.text))
<BR>[Address Reference Count : 1]<UL><LI> startup_stm32f10x_hd.o(RESET)
</UL>
<P><STRONG><a name="[60]"></a>EXTI2_IRQHandler</STRONG> (Thumb, 0 bytes, Stack size 0 bytes, startup_stm32f10x_hd.o(.text))
<BR>[Address Reference Count : 1]<UL><LI> startup_stm32f10x_hd.o(RESET)
</UL>
<P><STRONG><a name="[61]"></a>EXTI3_IRQHandler</STRONG> (Thumb, 0 bytes, Stack size 0 bytes, startup_stm32f10x_hd.o(.text))
<BR>[Address Reference Count : 1]<UL><LI> startup_stm32f10x_hd.o(RESET)
</UL>
<P><STRONG><a name="[62]"></a>EXTI4_IRQHandler</STRONG> (Thumb, 0 bytes, Stack size 0 bytes, startup_stm32f10x_hd.o(.text))
<BR>[Address Reference Count : 1]<UL><LI> startup_stm32f10x_hd.o(RESET)
</UL>
<P><STRONG><a name="[6f]"></a>EXTI9_5_IRQHandler</STRONG> (Thumb, 0 bytes, Stack size 0 bytes, startup_stm32f10x_hd.o(.text))
<BR>[Address Reference Count : 1]<UL><LI> startup_stm32f10x_hd.o(RESET)
</UL>
<P><STRONG><a name="[5c]"></a>FLASH_IRQHandler</STRONG> (Thumb, 0 bytes, Stack size 0 bytes, startup_stm32f10x_hd.o(.text))
<BR>[Address Reference Count : 1]<UL><LI> startup_stm32f10x_hd.o(RESET)
</UL>
<P><STRONG><a name="[88]"></a>FSMC_IRQHandler</STRONG> (Thumb, 0 bytes, Stack size 0 bytes, startup_stm32f10x_hd.o(.text))
<BR>[Address Reference Count : 1]<UL><LI> startup_stm32f10x_hd.o(RESET)
</UL>
<P><STRONG><a name="[78]"></a>I2C1_ER_IRQHandler</STRONG> (Thumb, 0 bytes, Stack size 0 bytes, startup_stm32f10x_hd.o(.text))
<BR>[Address Reference Count : 1]<UL><LI> startup_stm32f10x_hd.o(RESET)
</UL>
<P><STRONG><a name="[77]"></a>I2C1_EV_IRQHandler</STRONG> (Thumb, 0 bytes, Stack size 0 bytes, startup_stm32f10x_hd.o(.text))
<BR>[Address Reference Count : 1]<UL><LI> startup_stm32f10x_hd.o(RESET)
</UL>
<P><STRONG><a name="[7a]"></a>I2C2_ER_IRQHandler</STRONG> (Thumb, 0 bytes, Stack size 0 bytes, startup_stm32f10x_hd.o(.text))
<BR>[Address Reference Count : 1]<UL><LI> startup_stm32f10x_hd.o(RESET)
</UL>
<P><STRONG><a name="[79]"></a>I2C2_EV_IRQHandler</STRONG> (Thumb, 0 bytes, Stack size 0 bytes, startup_stm32f10x_hd.o(.text))
<BR>[Address Reference Count : 1]<UL><LI> startup_stm32f10x_hd.o(RESET)
</UL>
<P><STRONG><a name="[59]"></a>PVD_IRQHandler</STRONG> (Thumb, 0 bytes, Stack size 0 bytes, startup_stm32f10x_hd.o(.text))
<BR>[Address Reference Count : 1]<UL><LI> startup_stm32f10x_hd.o(RESET)
</UL>
<P><STRONG><a name="[5d]"></a>RCC_IRQHandler</STRONG> (Thumb, 0 bytes, Stack size 0 bytes, startup_stm32f10x_hd.o(.text))
<BR>[Address Reference Count : 1]<UL><LI> startup_stm32f10x_hd.o(RESET)
</UL>
<P><STRONG><a name="[81]"></a>RTCAlarm_IRQHandler</STRONG> (Thumb, 0 bytes, Stack size 0 bytes, startup_stm32f10x_hd.o(.text))
<BR>[Address Reference Count : 1]<UL><LI> startup_stm32f10x_hd.o(RESET)
</UL>
<P><STRONG><a name="[89]"></a>SDIO_IRQHandler</STRONG> (Thumb, 0 bytes, Stack size 0 bytes, startup_stm32f10x_hd.o(.text))
<BR>[Address Reference Count : 1]<UL><LI> startup_stm32f10x_hd.o(RESET)
</UL>
<P><STRONG><a name="[7b]"></a>SPI1_IRQHandler</STRONG> (Thumb, 0 bytes, Stack size 0 bytes, startup_stm32f10x_hd.o(.text))
<BR>[Address Reference Count : 1]<UL><LI> startup_stm32f10x_hd.o(RESET)
</UL>
<P><STRONG><a name="[7c]"></a>SPI2_IRQHandler</STRONG> (Thumb, 0 bytes, Stack size 0 bytes, startup_stm32f10x_hd.o(.text))
<BR>[Address Reference Count : 1]<UL><LI> startup_stm32f10x_hd.o(RESET)
</UL>
<P><STRONG><a name="[8b]"></a>SPI3_IRQHandler</STRONG> (Thumb, 0 bytes, Stack size 0 bytes, startup_stm32f10x_hd.o(.text))
<BR>[Address Reference Count : 1]<UL><LI> startup_stm32f10x_hd.o(RESET)
</UL>
<P><STRONG><a name="[5a]"></a>TAMPER_IRQHandler</STRONG> (Thumb, 0 bytes, Stack size 0 bytes, startup_stm32f10x_hd.o(.text))
<BR>[Address Reference Count : 1]<UL><LI> startup_stm32f10x_hd.o(RESET)
</UL>
<P><STRONG><a name="[70]"></a>TIM1_BRK_IRQHandler</STRONG> (Thumb, 0 bytes, Stack size 0 bytes, startup_stm32f10x_hd.o(.text))
<BR>[Address Reference Count : 1]<UL><LI> startup_stm32f10x_hd.o(RESET)
</UL>
<P><STRONG><a name="[73]"></a>TIM1_CC_IRQHandler</STRONG> (Thumb, 0 bytes, Stack size 0 bytes, startup_stm32f10x_hd.o(.text))
<BR>[Address Reference Count : 1]<UL><LI> startup_stm32f10x_hd.o(RESET)
</UL>
<P><STRONG><a name="[72]"></a>TIM1_TRG_COM_IRQHandler</STRONG> (Thumb, 0 bytes, Stack size 0 bytes, startup_stm32f10x_hd.o(.text))
<BR>[Address Reference Count : 1]<UL><LI> startup_stm32f10x_hd.o(RESET)
</UL>
<P><STRONG><a name="[71]"></a>TIM1_UP_IRQHandler</STRONG> (Thumb, 0 bytes, Stack size 0 bytes, startup_stm32f10x_hd.o(.text))
<BR>[Address Reference Count : 1]<UL><LI> startup_stm32f10x_hd.o(RESET)
</UL>
<P><STRONG><a name="[75]"></a>TIM3_IRQHandler</STRONG> (Thumb, 0 bytes, Stack size 0 bytes, startup_stm32f10x_hd.o(.text))
<BR>[Address Reference Count : 1]<UL><LI> startup_stm32f10x_hd.o(RESET)
</UL>
<P><STRONG><a name="[8a]"></a>TIM5_IRQHandler</STRONG> (Thumb, 0 bytes, Stack size 0 bytes, startup_stm32f10x_hd.o(.text))
<BR>[Address Reference Count : 1]<UL><LI> startup_stm32f10x_hd.o(RESET)
</UL>
<P><STRONG><a name="[8e]"></a>TIM6_IRQHandler</STRONG> (Thumb, 0 bytes, Stack size 0 bytes, startup_stm32f10x_hd.o(.text))
<BR>[Address Reference Count : 1]<UL><LI> startup_stm32f10x_hd.o(RESET)
</UL>
<P><STRONG><a name="[8f]"></a>TIM7_IRQHandler</STRONG> (Thumb, 0 bytes, Stack size 0 bytes, startup_stm32f10x_hd.o(.text))
<BR>[Address Reference Count : 1]<UL><LI> startup_stm32f10x_hd.o(RESET)
</UL>
<P><STRONG><a name="[83]"></a>TIM8_BRK_IRQHandler</STRONG> (Thumb, 0 bytes, Stack size 0 bytes, startup_stm32f10x_hd.o(.text))
<BR>[Address Reference Count : 1]<UL><LI> startup_stm32f10x_hd.o(RESET)
</UL>
<P><STRONG><a name="[86]"></a>TIM8_CC_IRQHandler</STRONG> (Thumb, 0 bytes, Stack size 0 bytes, startup_stm32f10x_hd.o(.text))
<BR>[Address Reference Count : 1]<UL><LI> startup_stm32f10x_hd.o(RESET)
</UL>
<P><STRONG><a name="[85]"></a>TIM8_TRG_COM_IRQHandler</STRONG> (Thumb, 0 bytes, Stack size 0 bytes, startup_stm32f10x_hd.o(.text))
<BR>[Address Reference Count : 1]<UL><LI> startup_stm32f10x_hd.o(RESET)
</UL>
<P><STRONG><a name="[84]"></a>TIM8_UP_IRQHandler</STRONG> (Thumb, 0 bytes, Stack size 0 bytes, startup_stm32f10x_hd.o(.text))
<BR>[Address Reference Count : 1]<UL><LI> startup_stm32f10x_hd.o(RESET)
</UL>
<P><STRONG><a name="[82]"></a>USBWakeUp_IRQHandler</STRONG> (Thumb, 0 bytes, Stack size 0 bytes, startup_stm32f10x_hd.o(.text))
<BR>[Address Reference Count : 1]<UL><LI> startup_stm32f10x_hd.o(RESET)
</UL>
<P><STRONG><a name="[6b]"></a>USB_HP_CAN1_TX_IRQHandler</STRONG> (Thumb, 0 bytes, Stack size 0 bytes, startup_stm32f10x_hd.o(.text))
<BR>[Address Reference Count : 1]<UL><LI> startup_stm32f10x_hd.o(RESET)
</UL>
<P><STRONG><a name="[6c]"></a>USB_LP_CAN1_RX0_IRQHandler</STRONG> (Thumb, 0 bytes, Stack size 0 bytes, startup_stm32f10x_hd.o(.text))
<BR>[Address Reference Count : 1]<UL><LI> startup_stm32f10x_hd.o(RESET)
</UL>
<P><STRONG><a name="[94]"></a>main</STRONG> (Thumb, 196 bytes, Stack size 0 bytes, main.o(.text))
<BR><BR>[Stack]<UL><LI>Max Depth = 112<LI>Call Chain = main &rArr; DisMenuTopInit &rArr; ui_flush_idle_display &rArr; LCD_ShowString &rArr; LCD_CHN &rArr; LCD_Point
</UL>
<BR>[Calls]<UL><LI><a href="#[b9]">&gt;&gt;</a>&nbsp;&nbsp;&nbsp;ui_flush_idle_display
<LI><a href="#[a2]">&gt;&gt;</a>&nbsp;&nbsp;&nbsp;time_init
<LI><a href="#[aa]">&gt;&gt;</a>&nbsp;&nbsp;&nbsp;storage_init
<LI><a href="#[b0]">&gt;&gt;</a>&nbsp;&nbsp;&nbsp;rs485_rs3_init
<LI><a href="#[af]">&gt;&gt;</a>&nbsp;&nbsp;&nbsp;rs485_rs2_init
<LI><a href="#[a1]">&gt;&gt;</a>&nbsp;&nbsp;&nbsp;delay_init
<LI><a href="#[ad]">&gt;&gt;</a>&nbsp;&nbsp;&nbsp;USART_Initial
<LI><a href="#[b6]">&gt;&gt;</a>&nbsp;&nbsp;&nbsp;TimerStart
<LI><a href="#[ae]">&gt;&gt;</a>&nbsp;&nbsp;&nbsp;TIM_Initial
<LI><a href="#[a0]">&gt;&gt;</a>&nbsp;&nbsp;&nbsp;SystemInit
<LI><a href="#[b4]">&gt;&gt;</a>&nbsp;&nbsp;&nbsp;SPI_FLASH_ReadID
<LI><a href="#[b3]">&gt;&gt;</a>&nbsp;&nbsp;&nbsp;SPI_FLASH_ReadDeviceID
<LI><a href="#[a9]">&gt;&gt;</a>&nbsp;&nbsp;&nbsp;SPI_FLASH_Init
<LI><a href="#[a3]">&gt;&gt;</a>&nbsp;&nbsp;&nbsp;RTC_Init
<LI><a href="#[b8]">&gt;&gt;</a>&nbsp;&nbsp;&nbsp;RS485rs2Proc
<LI><a href="#[a7]">&gt;&gt;</a>&nbsp;&nbsp;&nbsp;LED_Initial
<LI><a href="#[ab]">&gt;&gt;</a>&nbsp;&nbsp;&nbsp;LCD_Initial
<LI><a href="#[b7]">&gt;&gt;</a>&nbsp;&nbsp;&nbsp;KeyProc
<LI><a href="#[a8]">&gt;&gt;</a>&nbsp;&nbsp;&nbsp;KEY_Initial
<LI><a href="#[a5]">&gt;&gt;</a>&nbsp;&nbsp;&nbsp;IO_Initial
<LI><a href="#[b2]">&gt;&gt;</a>&nbsp;&nbsp;&nbsp;GPRS_StartUp
<LI><a href="#[ac]">&gt;&gt;</a>&nbsp;&nbsp;&nbsp;GPRS_Initial
<LI><a href="#[0]">&gt;&gt;</a>&nbsp;&nbsp;&nbsp;DisMenuTopInit
<LI><a href="#[a6]">&gt;&gt;</a>&nbsp;&nbsp;&nbsp;DS18B20_Initial
<LI><a href="#[a4]">&gt;&gt;</a>&nbsp;&nbsp;&nbsp;BUZZ_Initial
<LI><a href="#[b1]">&gt;&gt;</a>&nbsp;&nbsp;&nbsp;ADC1_Init
<LI><a href="#[b5]">&gt;&gt;</a>&nbsp;&nbsp;&nbsp;__2printf
</UL>
<BR>[Address Reference Count : 1]<UL><LI> entry8.o(.ARM.Collect$$$$00000009)
</UL>
<P><STRONG><a name="[4f]"></a>NMI_Handler</STRONG> (Thumb, 2 bytes, Stack size 0 bytes, stm32f10x_it.o(.text))
<BR>[Address Reference Count : 1]<UL><LI> startup_stm32f10x_hd.o(RESET)
</UL>
<P><STRONG><a name="[50]"></a>HardFault_Handler</STRONG> (Thumb, 4 bytes, Stack size 0 bytes, stm32f10x_it.o(.text))
<BR>[Address Reference Count : 1]<UL><LI> startup_stm32f10x_hd.o(RESET)
</UL>
<P><STRONG><a name="[51]"></a>MemManage_Handler</STRONG> (Thumb, 4 bytes, Stack size 0 bytes, stm32f10x_it.o(.text))
<BR>[Address Reference Count : 1]<UL><LI> startup_stm32f10x_hd.o(RESET)
</UL>
<P><STRONG><a name="[52]"></a>BusFault_Handler</STRONG> (Thumb, 4 bytes, Stack size 0 bytes, stm32f10x_it.o(.text))
<BR>[Address Reference Count : 1]<UL><LI> startup_stm32f10x_hd.o(RESET)
</UL>
<P><STRONG><a name="[53]"></a>UsageFault_Handler</STRONG> (Thumb, 4 bytes, Stack size 0 bytes, stm32f10x_it.o(.text))
<BR>[Address Reference Count : 1]<UL><LI> startup_stm32f10x_hd.o(RESET)
</UL>
<P><STRONG><a name="[54]"></a>SVC_Handler</STRONG> (Thumb, 2 bytes, Stack size 0 bytes, stm32f10x_it.o(.text))
<BR>[Address Reference Count : 1]<UL><LI> startup_stm32f10x_hd.o(RESET)
</UL>
<P><STRONG><a name="[55]"></a>DebugMon_Handler</STRONG> (Thumb, 2 bytes, Stack size 0 bytes, stm32f10x_it.o(.text))
<BR>[Address Reference Count : 1]<UL><LI> startup_stm32f10x_hd.o(RESET)
</UL>
<P><STRONG><a name="[56]"></a>PendSV_Handler</STRONG> (Thumb, 2 bytes, Stack size 0 bytes, stm32f10x_it.o(.text))
<BR>[Address Reference Count : 1]<UL><LI> startup_stm32f10x_hd.o(RESET)
</UL>
<P><STRONG><a name="[57]"></a>SysTick_Handler</STRONG> (Thumb, 2 bytes, Stack size 0 bytes, stm32f10x_it.o(.text))
<BR>[Address Reference Count : 1]<UL><LI> startup_stm32f10x_hd.o(RESET)
</UL>
<P><STRONG><a name="[7d]"></a>USART1_IRQHandler</STRONG> (Thumb, 12 bytes, Stack size 8 bytes, stm32f10x_it.o(.text))
<BR><BR>[Stack]<UL><LI>Max Depth = 8<LI>Call Chain = USART1_IRQHandler
</UL>
<BR>[Calls]<UL><LI><a href="#[ba]">&gt;&gt;</a>&nbsp;&nbsp;&nbsp;USART_GetFlagStatus
</UL>
<BR>[Address Reference Count : 1]<UL><LI> startup_stm32f10x_hd.o(RESET)
</UL>
<P><STRONG><a name="[7e]"></a>USART2_IRQHandler</STRONG> (Thumb, 112 bytes, Stack size 8 bytes, stm32f10x_it.o(.text))
<BR><BR>[Stack]<UL><LI>Max Depth = 8<LI>Call Chain = USART2_IRQHandler
</UL>
<BR>[Calls]<UL><LI><a href="#[bb]">&gt;&gt;</a>&nbsp;&nbsp;&nbsp;USART_ReceiveData
<LI><a href="#[ba]">&gt;&gt;</a>&nbsp;&nbsp;&nbsp;USART_GetFlagStatus
</UL>
<BR>[Address Reference Count : 1]<UL><LI> startup_stm32f10x_hd.o(RESET)
</UL>
<P><STRONG><a name="[7f]"></a>USART3_IRQHandler</STRONG> (Thumb, 54 bytes, Stack size 8 bytes, stm32f10x_it.o(.text))
<BR><BR>[Stack]<UL><LI>Max Depth = 8<LI>Call Chain = USART3_IRQHandler
</UL>
<BR>[Calls]<UL><LI><a href="#[bb]">&gt;&gt;</a>&nbsp;&nbsp;&nbsp;USART_ReceiveData
<LI><a href="#[ba]">&gt;&gt;</a>&nbsp;&nbsp;&nbsp;USART_GetFlagStatus
</UL>
<BR>[Address Reference Count : 1]<UL><LI> startup_stm32f10x_hd.o(RESET)
</UL>
<P><STRONG><a name="[8c]"></a>UART4_IRQHandler</STRONG> (Thumb, 580 bytes, Stack size 8 bytes, stm32f10x_it.o(.text))
<BR><BR>[Stack]<UL><LI>Max Depth = 8<LI>Call Chain = UART4_IRQHandler
</UL>
<BR>[Calls]<UL><LI><a href="#[bd]">&gt;&gt;</a>&nbsp;&nbsp;&nbsp;bcd_to_hex
<LI><a href="#[bb]">&gt;&gt;</a>&nbsp;&nbsp;&nbsp;USART_ReceiveData
<LI><a href="#[ba]">&gt;&gt;</a>&nbsp;&nbsp;&nbsp;USART_GetFlagStatus
<LI><a href="#[bc]">&gt;&gt;</a>&nbsp;&nbsp;&nbsp;GPIO_SetBits
</UL>
<BR>[Address Reference Count : 1]<UL><LI> startup_stm32f10x_hd.o(RESET)
</UL>
<P><STRONG><a name="[8d]"></a>UART5_IRQHandler</STRONG> (Thumb, 12 bytes, Stack size 8 bytes, stm32f10x_it.o(.text))
<BR><BR>[Stack]<UL><LI>Max Depth = 8<LI>Call Chain = UART5_IRQHandler
</UL>
<BR>[Calls]<UL><LI><a href="#[ba]">&gt;&gt;</a>&nbsp;&nbsp;&nbsp;USART_GetFlagStatus
</UL>
<BR>[Address Reference Count : 1]<UL><LI> startup_stm32f10x_hd.o(RESET)
</UL>
<P><STRONG><a name="[74]"></a>TIM2_IRQHandler</STRONG> (Thumb, 848 bytes, Stack size 8 bytes, stm32f10x_it.o(.text))
<BR><BR>[Stack]<UL><LI>Max Depth = 416<LI>Call Chain = TIM2_IRQHandler &rArr; processUserTimerOut &rArr; ProcessIncomingSMS &rArr; ParseStringByToken
</UL>
<BR>[Calls]<UL><LI><a href="#[c1]">&gt;&gt;</a>&nbsp;&nbsp;&nbsp;processUserTimerOut
<LI><a href="#[be]">&gt;&gt;</a>&nbsp;&nbsp;&nbsp;TIM_GetITStatus
<LI><a href="#[bf]">&gt;&gt;</a>&nbsp;&nbsp;&nbsp;TIM_ClearITPendingBit
<LI><a href="#[c0]">&gt;&gt;</a>&nbsp;&nbsp;&nbsp;KEY_Scan
</UL>
<BR>[Address Reference Count : 1]<UL><LI> startup_stm32f10x_hd.o(RESET)
</UL>
<P><STRONG><a name="[76]"></a>TIM4_IRQHandler</STRONG> (Thumb, 26 bytes, Stack size 8 bytes, stm32f10x_it.o(.text))
<BR><BR>[Stack]<UL><LI>Max Depth = 244<LI>Call Chain = TIM4_IRQHandler &rArr; GprsProc &rArr; processATCnf &rArr; processATCnfData &rArr; RxAnlyse &rArr; USART_printf &rArr; itoa
</UL>
<BR>[Calls]<UL><LI><a href="#[be]">&gt;&gt;</a>&nbsp;&nbsp;&nbsp;TIM_GetITStatus
<LI><a href="#[bf]">&gt;&gt;</a>&nbsp;&nbsp;&nbsp;TIM_ClearITPendingBit
<LI><a href="#[c2]">&gt;&gt;</a>&nbsp;&nbsp;&nbsp;GprsProc
</UL>
<BR>[Address Reference Count : 1]<UL><LI> startup_stm32f10x_hd.o(RESET)
</UL>
<P><STRONG><a name="[5b]"></a>RTC_IRQHandler</STRONG> (Thumb, 40 bytes, Stack size 8 bytes, stm32f10x_it.o(.text))
<BR><BR>[Stack]<UL><LI>Max Depth = 44<LI>Call Chain = RTC_IRQHandler &rArr; RTC_Get &rArr; RTC_Get_Week
</UL>
<BR>[Calls]<UL><LI><a href="#[c6]">&gt;&gt;</a>&nbsp;&nbsp;&nbsp;RTC_WaitForLastTask
<LI><a href="#[c3]">&gt;&gt;</a>&nbsp;&nbsp;&nbsp;RTC_GetITStatus
<LI><a href="#[c4]">&gt;&gt;</a>&nbsp;&nbsp;&nbsp;RTC_Get
<LI><a href="#[c5]">&gt;&gt;</a>&nbsp;&nbsp;&nbsp;RTC_ClearITPendingBit
</UL>
<BR>[Address Reference Count : 1]<UL><LI> startup_stm32f10x_hd.o(RESET)
</UL>
<P><STRONG><a name="[a2]"></a>time_init</STRONG> (Thumb, 118 bytes, Stack size 0 bytes, time_malloc.o(.text))
<BR><BR>[Called By]<UL><LI><a href="#[94]">&gt;&gt;</a>&nbsp;&nbsp;&nbsp;main
</UL>

<P><STRONG><a name="[b6]"></a>TimerStart</STRONG> (Thumb, 228 bytes, Stack size 0 bytes, time_malloc.o(.text))
<BR><BR>[Called By]<UL><LI><a href="#[125]">&gt;&gt;</a>&nbsp;&nbsp;&nbsp;processATCnfData
<LI><a href="#[121]">&gt;&gt;</a>&nbsp;&nbsp;&nbsp;sim900b_send_tcp_data
<LI><a href="#[11b]">&gt;&gt;</a>&nbsp;&nbsp;&nbsp;RxAnlyse
<LI><a href="#[11a]">&gt;&gt;</a>&nbsp;&nbsp;&nbsp;GPRS_SendHeart
<LI><a href="#[119]">&gt;&gt;</a>&nbsp;&nbsp;&nbsp;GPRS_SendErrorCode
<LI><a href="#[118]">&gt;&gt;</a>&nbsp;&nbsp;&nbsp;GPRS_SendNormalData
<LI><a href="#[c8]">&gt;&gt;</a>&nbsp;&nbsp;&nbsp;DetectButton
<LI><a href="#[c1]">&gt;&gt;</a>&nbsp;&nbsp;&nbsp;processUserTimerOut
<LI><a href="#[b8]">&gt;&gt;</a>&nbsp;&nbsp;&nbsp;RS485rs2Proc
<LI><a href="#[0]">&gt;&gt;</a>&nbsp;&nbsp;&nbsp;DisMenuTopInit
<LI><a href="#[94]">&gt;&gt;</a>&nbsp;&nbsp;&nbsp;main
</UL>

<P><STRONG><a name="[11e]"></a>TimerStop</STRONG> (Thumb, 228 bytes, Stack size 0 bytes, time_malloc.o(.text))
<BR><BR>[Called By]<UL><LI><a href="#[6]">&gt;&gt;</a>&nbsp;&nbsp;&nbsp;DisMenuLevel0Init
<LI><a href="#[3]">&gt;&gt;</a>&nbsp;&nbsp;&nbsp;DisMenuTopUp
<LI><a href="#[125]">&gt;&gt;</a>&nbsp;&nbsp;&nbsp;processATCnfData
<LI><a href="#[11b]">&gt;&gt;</a>&nbsp;&nbsp;&nbsp;RxAnlyse
<LI><a href="#[c1]">&gt;&gt;</a>&nbsp;&nbsp;&nbsp;processUserTimerOut
</UL>

<P><STRONG><a name="[ca]"></a>PutKey</STRONG> (Thumb, 30 bytes, Stack size 0 bytes, key.o(.text))
<BR><BR>[Called By]<UL><LI><a href="#[c8]">&gt;&gt;</a>&nbsp;&nbsp;&nbsp;DetectButton
</UL>

<P><STRONG><a name="[cf]"></a>GetKey</STRONG> (Thumb, 48 bytes, Stack size 0 bytes, key.o(.text))
<BR><BR>[Called By]<UL><LI><a href="#[b7]">&gt;&gt;</a>&nbsp;&nbsp;&nbsp;KeyProc
</UL>

<P><STRONG><a name="[c8]"></a>DetectButton</STRONG> (Thumb, 128 bytes, Stack size 8 bytes, key.o(.text))
<BR><BR>[Stack]<UL><LI>Max Depth = 8<LI>Call Chain = DetectButton
</UL>
<BR>[Calls]<UL><LI><a href="#[c9]">&gt;&gt;</a>&nbsp;&nbsp;&nbsp;GPIO_ResetBits
<LI><a href="#[ca]">&gt;&gt;</a>&nbsp;&nbsp;&nbsp;PutKey
<LI><a href="#[b6]">&gt;&gt;</a>&nbsp;&nbsp;&nbsp;TimerStart
</UL>
<BR>[Called By]<UL><LI><a href="#[c0]">&gt;&gt;</a>&nbsp;&nbsp;&nbsp;KEY_Scan
</UL>

<P><STRONG><a name="[c0]"></a>KEY_Scan</STRONG> (Thumb, 34 bytes, Stack size 8 bytes, key.o(.text))
<BR><BR>[Stack]<UL><LI>Max Depth = 16<LI>Call Chain = KEY_Scan &rArr; DetectButton
</UL>
<BR>[Calls]<UL><LI><a href="#[c8]">&gt;&gt;</a>&nbsp;&nbsp;&nbsp;DetectButton
</UL>
<BR>[Called By]<UL><LI><a href="#[74]">&gt;&gt;</a>&nbsp;&nbsp;&nbsp;TIM2_IRQHandler
</UL>

<P><STRONG><a name="[a8]"></a>KEY_Initial</STRONG> (Thumb, 48 bytes, Stack size 8 bytes, key.o(.text))
<BR><BR>[Stack]<UL><LI>Max Depth = 32<LI>Call Chain = KEY_Initial &rArr; GPIO_Init
</UL>
<BR>[Calls]<UL><LI><a href="#[cb]">&gt;&gt;</a>&nbsp;&nbsp;&nbsp;RCC_APB2PeriphClockCmd
<LI><a href="#[cc]">&gt;&gt;</a>&nbsp;&nbsp;&nbsp;GPIO_PinRemapConfig
<LI><a href="#[cd]">&gt;&gt;</a>&nbsp;&nbsp;&nbsp;GPIO_Init
<LI><a href="#[ce]">&gt;&gt;</a>&nbsp;&nbsp;&nbsp;KeyInitMisc
</UL>
<BR>[Called By]<UL><LI><a href="#[94]">&gt;&gt;</a>&nbsp;&nbsp;&nbsp;main
</UL>

<P><STRONG><a name="[b7]"></a>KeyProc</STRONG> (Thumb, 28 bytes, Stack size 8 bytes, key.o(.text))
<BR><BR>[Stack]<UL><LI>Max Depth = 16<LI>Call Chain = KeyProc &rArr; OnKey
</UL>
<BR>[Calls]<UL><LI><a href="#[d0]">&gt;&gt;</a>&nbsp;&nbsp;&nbsp;OnKey
<LI><a href="#[cf]">&gt;&gt;</a>&nbsp;&nbsp;&nbsp;GetKey
</UL>
<BR>[Called By]<UL><LI><a href="#[94]">&gt;&gt;</a>&nbsp;&nbsp;&nbsp;main
</UL>

<P><STRONG><a name="[a7]"></a>LED_Initial</STRONG> (Thumb, 64 bytes, Stack size 8 bytes, led.o(.text))
<BR><BR>[Stack]<UL><LI>Max Depth = 32<LI>Call Chain = LED_Initial &rArr; GPIO_Init
</UL>
<BR>[Calls]<UL><LI><a href="#[cb]">&gt;&gt;</a>&nbsp;&nbsp;&nbsp;RCC_APB2PeriphClockCmd
<LI><a href="#[c9]">&gt;&gt;</a>&nbsp;&nbsp;&nbsp;GPIO_ResetBits
<LI><a href="#[cd]">&gt;&gt;</a>&nbsp;&nbsp;&nbsp;GPIO_Init
<LI><a href="#[bc]">&gt;&gt;</a>&nbsp;&nbsp;&nbsp;GPIO_SetBits
</UL>
<BR>[Called By]<UL><LI><a href="#[94]">&gt;&gt;</a>&nbsp;&nbsp;&nbsp;main
</UL>

<P><STRONG><a name="[a1]"></a>delay_init</STRONG> (Thumb, 50 bytes, Stack size 0 bytes, delay.o(.text))
<BR><BR>[Called By]<UL><LI><a href="#[94]">&gt;&gt;</a>&nbsp;&nbsp;&nbsp;main
</UL>

<P><STRONG><a name="[ff]"></a>delay_ms</STRONG> (Thumb, 62 bytes, Stack size 0 bytes, delay.o(.text))
<BR><BR>[Called By]<UL><LI><a href="#[148]">&gt;&gt;</a>&nbsp;&nbsp;&nbsp;rs485_rs3_GetWaterData
<LI><a href="#[4a]">&gt;&gt;</a>&nbsp;&nbsp;&nbsp;DisMenuCommunicateEnter
<LI><a href="#[44]">&gt;&gt;</a>&nbsp;&nbsp;&nbsp;DisMenuResetFacEnter
<LI><a href="#[fe]">&gt;&gt;</a>&nbsp;&nbsp;&nbsp;BUZZ_Op
</UL>

<P><STRONG><a name="[e0]"></a>delay_us</STRONG> (Thumb, 62 bytes, Stack size 0 bytes, delay.o(.text), UNUSED)
<BR><BR>[Called By]<UL><LI><a href="#[fd]">&gt;&gt;</a>&nbsp;&nbsp;&nbsp;Get_Input
<LI><a href="#[e5]">&gt;&gt;</a>&nbsp;&nbsp;&nbsp;DS18B20_Write_Byte
<LI><a href="#[e3]">&gt;&gt;</a>&nbsp;&nbsp;&nbsp;DS18B20_Read_Bit
<LI><a href="#[e2]">&gt;&gt;</a>&nbsp;&nbsp;&nbsp;DS18B20_Check_Con16
<LI><a href="#[e1]">&gt;&gt;</a>&nbsp;&nbsp;&nbsp;DS18B20_Check
<LI><a href="#[df]">&gt;&gt;</a>&nbsp;&nbsp;&nbsp;DS18B20_Rst
</UL>

<P><STRONG><a name="[130]"></a>Delay</STRONG> (Thumb, 26 bytes, Stack size 0 bytes, delay.o(.text))
<BR><BR>[Called By]<UL><LI><a href="#[13e]">&gt;&gt;</a>&nbsp;&nbsp;&nbsp;LCD_Init_Reg
<LI><a href="#[131]">&gt;&gt;</a>&nbsp;&nbsp;&nbsp;GPRS_ShutDown
<LI><a href="#[b2]">&gt;&gt;</a>&nbsp;&nbsp;&nbsp;GPRS_StartUp
<LI><a href="#[15e]">&gt;&gt;</a>&nbsp;&nbsp;&nbsp;rs485_rs3_send
</UL>

<P><STRONG><a name="[d1]"></a>TIM2_NVIC_Configuration</STRONG> (Thumb, 50 bytes, Stack size 8 bytes, timer1.o(.text))
<BR><BR>[Stack]<UL><LI>Max Depth = 24<LI>Call Chain = TIM2_NVIC_Configuration &rArr; NVIC_Init
</UL>
<BR>[Calls]<UL><LI><a href="#[d2]">&gt;&gt;</a>&nbsp;&nbsp;&nbsp;NVIC_PriorityGroupConfig
<LI><a href="#[d3]">&gt;&gt;</a>&nbsp;&nbsp;&nbsp;NVIC_Init
</UL>
<BR>[Called By]<UL><LI><a href="#[ae]">&gt;&gt;</a>&nbsp;&nbsp;&nbsp;TIM_Initial
</UL>

<P><STRONG><a name="[d4]"></a>TIM2_Configuration</STRONG> (Thumb, 84 bytes, Stack size 16 bytes, timer1.o(.text))
<BR><BR>[Stack]<UL><LI>Max Depth = 24<LI>Call Chain = TIM2_Configuration &rArr; TIM_ITConfig
</UL>
<BR>[Calls]<UL><LI><a href="#[d7]">&gt;&gt;</a>&nbsp;&nbsp;&nbsp;TIM_TimeBaseInit
<LI><a href="#[d9]">&gt;&gt;</a>&nbsp;&nbsp;&nbsp;TIM_ITConfig
<LI><a href="#[d6]">&gt;&gt;</a>&nbsp;&nbsp;&nbsp;TIM_DeInit
<LI><a href="#[da]">&gt;&gt;</a>&nbsp;&nbsp;&nbsp;TIM_Cmd
<LI><a href="#[d8]">&gt;&gt;</a>&nbsp;&nbsp;&nbsp;TIM_ClearFlag
<LI><a href="#[d5]">&gt;&gt;</a>&nbsp;&nbsp;&nbsp;RCC_APB1PeriphClockCmd
</UL>
<BR>[Called By]<UL><LI><a href="#[ae]">&gt;&gt;</a>&nbsp;&nbsp;&nbsp;TIM_Initial
</UL>

<P><STRONG><a name="[db]"></a>TIM4_NVIC_Configuration</STRONG> (Thumb, 46 bytes, Stack size 8 bytes, timer1.o(.text))
<BR><BR>[Stack]<UL><LI>Max Depth = 24<LI>Call Chain = TIM4_NVIC_Configuration &rArr; NVIC_Init
</UL>
<BR>[Calls]<UL><LI><a href="#[d2]">&gt;&gt;</a>&nbsp;&nbsp;&nbsp;NVIC_PriorityGroupConfig
<LI><a href="#[d3]">&gt;&gt;</a>&nbsp;&nbsp;&nbsp;NVIC_Init
</UL>
<BR>[Called By]<UL><LI><a href="#[ae]">&gt;&gt;</a>&nbsp;&nbsp;&nbsp;TIM_Initial
</UL>

<P><STRONG><a name="[dc]"></a>TIM4_Configuration</STRONG> (Thumb, 80 bytes, Stack size 16 bytes, timer1.o(.text))
<BR><BR>[Stack]<UL><LI>Max Depth = 24<LI>Call Chain = TIM4_Configuration &rArr; TIM_ITConfig
</UL>
<BR>[Calls]<UL><LI><a href="#[d7]">&gt;&gt;</a>&nbsp;&nbsp;&nbsp;TIM_TimeBaseInit
<LI><a href="#[d9]">&gt;&gt;</a>&nbsp;&nbsp;&nbsp;TIM_ITConfig
<LI><a href="#[d6]">&gt;&gt;</a>&nbsp;&nbsp;&nbsp;TIM_DeInit
<LI><a href="#[da]">&gt;&gt;</a>&nbsp;&nbsp;&nbsp;TIM_Cmd
<LI><a href="#[d8]">&gt;&gt;</a>&nbsp;&nbsp;&nbsp;TIM_ClearFlag
<LI><a href="#[d5]">&gt;&gt;</a>&nbsp;&nbsp;&nbsp;RCC_APB1PeriphClockCmd
</UL>
<BR>[Called By]<UL><LI><a href="#[ae]">&gt;&gt;</a>&nbsp;&nbsp;&nbsp;TIM_Initial
</UL>

<P><STRONG><a name="[ae]"></a>TIM_Initial</STRONG> (Thumb, 20 bytes, Stack size 8 bytes, timer1.o(.text))
<BR><BR>[Stack]<UL><LI>Max Depth = 32<LI>Call Chain = TIM_Initial &rArr; TIM4_Configuration &rArr; TIM_ITConfig
</UL>
<BR>[Calls]<UL><LI><a href="#[dc]">&gt;&gt;</a>&nbsp;&nbsp;&nbsp;TIM4_Configuration
<LI><a href="#[db]">&gt;&gt;</a>&nbsp;&nbsp;&nbsp;TIM4_NVIC_Configuration
<LI><a href="#[d4]">&gt;&gt;</a>&nbsp;&nbsp;&nbsp;TIM2_Configuration
<LI><a href="#[d1]">&gt;&gt;</a>&nbsp;&nbsp;&nbsp;TIM2_NVIC_Configuration
</UL>
<BR>[Called By]<UL><LI><a href="#[94]">&gt;&gt;</a>&nbsp;&nbsp;&nbsp;main
</UL>

<P><STRONG><a name="[dd]"></a>DS18B20_IO_OUT</STRONG> (Thumb, 44 bytes, Stack size 8 bytes, ds18b20.o(.text), UNUSED)
<BR><BR>[Calls]<UL><LI><a href="#[cb]">&gt;&gt;</a>&nbsp;&nbsp;&nbsp;RCC_APB2PeriphClockCmd
<LI><a href="#[cd]">&gt;&gt;</a>&nbsp;&nbsp;&nbsp;GPIO_Init
</UL>
<BR>[Called By]<UL><LI><a href="#[e5]">&gt;&gt;</a>&nbsp;&nbsp;&nbsp;DS18B20_Write_Byte
<LI><a href="#[e3]">&gt;&gt;</a>&nbsp;&nbsp;&nbsp;DS18B20_Read_Bit
<LI><a href="#[df]">&gt;&gt;</a>&nbsp;&nbsp;&nbsp;DS18B20_Rst
</UL>

<P><STRONG><a name="[de]"></a>DS18B20_IO_IN</STRONG> (Thumb, 36 bytes, Stack size 8 bytes, ds18b20.o(.text), UNUSED)
<BR><BR>[Calls]<UL><LI><a href="#[cb]">&gt;&gt;</a>&nbsp;&nbsp;&nbsp;RCC_APB2PeriphClockCmd
<LI><a href="#[cd]">&gt;&gt;</a>&nbsp;&nbsp;&nbsp;GPIO_Init
</UL>
<BR>[Called By]<UL><LI><a href="#[e3]">&gt;&gt;</a>&nbsp;&nbsp;&nbsp;DS18B20_Read_Bit
<LI><a href="#[e2]">&gt;&gt;</a>&nbsp;&nbsp;&nbsp;DS18B20_Check_Con16
<LI><a href="#[e1]">&gt;&gt;</a>&nbsp;&nbsp;&nbsp;DS18B20_Check
</UL>

<P><STRONG><a name="[df]"></a>DS18B20_Rst</STRONG> (Thumb, 42 bytes, Stack size 8 bytes, ds18b20.o(.text), UNUSED)
<BR><BR>[Calls]<UL><LI><a href="#[dd]">&gt;&gt;</a>&nbsp;&nbsp;&nbsp;DS18B20_IO_OUT
<LI><a href="#[e0]">&gt;&gt;</a>&nbsp;&nbsp;&nbsp;delay_us
<LI><a href="#[c9]">&gt;&gt;</a>&nbsp;&nbsp;&nbsp;GPIO_ResetBits
<LI><a href="#[bc]">&gt;&gt;</a>&nbsp;&nbsp;&nbsp;GPIO_SetBits
</UL>
<BR>[Called By]<UL><LI><a href="#[e7]">&gt;&gt;</a>&nbsp;&nbsp;&nbsp;DS18B20_Get_Temp
<LI><a href="#[e6]">&gt;&gt;</a>&nbsp;&nbsp;&nbsp;DS18B20_Start
</UL>

<P><STRONG><a name="[e1]"></a>DS18B20_Check</STRONG> (Thumb, 190 bytes, Stack size 16 bytes, ds18b20.o(.text), UNUSED)
<BR><BR>[Calls]<UL><LI><a href="#[de]">&gt;&gt;</a>&nbsp;&nbsp;&nbsp;DS18B20_IO_IN
<LI><a href="#[e0]">&gt;&gt;</a>&nbsp;&nbsp;&nbsp;delay_us
<LI><a href="#[c7]">&gt;&gt;</a>&nbsp;&nbsp;&nbsp;GPIO_ReadInputDataBit
</UL>
<BR>[Called By]<UL><LI><a href="#[e7]">&gt;&gt;</a>&nbsp;&nbsp;&nbsp;DS18B20_Get_Temp
<LI><a href="#[e6]">&gt;&gt;</a>&nbsp;&nbsp;&nbsp;DS18B20_Start
</UL>

<P><STRONG><a name="[e2]"></a>DS18B20_Check_Con16</STRONG> (Thumb, 98 bytes, Stack size 8 bytes, ds18b20.o(.text), UNUSED)
<BR><BR>[Calls]<UL><LI><a href="#[de]">&gt;&gt;</a>&nbsp;&nbsp;&nbsp;DS18B20_IO_IN
<LI><a href="#[e0]">&gt;&gt;</a>&nbsp;&nbsp;&nbsp;delay_us
<LI><a href="#[c7]">&gt;&gt;</a>&nbsp;&nbsp;&nbsp;GPIO_ReadInputDataBit
</UL>

<P><STRONG><a name="[e3]"></a>DS18B20_Read_Bit</STRONG> (Thumb, 112 bytes, Stack size 16 bytes, ds18b20.o(.text), UNUSED)
<BR><BR>[Calls]<UL><LI><a href="#[de]">&gt;&gt;</a>&nbsp;&nbsp;&nbsp;DS18B20_IO_IN
<LI><a href="#[dd]">&gt;&gt;</a>&nbsp;&nbsp;&nbsp;DS18B20_IO_OUT
<LI><a href="#[e0]">&gt;&gt;</a>&nbsp;&nbsp;&nbsp;delay_us
<LI><a href="#[c9]">&gt;&gt;</a>&nbsp;&nbsp;&nbsp;GPIO_ResetBits
<LI><a href="#[c7]">&gt;&gt;</a>&nbsp;&nbsp;&nbsp;GPIO_ReadInputDataBit
<LI><a href="#[bc]">&gt;&gt;</a>&nbsp;&nbsp;&nbsp;GPIO_SetBits
</UL>
<BR>[Called By]<UL><LI><a href="#[e4]">&gt;&gt;</a>&nbsp;&nbsp;&nbsp;DS18B20_Read_Byte
</UL>

<P><STRONG><a name="[e4]"></a>DS18B20_Read_Byte</STRONG> (Thumb, 50 bytes, Stack size 24 bytes, ds18b20.o(.text), UNUSED)
<BR><BR>[Calls]<UL><LI><a href="#[e3]">&gt;&gt;</a>&nbsp;&nbsp;&nbsp;DS18B20_Read_Bit
</UL>
<BR>[Called By]<UL><LI><a href="#[e7]">&gt;&gt;</a>&nbsp;&nbsp;&nbsp;DS18B20_Get_Temp
</UL>

<P><STRONG><a name="[e5]"></a>DS18B20_Write_Byte</STRONG> (Thumb, 102 bytes, Stack size 16 bytes, ds18b20.o(.text), UNUSED)
<BR><BR>[Calls]<UL><LI><a href="#[dd]">&gt;&gt;</a>&nbsp;&nbsp;&nbsp;DS18B20_IO_OUT
<LI><a href="#[e0]">&gt;&gt;</a>&nbsp;&nbsp;&nbsp;delay_us
<LI><a href="#[c9]">&gt;&gt;</a>&nbsp;&nbsp;&nbsp;GPIO_ResetBits
<LI><a href="#[bc]">&gt;&gt;</a>&nbsp;&nbsp;&nbsp;GPIO_SetBits
</UL>
<BR>[Called By]<UL><LI><a href="#[e7]">&gt;&gt;</a>&nbsp;&nbsp;&nbsp;DS18B20_Get_Temp
<LI><a href="#[e6]">&gt;&gt;</a>&nbsp;&nbsp;&nbsp;DS18B20_Start
</UL>

<P><STRONG><a name="[a6]"></a>DS18B20_Initial</STRONG> (Thumb, 44 bytes, Stack size 8 bytes, ds18b20.o(.text))
<BR><BR>[Stack]<UL><LI>Max Depth = 32<LI>Call Chain = DS18B20_Initial &rArr; GPIO_Init
</UL>
<BR>[Calls]<UL><LI><a href="#[cb]">&gt;&gt;</a>&nbsp;&nbsp;&nbsp;RCC_APB2PeriphClockCmd
<LI><a href="#[cc]">&gt;&gt;</a>&nbsp;&nbsp;&nbsp;GPIO_PinRemapConfig
<LI><a href="#[cd]">&gt;&gt;</a>&nbsp;&nbsp;&nbsp;GPIO_Init
</UL>
<BR>[Called By]<UL><LI><a href="#[94]">&gt;&gt;</a>&nbsp;&nbsp;&nbsp;main
</UL>

<P><STRONG><a name="[e7]"></a>DS18B20_Get_Temp</STRONG> (Thumb, 152 bytes, Stack size 48 bytes, ds18b20.o(.text), UNUSED)
<BR><BR>[Calls]<UL><LI><a href="#[e8]">&gt;&gt;</a>&nbsp;&nbsp;&nbsp;__aeabi_i2f
<LI><a href="#[e9]">&gt;&gt;</a>&nbsp;&nbsp;&nbsp;__aeabi_f2d
<LI><a href="#[ea]">&gt;&gt;</a>&nbsp;&nbsp;&nbsp;__aeabi_dmul
<LI><a href="#[eb]">&gt;&gt;</a>&nbsp;&nbsp;&nbsp;__aeabi_d2iz
<LI><a href="#[e5]">&gt;&gt;</a>&nbsp;&nbsp;&nbsp;DS18B20_Write_Byte
<LI><a href="#[e4]">&gt;&gt;</a>&nbsp;&nbsp;&nbsp;DS18B20_Read_Byte
<LI><a href="#[e1]">&gt;&gt;</a>&nbsp;&nbsp;&nbsp;DS18B20_Check
<LI><a href="#[df]">&gt;&gt;</a>&nbsp;&nbsp;&nbsp;DS18B20_Rst
<LI><a href="#[e6]">&gt;&gt;</a>&nbsp;&nbsp;&nbsp;DS18B20_Start
</UL>

<P><STRONG><a name="[9c]"></a>fputc</STRONG> (Thumb, 30 bytes, Stack size 16 bytes, usart.o(.text))
<BR><BR>[Stack]<UL><LI>Max Depth = 16<LI>Call Chain = fputc
</UL>
<BR>[Calls]<UL><LI><a href="#[f6]">&gt;&gt;</a>&nbsp;&nbsp;&nbsp;USART_SendData
</UL>
<BR>[Address Reference Count : 1]<UL><LI> printf8.o(i.__0printf$8)
</UL>
<P><STRONG><a name="[f7]"></a>USART_printf</STRONG> (Thumb, 326 bytes, Stack size 56 bytes, usart.o(.text))
<BR><BR>[Stack]<UL><LI>Max Depth = 76<LI>Call Chain = USART_printf &rArr; itoa
</UL>
<BR>[Calls]<UL><LI><a href="#[f6]">&gt;&gt;</a>&nbsp;&nbsp;&nbsp;USART_SendData
<LI><a href="#[f0]">&gt;&gt;</a>&nbsp;&nbsp;&nbsp;USART_ClearFlag
<LI><a href="#[f8]">&gt;&gt;</a>&nbsp;&nbsp;&nbsp;itoa
<LI><a href="#[ba]">&gt;&gt;</a>&nbsp;&nbsp;&nbsp;USART_GetFlagStatus
</UL>
<BR>[Called By]<UL><LI><a href="#[125]">&gt;&gt;</a>&nbsp;&nbsp;&nbsp;processATCnfData
<LI><a href="#[121]">&gt;&gt;</a>&nbsp;&nbsp;&nbsp;sim900b_send_tcp_data
<LI><a href="#[11b]">&gt;&gt;</a>&nbsp;&nbsp;&nbsp;RxAnlyse
<LI><a href="#[c1]">&gt;&gt;</a>&nbsp;&nbsp;&nbsp;processUserTimerOut
<LI><a href="#[15a]">&gt;&gt;</a>&nbsp;&nbsp;&nbsp;storage_write_record
</UL>

<P><STRONG><a name="[f9]"></a>USART_SendNByte</STRONG> (Thumb, 60 bytes, Stack size 24 bytes, usart.o(.text))
<BR><BR>[Stack]<UL><LI>Max Depth = 24<LI>Call Chain = USART_SendNByte
</UL>
<BR>[Calls]<UL><LI><a href="#[f6]">&gt;&gt;</a>&nbsp;&nbsp;&nbsp;USART_SendData
<LI><a href="#[f0]">&gt;&gt;</a>&nbsp;&nbsp;&nbsp;USART_ClearFlag
<LI><a href="#[ba]">&gt;&gt;</a>&nbsp;&nbsp;&nbsp;USART_GetFlagStatus
</UL>
<BR>[Called By]<UL><LI><a href="#[121]">&gt;&gt;</a>&nbsp;&nbsp;&nbsp;sim900b_send_tcp_data
<LI><a href="#[15e]">&gt;&gt;</a>&nbsp;&nbsp;&nbsp;rs485_rs3_send
<LI><a href="#[15b]">&gt;&gt;</a>&nbsp;&nbsp;&nbsp;rs485_rs2_send
</UL>

<P><STRONG><a name="[fa]"></a>USART_SendByte</STRONG> (Thumb, 40 bytes, Stack size 16 bytes, usart.o(.text))
<BR><BR>[Stack]<UL><LI>Max Depth = 16<LI>Call Chain = USART_SendByte
</UL>
<BR>[Calls]<UL><LI><a href="#[f6]">&gt;&gt;</a>&nbsp;&nbsp;&nbsp;USART_SendData
<LI><a href="#[f0]">&gt;&gt;</a>&nbsp;&nbsp;&nbsp;USART_ClearFlag
<LI><a href="#[ba]">&gt;&gt;</a>&nbsp;&nbsp;&nbsp;USART_GetFlagStatus
</UL>
<BR>[Called By]<UL><LI><a href="#[120]">&gt;&gt;</a>&nbsp;&nbsp;&nbsp;SendATCommand
</UL>

<P><STRONG><a name="[ad]"></a>USART_Initial</STRONG> (Thumb, 28 bytes, Stack size 8 bytes, usart.o(.text))
<BR><BR>[Stack]<UL><LI>Max Depth = 100<LI>Call Chain = USART_Initial &rArr; USART5_Config &rArr; USART_Init &rArr; RCC_GetClocksFreq
</UL>
<BR>[Calls]<UL><LI><a href="#[f5]">&gt;&gt;</a>&nbsp;&nbsp;&nbsp;USART5_Config
<LI><a href="#[f4]">&gt;&gt;</a>&nbsp;&nbsp;&nbsp;USART4_Config
<LI><a href="#[f3]">&gt;&gt;</a>&nbsp;&nbsp;&nbsp;USART3_Config
<LI><a href="#[f2]">&gt;&gt;</a>&nbsp;&nbsp;&nbsp;USART2_Config
<LI><a href="#[ed]">&gt;&gt;</a>&nbsp;&nbsp;&nbsp;USART1_Config
<LI><a href="#[ec]">&gt;&gt;</a>&nbsp;&nbsp;&nbsp;USART_NVIC_Config
</UL>
<BR>[Called By]<UL><LI><a href="#[94]">&gt;&gt;</a>&nbsp;&nbsp;&nbsp;main
</UL>

<P><STRONG><a name="[fb]"></a>Input_Config</STRONG> (Thumb, 68 bytes, Stack size 8 bytes, input_output.o(.text))
<BR><BR>[Stack]<UL><LI>Max Depth = 32<LI>Call Chain = Input_Config &rArr; GPIO_Init
</UL>
<BR>[Calls]<UL><LI><a href="#[cb]">&gt;&gt;</a>&nbsp;&nbsp;&nbsp;RCC_APB2PeriphClockCmd
<LI><a href="#[cd]">&gt;&gt;</a>&nbsp;&nbsp;&nbsp;GPIO_Init
</UL>
<BR>[Called By]<UL><LI><a href="#[a5]">&gt;&gt;</a>&nbsp;&nbsp;&nbsp;IO_Initial
</UL>

<P><STRONG><a name="[fc]"></a>Output_Config</STRONG> (Thumb, 70 bytes, Stack size 8 bytes, input_output.o(.text))
<BR><BR>[Stack]<UL><LI>Max Depth = 32<LI>Call Chain = Output_Config &rArr; GPIO_Init
</UL>
<BR>[Calls]<UL><LI><a href="#[cb]">&gt;&gt;</a>&nbsp;&nbsp;&nbsp;RCC_APB2PeriphClockCmd
<LI><a href="#[cd]">&gt;&gt;</a>&nbsp;&nbsp;&nbsp;GPIO_Init
<LI><a href="#[bc]">&gt;&gt;</a>&nbsp;&nbsp;&nbsp;GPIO_SetBits
</UL>
<BR>[Called By]<UL><LI><a href="#[a5]">&gt;&gt;</a>&nbsp;&nbsp;&nbsp;IO_Initial
</UL>

<P><STRONG><a name="[a5]"></a>IO_Initial</STRONG> (Thumb, 12 bytes, Stack size 8 bytes, input_output.o(.text))
<BR><BR>[Stack]<UL><LI>Max Depth = 40<LI>Call Chain = IO_Initial &rArr; Output_Config &rArr; GPIO_Init
</UL>
<BR>[Calls]<UL><LI><a href="#[fc]">&gt;&gt;</a>&nbsp;&nbsp;&nbsp;Output_Config
<LI><a href="#[fb]">&gt;&gt;</a>&nbsp;&nbsp;&nbsp;Input_Config
</UL>
<BR>[Called By]<UL><LI><a href="#[94]">&gt;&gt;</a>&nbsp;&nbsp;&nbsp;main
</UL>

<P><STRONG><a name="[fd]"></a>Get_Input</STRONG> (Thumb, 94 bytes, Stack size 16 bytes, input_output.o(.text), UNUSED)
<BR><BR>[Calls]<UL><LI><a href="#[e0]">&gt;&gt;</a>&nbsp;&nbsp;&nbsp;delay_us
<LI><a href="#[c9]">&gt;&gt;</a>&nbsp;&nbsp;&nbsp;GPIO_ResetBits
<LI><a href="#[c7]">&gt;&gt;</a>&nbsp;&nbsp;&nbsp;GPIO_ReadInputDataBit
<LI><a href="#[bc]">&gt;&gt;</a>&nbsp;&nbsp;&nbsp;GPIO_SetBits
</UL>

<P><STRONG><a name="[a4]"></a>BUZZ_Initial</STRONG> (Thumb, 54 bytes, Stack size 8 bytes, buzz.o(.text))
<BR><BR>[Stack]<UL><LI>Max Depth = 32<LI>Call Chain = BUZZ_Initial &rArr; GPIO_Init
</UL>
<BR>[Calls]<UL><LI><a href="#[cb]">&gt;&gt;</a>&nbsp;&nbsp;&nbsp;RCC_APB2PeriphClockCmd
<LI><a href="#[cd]">&gt;&gt;</a>&nbsp;&nbsp;&nbsp;GPIO_Init
<LI><a href="#[bc]">&gt;&gt;</a>&nbsp;&nbsp;&nbsp;GPIO_SetBits
</UL>
<BR>[Called By]<UL><LI><a href="#[94]">&gt;&gt;</a>&nbsp;&nbsp;&nbsp;main
</UL>

<P><STRONG><a name="[fe]"></a>BUZZ_Op</STRONG> (Thumb, 108 bytes, Stack size 24 bytes, buzz.o(.text), UNUSED)
<BR><BR>[Calls]<UL><LI><a href="#[ff]">&gt;&gt;</a>&nbsp;&nbsp;&nbsp;delay_ms
<LI><a href="#[c9]">&gt;&gt;</a>&nbsp;&nbsp;&nbsp;GPIO_ResetBits
<LI><a href="#[bc]">&gt;&gt;</a>&nbsp;&nbsp;&nbsp;GPIO_SetBits
</UL>

<P><STRONG><a name="[a9]"></a>SPI_FLASH_Init</STRONG> (Thumb, 212 bytes, Stack size 32 bytes, spi_flash.o(.text))
<BR><BR>[Stack]<UL><LI>Max Depth = 56<LI>Call Chain = SPI_FLASH_Init &rArr; GPIO_Init
</UL>
<BR>[Calls]<UL><LI><a href="#[100]">&gt;&gt;</a>&nbsp;&nbsp;&nbsp;SPI_Init
<LI><a href="#[101]">&gt;&gt;</a>&nbsp;&nbsp;&nbsp;SPI_Cmd
<LI><a href="#[cb]">&gt;&gt;</a>&nbsp;&nbsp;&nbsp;RCC_APB2PeriphClockCmd
<LI><a href="#[cd]">&gt;&gt;</a>&nbsp;&nbsp;&nbsp;GPIO_Init
<LI><a href="#[bc]">&gt;&gt;</a>&nbsp;&nbsp;&nbsp;GPIO_SetBits
</UL>
<BR>[Called By]<UL><LI><a href="#[94]">&gt;&gt;</a>&nbsp;&nbsp;&nbsp;main
</UL>

<P><STRONG><a name="[102]"></a>SPI_FLASH_SendByte</STRONG> (Thumb, 50 bytes, Stack size 8 bytes, spi_flash.o(.text))
<BR><BR>[Stack]<UL><LI>Max Depth = 8<LI>Call Chain = SPI_FLASH_SendByte
</UL>
<BR>[Calls]<UL><LI><a href="#[104]">&gt;&gt;</a>&nbsp;&nbsp;&nbsp;SPI_I2S_SendData
<LI><a href="#[105]">&gt;&gt;</a>&nbsp;&nbsp;&nbsp;SPI_I2S_ReceiveData
<LI><a href="#[103]">&gt;&gt;</a>&nbsp;&nbsp;&nbsp;SPI_I2S_GetFlagStatus
</UL>
<BR>[Called By]<UL><LI><a href="#[111]">&gt;&gt;</a>&nbsp;&nbsp;&nbsp;SPI_Flash_WAKEUP
<LI><a href="#[110]">&gt;&gt;</a>&nbsp;&nbsp;&nbsp;SPI_Flash_PowerDown
<LI><a href="#[10e]">&gt;&gt;</a>&nbsp;&nbsp;&nbsp;SPI_FLASH_ReadByte
<LI><a href="#[10d]">&gt;&gt;</a>&nbsp;&nbsp;&nbsp;SPI_FLASH_StartReadSequence
<LI><a href="#[10c]">&gt;&gt;</a>&nbsp;&nbsp;&nbsp;SPI_FLASH_BufferRead
<LI><a href="#[10a]">&gt;&gt;</a>&nbsp;&nbsp;&nbsp;SPI_FLASH_PageWrite
<LI><a href="#[109]">&gt;&gt;</a>&nbsp;&nbsp;&nbsp;SPI_FLASH_BulkErase
<LI><a href="#[108]">&gt;&gt;</a>&nbsp;&nbsp;&nbsp;SPI_FLASH_SectorErase
<LI><a href="#[107]">&gt;&gt;</a>&nbsp;&nbsp;&nbsp;SPI_FLASH_WriteEnable
<LI><a href="#[106]">&gt;&gt;</a>&nbsp;&nbsp;&nbsp;SPI_FLASH_WaitForWriteEnd
<LI><a href="#[b4]">&gt;&gt;</a>&nbsp;&nbsp;&nbsp;SPI_FLASH_ReadID
<LI><a href="#[b3]">&gt;&gt;</a>&nbsp;&nbsp;&nbsp;SPI_FLASH_ReadDeviceID
</UL>

<P><STRONG><a name="[106]"></a>SPI_FLASH_WaitForWriteEnd</STRONG> (Thumb, 50 bytes, Stack size 8 bytes, spi_flash.o(.text))
<BR><BR>[Stack]<UL><LI>Max Depth = 16<LI>Call Chain = SPI_FLASH_WaitForWriteEnd &rArr; SPI_FLASH_SendByte
</UL>
<BR>[Calls]<UL><LI><a href="#[102]">&gt;&gt;</a>&nbsp;&nbsp;&nbsp;SPI_FLASH_SendByte
<LI><a href="#[c9]">&gt;&gt;</a>&nbsp;&nbsp;&nbsp;GPIO_ResetBits
<LI><a href="#[bc]">&gt;&gt;</a>&nbsp;&nbsp;&nbsp;GPIO_SetBits
</UL>
<BR>[Called By]<UL><LI><a href="#[10a]">&gt;&gt;</a>&nbsp;&nbsp;&nbsp;SPI_FLASH_PageWrite
<LI><a href="#[109]">&gt;&gt;</a>&nbsp;&nbsp;&nbsp;SPI_FLASH_BulkErase
<LI><a href="#[108]">&gt;&gt;</a>&nbsp;&nbsp;&nbsp;SPI_FLASH_SectorErase
</UL>

<P><STRONG><a name="[107]"></a>SPI_FLASH_WriteEnable</STRONG> (Thumb, 26 bytes, Stack size 8 bytes, spi_flash.o(.text))
<BR><BR>[Stack]<UL><LI>Max Depth = 16<LI>Call Chain = SPI_FLASH_WriteEnable &rArr; SPI_FLASH_SendByte
</UL>
<BR>[Calls]<UL><LI><a href="#[102]">&gt;&gt;</a>&nbsp;&nbsp;&nbsp;SPI_FLASH_SendByte
<LI><a href="#[c9]">&gt;&gt;</a>&nbsp;&nbsp;&nbsp;GPIO_ResetBits
<LI><a href="#[bc]">&gt;&gt;</a>&nbsp;&nbsp;&nbsp;GPIO_SetBits
</UL>
<BR>[Called By]<UL><LI><a href="#[10a]">&gt;&gt;</a>&nbsp;&nbsp;&nbsp;SPI_FLASH_PageWrite
<LI><a href="#[109]">&gt;&gt;</a>&nbsp;&nbsp;&nbsp;SPI_FLASH_BulkErase
<LI><a href="#[108]">&gt;&gt;</a>&nbsp;&nbsp;&nbsp;SPI_FLASH_SectorErase
</UL>

<P><STRONG><a name="[108]"></a>SPI_FLASH_SectorErase</STRONG> (Thumb, 62 bytes, Stack size 8 bytes, spi_flash.o(.text))
<BR><BR>[Stack]<UL><LI>Max Depth = 24<LI>Call Chain = SPI_FLASH_SectorErase &rArr; SPI_FLASH_WriteEnable &rArr; SPI_FLASH_SendByte
</UL>
<BR>[Calls]<UL><LI><a href="#[107]">&gt;&gt;</a>&nbsp;&nbsp;&nbsp;SPI_FLASH_WriteEnable
<LI><a href="#[106]">&gt;&gt;</a>&nbsp;&nbsp;&nbsp;SPI_FLASH_WaitForWriteEnd
<LI><a href="#[102]">&gt;&gt;</a>&nbsp;&nbsp;&nbsp;SPI_FLASH_SendByte
<LI><a href="#[c9]">&gt;&gt;</a>&nbsp;&nbsp;&nbsp;GPIO_ResetBits
<LI><a href="#[bc]">&gt;&gt;</a>&nbsp;&nbsp;&nbsp;GPIO_SetBits
</UL>
<BR>[Called By]<UL><LI><a href="#[4a]">&gt;&gt;</a>&nbsp;&nbsp;&nbsp;DisMenuCommunicateEnter
<LI><a href="#[44]">&gt;&gt;</a>&nbsp;&nbsp;&nbsp;DisMenuResetFacEnter
<LI><a href="#[3e]">&gt;&gt;</a>&nbsp;&nbsp;&nbsp;DisMenuDevRs485Adr5Enter
<LI><a href="#[38]">&gt;&gt;</a>&nbsp;&nbsp;&nbsp;DisMenuDevRs485Adr4Enter
<LI><a href="#[32]">&gt;&gt;</a>&nbsp;&nbsp;&nbsp;DisMenuDevRs485Adr3Enter
<LI><a href="#[2c]">&gt;&gt;</a>&nbsp;&nbsp;&nbsp;DisMenuDevRs485Adr2Enter
<LI><a href="#[26]">&gt;&gt;</a>&nbsp;&nbsp;&nbsp;DisMenuDevRs485Adr1Enter
<LI><a href="#[20]">&gt;&gt;</a>&nbsp;&nbsp;&nbsp;DisMenuDevPortEnter
<LI><a href="#[1a]">&gt;&gt;</a>&nbsp;&nbsp;&nbsp;DisMenuDevIPEnter
<LI><a href="#[e]">&gt;&gt;</a>&nbsp;&nbsp;&nbsp;DisMenuDevAdrEnter
<LI><a href="#[11b]">&gt;&gt;</a>&nbsp;&nbsp;&nbsp;RxAnlyse
<LI><a href="#[15a]">&gt;&gt;</a>&nbsp;&nbsp;&nbsp;storage_write_record
</UL>

<P><STRONG><a name="[109]"></a>SPI_FLASH_BulkErase</STRONG> (Thumb, 34 bytes, Stack size 8 bytes, spi_flash.o(.text), UNUSED)
<BR><BR>[Calls]<UL><LI><a href="#[107]">&gt;&gt;</a>&nbsp;&nbsp;&nbsp;SPI_FLASH_WriteEnable
<LI><a href="#[106]">&gt;&gt;</a>&nbsp;&nbsp;&nbsp;SPI_FLASH_WaitForWriteEnd
<LI><a href="#[102]">&gt;&gt;</a>&nbsp;&nbsp;&nbsp;SPI_FLASH_SendByte
<LI><a href="#[c9]">&gt;&gt;</a>&nbsp;&nbsp;&nbsp;GPIO_ResetBits
<LI><a href="#[bc]">&gt;&gt;</a>&nbsp;&nbsp;&nbsp;GPIO_SetBits
</UL>

<P><STRONG><a name="[10a]"></a>SPI_FLASH_PageWrite</STRONG> (Thumb, 94 bytes, Stack size 16 bytes, spi_flash.o(.text))
<BR><BR>[Stack]<UL><LI>Max Depth = 32<LI>Call Chain = SPI_FLASH_PageWrite &rArr; SPI_FLASH_WriteEnable &rArr; SPI_FLASH_SendByte
</UL>
<BR>[Calls]<UL><LI><a href="#[107]">&gt;&gt;</a>&nbsp;&nbsp;&nbsp;SPI_FLASH_WriteEnable
<LI><a href="#[106]">&gt;&gt;</a>&nbsp;&nbsp;&nbsp;SPI_FLASH_WaitForWriteEnd
<LI><a href="#[102]">&gt;&gt;</a>&nbsp;&nbsp;&nbsp;SPI_FLASH_SendByte
<LI><a href="#[c9]">&gt;&gt;</a>&nbsp;&nbsp;&nbsp;GPIO_ResetBits
<LI><a href="#[bc]">&gt;&gt;</a>&nbsp;&nbsp;&nbsp;GPIO_SetBits
</UL>
<BR>[Called By]<UL><LI><a href="#[10b]">&gt;&gt;</a>&nbsp;&nbsp;&nbsp;SPI_FLASH_BufferWrite
</UL>

<P><STRONG><a name="[10b]"></a>SPI_FLASH_BufferWrite</STRONG> (Thumb, 304 bytes, Stack size 40 bytes, spi_flash.o(.text))
<BR><BR>[Stack]<UL><LI>Max Depth = 72<LI>Call Chain = SPI_FLASH_BufferWrite &rArr; SPI_FLASH_PageWrite &rArr; SPI_FLASH_WriteEnable &rArr; SPI_FLASH_SendByte
</UL>
<BR>[Calls]<UL><LI><a href="#[10a]">&gt;&gt;</a>&nbsp;&nbsp;&nbsp;SPI_FLASH_PageWrite
</UL>
<BR>[Called By]<UL><LI><a href="#[4a]">&gt;&gt;</a>&nbsp;&nbsp;&nbsp;DisMenuCommunicateEnter
<LI><a href="#[44]">&gt;&gt;</a>&nbsp;&nbsp;&nbsp;DisMenuResetFacEnter
<LI><a href="#[3e]">&gt;&gt;</a>&nbsp;&nbsp;&nbsp;DisMenuDevRs485Adr5Enter
<LI><a href="#[38]">&gt;&gt;</a>&nbsp;&nbsp;&nbsp;DisMenuDevRs485Adr4Enter
<LI><a href="#[32]">&gt;&gt;</a>&nbsp;&nbsp;&nbsp;DisMenuDevRs485Adr3Enter
<LI><a href="#[2c]">&gt;&gt;</a>&nbsp;&nbsp;&nbsp;DisMenuDevRs485Adr2Enter
<LI><a href="#[26]">&gt;&gt;</a>&nbsp;&nbsp;&nbsp;DisMenuDevRs485Adr1Enter
<LI><a href="#[20]">&gt;&gt;</a>&nbsp;&nbsp;&nbsp;DisMenuDevPortEnter
<LI><a href="#[1a]">&gt;&gt;</a>&nbsp;&nbsp;&nbsp;DisMenuDevIPEnter
<LI><a href="#[e]">&gt;&gt;</a>&nbsp;&nbsp;&nbsp;DisMenuDevAdrEnter
<LI><a href="#[11b]">&gt;&gt;</a>&nbsp;&nbsp;&nbsp;RxAnlyse
<LI><a href="#[15a]">&gt;&gt;</a>&nbsp;&nbsp;&nbsp;storage_write_record
</UL>

<P><STRONG><a name="[10c]"></a>SPI_FLASH_BufferRead</STRONG> (Thumb, 80 bytes, Stack size 16 bytes, spi_flash.o(.text))
<BR><BR>[Stack]<UL><LI>Max Depth = 24<LI>Call Chain = SPI_FLASH_BufferRead &rArr; SPI_FLASH_SendByte
</UL>
<BR>[Calls]<UL><LI><a href="#[102]">&gt;&gt;</a>&nbsp;&nbsp;&nbsp;SPI_FLASH_SendByte
<LI><a href="#[c9]">&gt;&gt;</a>&nbsp;&nbsp;&nbsp;GPIO_ResetBits
<LI><a href="#[bc]">&gt;&gt;</a>&nbsp;&nbsp;&nbsp;GPIO_SetBits
</UL>
<BR>[Called By]<UL><LI><a href="#[4a]">&gt;&gt;</a>&nbsp;&nbsp;&nbsp;DisMenuCommunicateEnter
<LI><a href="#[48]">&gt;&gt;</a>&nbsp;&nbsp;&nbsp;DisMenuCommunicateInit
<LI><a href="#[42]">&gt;&gt;</a>&nbsp;&nbsp;&nbsp;DisMenuResetFacInit
<LI><a href="#[3e]">&gt;&gt;</a>&nbsp;&nbsp;&nbsp;DisMenuDevRs485Adr5Enter
<LI><a href="#[3c]">&gt;&gt;</a>&nbsp;&nbsp;&nbsp;DisMenuDevRs485Adr5Init
<LI><a href="#[38]">&gt;&gt;</a>&nbsp;&nbsp;&nbsp;DisMenuDevRs485Adr4Enter
<LI><a href="#[36]">&gt;&gt;</a>&nbsp;&nbsp;&nbsp;DisMenuDevRs485Adr4Init
<LI><a href="#[32]">&gt;&gt;</a>&nbsp;&nbsp;&nbsp;DisMenuDevRs485Adr3Enter
<LI><a href="#[30]">&gt;&gt;</a>&nbsp;&nbsp;&nbsp;DisMenuDevRs485Adr3Init
<LI><a href="#[2c]">&gt;&gt;</a>&nbsp;&nbsp;&nbsp;DisMenuDevRs485Adr2Enter
<LI><a href="#[2a]">&gt;&gt;</a>&nbsp;&nbsp;&nbsp;DisMenuDevRs485Adr2Init
<LI><a href="#[26]">&gt;&gt;</a>&nbsp;&nbsp;&nbsp;DisMenuDevRs485Adr1Enter
<LI><a href="#[24]">&gt;&gt;</a>&nbsp;&nbsp;&nbsp;DisMenuDevRs485Adr1Init
<LI><a href="#[20]">&gt;&gt;</a>&nbsp;&nbsp;&nbsp;DisMenuDevPortEnter
<LI><a href="#[1e]">&gt;&gt;</a>&nbsp;&nbsp;&nbsp;DisMenuDevPortInit
<LI><a href="#[1a]">&gt;&gt;</a>&nbsp;&nbsp;&nbsp;DisMenuDevIPEnter
<LI><a href="#[18]">&gt;&gt;</a>&nbsp;&nbsp;&nbsp;DisMenuDevIPInit
<LI><a href="#[e]">&gt;&gt;</a>&nbsp;&nbsp;&nbsp;DisMenuDevAdrEnter
<LI><a href="#[c]">&gt;&gt;</a>&nbsp;&nbsp;&nbsp;DisMenuDevAdrInit
<LI><a href="#[11b]">&gt;&gt;</a>&nbsp;&nbsp;&nbsp;RxAnlyse
<LI><a href="#[aa]">&gt;&gt;</a>&nbsp;&nbsp;&nbsp;storage_init
<LI><a href="#[15a]">&gt;&gt;</a>&nbsp;&nbsp;&nbsp;storage_write_record
</UL>

<P><STRONG><a name="[b4]"></a>SPI_FLASH_ReadID</STRONG> (Thumb, 86 bytes, Stack size 24 bytes, spi_flash.o(.text))
<BR><BR>[Stack]<UL><LI>Max Depth = 32<LI>Call Chain = SPI_FLASH_ReadID &rArr; SPI_FLASH_SendByte
</UL>
<BR>[Calls]<UL><LI><a href="#[102]">&gt;&gt;</a>&nbsp;&nbsp;&nbsp;SPI_FLASH_SendByte
<LI><a href="#[c9]">&gt;&gt;</a>&nbsp;&nbsp;&nbsp;GPIO_ResetBits
<LI><a href="#[bc]">&gt;&gt;</a>&nbsp;&nbsp;&nbsp;GPIO_SetBits
</UL>
<BR>[Called By]<UL><LI><a href="#[94]">&gt;&gt;</a>&nbsp;&nbsp;&nbsp;main
</UL>

<P><STRONG><a name="[b3]"></a>SPI_FLASH_ReadDeviceID</STRONG> (Thumb, 70 bytes, Stack size 8 bytes, spi_flash.o(.text))
<BR><BR>[Stack]<UL><LI>Max Depth = 16<LI>Call Chain = SPI_FLASH_ReadDeviceID &rArr; SPI_FLASH_SendByte
</UL>
<BR>[Calls]<UL><LI><a href="#[102]">&gt;&gt;</a>&nbsp;&nbsp;&nbsp;SPI_FLASH_SendByte
<LI><a href="#[c9]">&gt;&gt;</a>&nbsp;&nbsp;&nbsp;GPIO_ResetBits
<LI><a href="#[bc]">&gt;&gt;</a>&nbsp;&nbsp;&nbsp;GPIO_SetBits
</UL>
<BR>[Called By]<UL><LI><a href="#[94]">&gt;&gt;</a>&nbsp;&nbsp;&nbsp;main
</UL>

<P><STRONG><a name="[10d]"></a>SPI_FLASH_StartReadSequence</STRONG> (Thumb, 44 bytes, Stack size 8 bytes, spi_flash.o(.text), UNUSED)
<BR><BR>[Calls]<UL><LI><a href="#[102]">&gt;&gt;</a>&nbsp;&nbsp;&nbsp;SPI_FLASH_SendByte
<LI><a href="#[c9]">&gt;&gt;</a>&nbsp;&nbsp;&nbsp;GPIO_ResetBits
</UL>

<P><STRONG><a name="[10e]"></a>SPI_FLASH_ReadByte</STRONG> (Thumb, 10 bytes, Stack size 8 bytes, spi_flash.o(.text), UNUSED)
<BR><BR>[Calls]<UL><LI><a href="#[102]">&gt;&gt;</a>&nbsp;&nbsp;&nbsp;SPI_FLASH_SendByte
</UL>

<P><STRONG><a name="[10f]"></a>SPI_FLASH_SendHalfWord</STRONG> (Thumb, 48 bytes, Stack size 8 bytes, spi_flash.o(.text), UNUSED)
<BR><BR>[Calls]<UL><LI><a href="#[104]">&gt;&gt;</a>&nbsp;&nbsp;&nbsp;SPI_I2S_SendData
<LI><a href="#[105]">&gt;&gt;</a>&nbsp;&nbsp;&nbsp;SPI_I2S_ReceiveData
<LI><a href="#[103]">&gt;&gt;</a>&nbsp;&nbsp;&nbsp;SPI_I2S_GetFlagStatus
</UL>

<P><STRONG><a name="[110]"></a>SPI_Flash_PowerDown</STRONG> (Thumb, 26 bytes, Stack size 8 bytes, spi_flash.o(.text), UNUSED)
<BR><BR>[Calls]<UL><LI><a href="#[102]">&gt;&gt;</a>&nbsp;&nbsp;&nbsp;SPI_FLASH_SendByte
<LI><a href="#[c9]">&gt;&gt;</a>&nbsp;&nbsp;&nbsp;GPIO_ResetBits
<LI><a href="#[bc]">&gt;&gt;</a>&nbsp;&nbsp;&nbsp;GPIO_SetBits
</UL>

<P><STRONG><a name="[111]"></a>SPI_Flash_WAKEUP</STRONG> (Thumb, 26 bytes, Stack size 8 bytes, spi_flash.o(.text), UNUSED)
<BR><BR>[Calls]<UL><LI><a href="#[102]">&gt;&gt;</a>&nbsp;&nbsp;&nbsp;SPI_FLASH_SendByte
<LI><a href="#[c9]">&gt;&gt;</a>&nbsp;&nbsp;&nbsp;GPIO_ResetBits
<LI><a href="#[bc]">&gt;&gt;</a>&nbsp;&nbsp;&nbsp;GPIO_SetBits
</UL>

<P><STRONG><a name="[11d]"></a>Decry</STRONG> (Thumb, 60 bytes, Stack size 20 bytes, gprs.o(.text))
<BR><BR>[Stack]<UL><LI>Max Depth = 20<LI>Call Chain = Decry
</UL>
<BR>[Called By]<UL><LI><a href="#[11b]">&gt;&gt;</a>&nbsp;&nbsp;&nbsp;RxAnlyse
</UL>

<P><STRONG><a name="[117]"></a>Encry</STRONG> (Thumb, 56 bytes, Stack size 20 bytes, gprs.o(.text))
<BR><BR>[Stack]<UL><LI>Max Depth = 20<LI>Call Chain = Encry
</UL>
<BR>[Called By]<UL><LI><a href="#[116]">&gt;&gt;</a>&nbsp;&nbsp;&nbsp;fill_data
</UL>

<P><STRONG><a name="[115]"></a>calcrc</STRONG> (Thumb, 36 bytes, Stack size 8 bytes, gprs.o(.text))
<BR><BR>[Stack]<UL><LI>Max Depth = 8<LI>Call Chain = calcrc
</UL>
<BR>[Called By]<UL><LI><a href="#[11b]">&gt;&gt;</a>&nbsp;&nbsp;&nbsp;RxAnlyse
<LI><a href="#[116]">&gt;&gt;</a>&nbsp;&nbsp;&nbsp;fill_data
<LI><a href="#[112]">&gt;&gt;</a>&nbsp;&nbsp;&nbsp;fill_data_nocrypto
</UL>

<P><STRONG><a name="[112]"></a>fill_data_nocrypto</STRONG> (Thumb, 130 bytes, Stack size 24 bytes, gprs.o(.text))
<BR><BR>[Stack]<UL><LI>Max Depth = 32<LI>Call Chain = fill_data_nocrypto &rArr; calcrc
</UL>
<BR>[Calls]<UL><LI><a href="#[115]">&gt;&gt;</a>&nbsp;&nbsp;&nbsp;calcrc
<LI><a href="#[113]">&gt;&gt;</a>&nbsp;&nbsp;&nbsp;__aeabi_memclr
<LI><a href="#[114]">&gt;&gt;</a>&nbsp;&nbsp;&nbsp;__aeabi_memcpy
</UL>
<BR>[Called By]<UL><LI><a href="#[125]">&gt;&gt;</a>&nbsp;&nbsp;&nbsp;processATCnfData
<LI><a href="#[11b]">&gt;&gt;</a>&nbsp;&nbsp;&nbsp;RxAnlyse
</UL>

<P><STRONG><a name="[116]"></a>fill_data</STRONG> (Thumb, 162 bytes, Stack size 24 bytes, gprs.o(.text))
<BR><BR>[Stack]<UL><LI>Max Depth = 44<LI>Call Chain = fill_data &rArr; Encry
</UL>
<BR>[Calls]<UL><LI><a href="#[115]">&gt;&gt;</a>&nbsp;&nbsp;&nbsp;calcrc
<LI><a href="#[117]">&gt;&gt;</a>&nbsp;&nbsp;&nbsp;Encry
<LI><a href="#[113]">&gt;&gt;</a>&nbsp;&nbsp;&nbsp;__aeabi_memclr
<LI><a href="#[114]">&gt;&gt;</a>&nbsp;&nbsp;&nbsp;__aeabi_memcpy
</UL>
<BR>[Called By]<UL><LI><a href="#[11b]">&gt;&gt;</a>&nbsp;&nbsp;&nbsp;RxAnlyse
<LI><a href="#[11a]">&gt;&gt;</a>&nbsp;&nbsp;&nbsp;GPRS_SendHeart
<LI><a href="#[119]">&gt;&gt;</a>&nbsp;&nbsp;&nbsp;GPRS_SendErrorCode
<LI><a href="#[118]">&gt;&gt;</a>&nbsp;&nbsp;&nbsp;GPRS_SendNormalData
</UL>

<P><STRONG><a name="[118]"></a>GPRS_SendNormalData</STRONG> (Thumb, 484 bytes, Stack size 8 bytes, gprs.o(.text))
<BR><BR>[Stack]<UL><LI>Max Depth = 52<LI>Call Chain = GPRS_SendNormalData &rArr; fill_data &rArr; Encry
</UL>
<BR>[Calls]<UL><LI><a href="#[116]">&gt;&gt;</a>&nbsp;&nbsp;&nbsp;fill_data
<LI><a href="#[b6]">&gt;&gt;</a>&nbsp;&nbsp;&nbsp;TimerStart
</UL>
<BR>[Called By]<UL><LI><a href="#[c1]">&gt;&gt;</a>&nbsp;&nbsp;&nbsp;processUserTimerOut
</UL>

<P><STRONG><a name="[119]"></a>GPRS_SendErrorCode</STRONG> (Thumb, 58 bytes, Stack size 16 bytes, gprs.o(.text))
<BR><BR>[Stack]<UL><LI>Max Depth = 60<LI>Call Chain = GPRS_SendErrorCode &rArr; fill_data &rArr; Encry
</UL>
<BR>[Calls]<UL><LI><a href="#[116]">&gt;&gt;</a>&nbsp;&nbsp;&nbsp;fill_data
<LI><a href="#[b6]">&gt;&gt;</a>&nbsp;&nbsp;&nbsp;TimerStart
</UL>
<BR>[Called By]<UL><LI><a href="#[15d]">&gt;&gt;</a>&nbsp;&nbsp;&nbsp;copy_data
</UL>

<P><STRONG><a name="[11a]"></a>GPRS_SendHeart</STRONG> (Thumb, 110 bytes, Stack size 8 bytes, gprs.o(.text))
<BR><BR>[Stack]<UL><LI>Max Depth = 52<LI>Call Chain = GPRS_SendHeart &rArr; fill_data &rArr; Encry
</UL>
<BR>[Calls]<UL><LI><a href="#[116]">&gt;&gt;</a>&nbsp;&nbsp;&nbsp;fill_data
<LI><a href="#[b6]">&gt;&gt;</a>&nbsp;&nbsp;&nbsp;TimerStart
</UL>
<BR>[Called By]<UL><LI><a href="#[c1]">&gt;&gt;</a>&nbsp;&nbsp;&nbsp;processUserTimerOut
</UL>

<P><STRONG><a name="[11c]"></a>addresscmp</STRONG> (Thumb, 38 bytes, Stack size 8 bytes, gprs.o(.text))
<BR><BR>[Stack]<UL><LI>Max Depth = 8<LI>Call Chain = addresscmp
</UL>
<BR>[Called By]<UL><LI><a href="#[11b]">&gt;&gt;</a>&nbsp;&nbsp;&nbsp;RxAnlyse
</UL>

<P><STRONG><a name="[11b]"></a>RxAnlyse</STRONG> (Thumb, 3494 bytes, Stack size 48 bytes, gprs.o(.text))
<BR><BR>[Stack]<UL><LI>Max Depth = 124<LI>Call Chain = RxAnlyse &rArr; USART_printf &rArr; itoa
</UL>
<BR>[Calls]<UL><LI><a href="#[11f]">&gt;&gt;</a>&nbsp;&nbsp;&nbsp;RTC_Set
<LI><a href="#[11c]">&gt;&gt;</a>&nbsp;&nbsp;&nbsp;addresscmp
<LI><a href="#[116]">&gt;&gt;</a>&nbsp;&nbsp;&nbsp;fill_data
<LI><a href="#[112]">&gt;&gt;</a>&nbsp;&nbsp;&nbsp;fill_data_nocrypto
<LI><a href="#[115]">&gt;&gt;</a>&nbsp;&nbsp;&nbsp;calcrc
<LI><a href="#[11d]">&gt;&gt;</a>&nbsp;&nbsp;&nbsp;Decry
<LI><a href="#[10c]">&gt;&gt;</a>&nbsp;&nbsp;&nbsp;SPI_FLASH_BufferRead
<LI><a href="#[10b]">&gt;&gt;</a>&nbsp;&nbsp;&nbsp;SPI_FLASH_BufferWrite
<LI><a href="#[108]">&gt;&gt;</a>&nbsp;&nbsp;&nbsp;SPI_FLASH_SectorErase
<LI><a href="#[f7]">&gt;&gt;</a>&nbsp;&nbsp;&nbsp;USART_printf
<LI><a href="#[11e]">&gt;&gt;</a>&nbsp;&nbsp;&nbsp;TimerStop
<LI><a href="#[b6]">&gt;&gt;</a>&nbsp;&nbsp;&nbsp;TimerStart
</UL>
<BR>[Called By]<UL><LI><a href="#[125]">&gt;&gt;</a>&nbsp;&nbsp;&nbsp;processATCnfData
</UL>

<P><STRONG><a name="[120]"></a>SendATCommand</STRONG> (Thumb, 24 bytes, Stack size 8 bytes, gprs.o(.text))
<BR><BR>[Stack]<UL><LI>Max Depth = 24<LI>Call Chain = SendATCommand &rArr; USART_SendByte
</UL>
<BR>[Calls]<UL><LI><a href="#[fa]">&gt;&gt;</a>&nbsp;&nbsp;&nbsp;USART_SendByte
</UL>
<BR>[Called By]<UL><LI><a href="#[12c]">&gt;&gt;</a>&nbsp;&nbsp;&nbsp;ProcessIncomingSMS
<LI><a href="#[12b]">&gt;&gt;</a>&nbsp;&nbsp;&nbsp;SendMessage
<LI><a href="#[125]">&gt;&gt;</a>&nbsp;&nbsp;&nbsp;processATCnfData
<LI><a href="#[121]">&gt;&gt;</a>&nbsp;&nbsp;&nbsp;sim900b_send_tcp_data
<LI><a href="#[c1]">&gt;&gt;</a>&nbsp;&nbsp;&nbsp;processUserTimerOut
</UL>

<P><STRONG><a name="[121]"></a>sim900b_send_tcp_data</STRONG> (Thumb, 112 bytes, Stack size 136 bytes, gprs.o(.text))
<BR><BR>[Stack]<UL><LI>Max Depth = 212<LI>Call Chain = sim900b_send_tcp_data &rArr; USART_printf &rArr; itoa
</UL>
<BR>[Calls]<UL><LI><a href="#[120]">&gt;&gt;</a>&nbsp;&nbsp;&nbsp;SendATCommand
<LI><a href="#[f9]">&gt;&gt;</a>&nbsp;&nbsp;&nbsp;USART_SendNByte
<LI><a href="#[f7]">&gt;&gt;</a>&nbsp;&nbsp;&nbsp;USART_printf
<LI><a href="#[b6]">&gt;&gt;</a>&nbsp;&nbsp;&nbsp;TimerStart
<LI><a href="#[122]">&gt;&gt;</a>&nbsp;&nbsp;&nbsp;__aeabi_memclr4
<LI><a href="#[123]">&gt;&gt;</a>&nbsp;&nbsp;&nbsp;__2sprintf
</UL>
<BR>[Called By]<UL><LI><a href="#[c1]">&gt;&gt;</a>&nbsp;&nbsp;&nbsp;processUserTimerOut
</UL>

<P><STRONG><a name="[124]"></a>ParseStringByToken</STRONG> (Thumb, 130 bytes, Stack size 32 bytes, gprs.o(.text))
<BR><BR>[Stack]<UL><LI>Max Depth = 32<LI>Call Chain = ParseStringByToken
</UL>
<BR>[Calls]<UL><LI><a href="#[114]">&gt;&gt;</a>&nbsp;&nbsp;&nbsp;__aeabi_memcpy
</UL>
<BR>[Called By]<UL><LI><a href="#[12c]">&gt;&gt;</a>&nbsp;&nbsp;&nbsp;ProcessIncomingSMS
</UL>

<P><STRONG><a name="[128]"></a>ParseReceiveMessage</STRONG> (Thumb, 234 bytes, Stack size 12 bytes, gprs.o(.text))
<BR><BR>[Stack]<UL><LI>Max Depth = 12<LI>Call Chain = ParseReceiveMessage
</UL>
<BR>[Called By]<UL><LI><a href="#[125]">&gt;&gt;</a>&nbsp;&nbsp;&nbsp;processATCnfData
</UL>

<P><STRONG><a name="[125]"></a>processATCnfData</STRONG> (Thumb, 2016 bytes, Stack size 88 bytes, gprs.o(.text))
<BR><BR>[Stack]<UL><LI>Max Depth = 212<LI>Call Chain = processATCnfData &rArr; RxAnlyse &rArr; USART_printf &rArr; itoa
</UL>
<BR>[Calls]<UL><LI><a href="#[128]">&gt;&gt;</a>&nbsp;&nbsp;&nbsp;ParseReceiveMessage
<LI><a href="#[120]">&gt;&gt;</a>&nbsp;&nbsp;&nbsp;SendATCommand
<LI><a href="#[11b]">&gt;&gt;</a>&nbsp;&nbsp;&nbsp;RxAnlyse
<LI><a href="#[112]">&gt;&gt;</a>&nbsp;&nbsp;&nbsp;fill_data_nocrypto
<LI><a href="#[f7]">&gt;&gt;</a>&nbsp;&nbsp;&nbsp;USART_printf
<LI><a href="#[11e]">&gt;&gt;</a>&nbsp;&nbsp;&nbsp;TimerStop
<LI><a href="#[b6]">&gt;&gt;</a>&nbsp;&nbsp;&nbsp;TimerStart
<LI><a href="#[129]">&gt;&gt;</a>&nbsp;&nbsp;&nbsp;strchr
<LI><a href="#[126]">&gt;&gt;</a>&nbsp;&nbsp;&nbsp;strstr
<LI><a href="#[122]">&gt;&gt;</a>&nbsp;&nbsp;&nbsp;__aeabi_memclr4
<LI><a href="#[113]">&gt;&gt;</a>&nbsp;&nbsp;&nbsp;__aeabi_memclr
<LI><a href="#[127]">&gt;&gt;</a>&nbsp;&nbsp;&nbsp;atoi
<LI><a href="#[123]">&gt;&gt;</a>&nbsp;&nbsp;&nbsp;__2sprintf
</UL>
<BR>[Called By]<UL><LI><a href="#[12a]">&gt;&gt;</a>&nbsp;&nbsp;&nbsp;processATCnf
</UL>

<P><STRONG><a name="[12a]"></a>processATCnf</STRONG> (Thumb, 48 bytes, Stack size 16 bytes, gprs.o(.text))
<BR><BR>[Stack]<UL><LI>Max Depth = 228<LI>Call Chain = processATCnf &rArr; processATCnfData &rArr; RxAnlyse &rArr; USART_printf &rArr; itoa
</UL>
<BR>[Calls]<UL><LI><a href="#[125]">&gt;&gt;</a>&nbsp;&nbsp;&nbsp;processATCnfData
<LI><a href="#[113]">&gt;&gt;</a>&nbsp;&nbsp;&nbsp;__aeabi_memclr
<LI><a href="#[114]">&gt;&gt;</a>&nbsp;&nbsp;&nbsp;__aeabi_memcpy
</UL>
<BR>[Called By]<UL><LI><a href="#[c2]">&gt;&gt;</a>&nbsp;&nbsp;&nbsp;GprsProc
</UL>

<P><STRONG><a name="[12b]"></a>SendMessage</STRONG> (Thumb, 48 bytes, Stack size 72 bytes, gprs.o(.text))
<BR><BR>[Stack]<UL><LI>Max Depth = 96<LI>Call Chain = SendMessage &rArr; SendATCommand &rArr; USART_SendByte
</UL>
<BR>[Calls]<UL><LI><a href="#[120]">&gt;&gt;</a>&nbsp;&nbsp;&nbsp;SendATCommand
<LI><a href="#[122]">&gt;&gt;</a>&nbsp;&nbsp;&nbsp;__aeabi_memclr4
<LI><a href="#[123]">&gt;&gt;</a>&nbsp;&nbsp;&nbsp;__2sprintf
</UL>
<BR>[Called By]<UL><LI><a href="#[c1]">&gt;&gt;</a>&nbsp;&nbsp;&nbsp;processUserTimerOut
</UL>

<P><STRONG><a name="[12c]"></a>ProcessIncomingSMS</STRONG> (Thumb, 298 bytes, Stack size 240 bytes, gprs.o(.text))
<BR><BR>[Stack]<UL><LI>Max Depth = 272<LI>Call Chain = ProcessIncomingSMS &rArr; ParseStringByToken
</UL>
<BR>[Calls]<UL><LI><a href="#[124]">&gt;&gt;</a>&nbsp;&nbsp;&nbsp;ParseStringByToken
<LI><a href="#[120]">&gt;&gt;</a>&nbsp;&nbsp;&nbsp;SendATCommand
<LI><a href="#[12e]">&gt;&gt;</a>&nbsp;&nbsp;&nbsp;strncmp
<LI><a href="#[12f]">&gt;&gt;</a>&nbsp;&nbsp;&nbsp;strcpy
<LI><a href="#[12d]">&gt;&gt;</a>&nbsp;&nbsp;&nbsp;strlen
<LI><a href="#[122]">&gt;&gt;</a>&nbsp;&nbsp;&nbsp;__aeabi_memclr4
<LI><a href="#[113]">&gt;&gt;</a>&nbsp;&nbsp;&nbsp;__aeabi_memclr
</UL>
<BR>[Called By]<UL><LI><a href="#[c1]">&gt;&gt;</a>&nbsp;&nbsp;&nbsp;processUserTimerOut
</UL>

<P><STRONG><a name="[ac]"></a>GPRS_Initial</STRONG> (Thumb, 44 bytes, Stack size 8 bytes, gprs.o(.text))
<BR><BR>[Stack]<UL><LI>Max Depth = 32<LI>Call Chain = GPRS_Initial &rArr; GPIO_Init
</UL>
<BR>[Calls]<UL><LI><a href="#[cb]">&gt;&gt;</a>&nbsp;&nbsp;&nbsp;RCC_APB2PeriphClockCmd
<LI><a href="#[cd]">&gt;&gt;</a>&nbsp;&nbsp;&nbsp;GPIO_Init
</UL>
<BR>[Called By]<UL><LI><a href="#[94]">&gt;&gt;</a>&nbsp;&nbsp;&nbsp;main
</UL>

<P><STRONG><a name="[b2]"></a>GPRS_StartUp</STRONG> (Thumb, 56 bytes, Stack size 8 bytes, gprs.o(.text))
[...]
</UL>

<P><STRONG><a name="[1a6]"></a>__aeabi_llsr</STRONG> (Thumb, 32 bytes, Stack size 0 bytes, llushr.o(.text), UNUSED)
<BR><BR>[Called By]<UL><LI><a href="#[eb]">&gt;&gt;</a>&nbsp;&nbsp;&nbsp;__aeabi_d2iz
<LI><a href="#[1a7]">&gt;&gt;</a>&nbsp;&nbsp;&nbsp;__aeabi_uldivmod
<LI><a href="#[1a4]">&gt;&gt;</a>&nbsp;&nbsp;&nbsp;_double_epilogue
</UL>

<P><STRONG><a name="[28e]"></a>_ll_ushift_r</STRONG> (Thumb, 0 bytes, Stack size 0 bytes, llushr.o(.text), UNUSED)

<P><STRONG><a name="[1a3]"></a>strtol</STRONG> (Thumb, 112 bytes, Stack size 32 bytes, strtol.o(.text))
<BR><BR>[Stack]<UL><LI>Max Depth = 72<LI>Call Chain = strtol &rArr; _strtoul
</UL>
<BR>[Calls]<UL><LI><a href="#[1aa]">&gt;&gt;</a>&nbsp;&nbsp;&nbsp;_strtoul
<LI><a href="#[1a9]">&gt;&gt;</a>&nbsp;&nbsp;&nbsp;__rt_ctype_table
<LI><a href="#[1a2]">&gt;&gt;</a>&nbsp;&nbsp;&nbsp;__aeabi_errno_addr
</UL>
<BR>[Called By]<UL><LI><a href="#[127]">&gt;&gt;</a>&nbsp;&nbsp;&nbsp;atoi
</UL>

<P><STRONG><a name="[28f]"></a>__I$use$fp</STRONG> (Thumb, 0 bytes, Stack size 0 bytes, iusefp.o(.text), UNUSED)

<P><STRONG><a name="[290]"></a>_float_round</STRONG> (Thumb, 18 bytes, Stack size 0 bytes, fepilogue.o(.text), UNUSED)

<P><STRONG><a name="[1a5]"></a>_float_epilogue</STRONG> (Thumb, 90 bytes, Stack size 4 bytes, fepilogue.o(.text), UNUSED)
<BR><BR>[Called By]<UL><LI><a href="#[e8]">&gt;&gt;</a>&nbsp;&nbsp;&nbsp;__aeabi_i2f
</UL>

<P><STRONG><a name="[1ab]"></a>_double_round</STRONG> (Thumb, 26 bytes, Stack size 8 bytes, depilogue.o(.text), UNUSED)
<BR><BR>[Called By]<UL><LI><a href="#[1a4]">&gt;&gt;</a>&nbsp;&nbsp;&nbsp;_double_epilogue
</UL>

<P><STRONG><a name="[1a4]"></a>_double_epilogue</STRONG> (Thumb, 164 bytes, Stack size 32 bytes, depilogue.o(.text), UNUSED)
<BR><BR>[Calls]<UL><LI><a href="#[1a8]">&gt;&gt;</a>&nbsp;&nbsp;&nbsp;__aeabi_llsl
<LI><a href="#[1ab]">&gt;&gt;</a>&nbsp;&nbsp;&nbsp;_double_round
<LI><a href="#[1a6]">&gt;&gt;</a>&nbsp;&nbsp;&nbsp;__aeabi_llsr
</UL>
<BR>[Called By]<UL><LI><a href="#[ea]">&gt;&gt;</a>&nbsp;&nbsp;&nbsp;__aeabi_dmul
</UL>

<P><STRONG><a name="[9f]"></a>__scatterload</STRONG> (Thumb, 28 bytes, Stack size 0 bytes, init.o(.text))
<BR><BR>[Calls]<UL><LI><a href="#[1ac]">&gt;&gt;</a>&nbsp;&nbsp;&nbsp;__main_after_scatterload
</UL>
<BR>[Called By]<UL><LI><a href="#[9e]">&gt;&gt;</a>&nbsp;&nbsp;&nbsp;_main_scatterload
</UL>

<P><STRONG><a name="[291]"></a>__scatterload_rt2</STRONG> (Thumb, 0 bytes, Stack size 0 bytes, init.o(.text), UNUSED)

<P><STRONG><a name="[1a8]"></a>__aeabi_llsl</STRONG> (Thumb, 30 bytes, Stack size 0 bytes, llshl.o(.text), UNUSED)
<BR><BR>[Called By]<UL><LI><a href="#[1a7]">&gt;&gt;</a>&nbsp;&nbsp;&nbsp;__aeabi_uldivmod
<LI><a href="#[1a4]">&gt;&gt;</a>&nbsp;&nbsp;&nbsp;_double_epilogue
</UL>

<P><STRONG><a name="[292]"></a>_ll_shift_l</STRONG> (Thumb, 0 bytes, Stack size 0 bytes, llshl.o(.text), UNUSED)

<P><STRONG><a name="[1a9]"></a>__rt_ctype_table</STRONG> (Thumb, 4 bytes, Stack size 0 bytes, ctype_o.o(.text))
<BR><BR>[Called By]<UL><LI><a href="#[1a3]">&gt;&gt;</a>&nbsp;&nbsp;&nbsp;strtol
</UL>

<P><STRONG><a name="[1aa]"></a>_strtoul</STRONG> (Thumb, 158 bytes, Stack size 40 bytes, _strtoul.o(.text))
<BR><BR>[Stack]<UL><LI>Max Depth = 40<LI>Call Chain = _strtoul
</UL>
<BR>[Calls]<UL><LI><a href="#[1ad]">&gt;&gt;</a>&nbsp;&nbsp;&nbsp;_chval
<LI><a href="#[1a2]">&gt;&gt;</a>&nbsp;&nbsp;&nbsp;__aeabi_errno_addr
</UL>
<BR>[Called By]<UL><LI><a href="#[1a3]">&gt;&gt;</a>&nbsp;&nbsp;&nbsp;strtol
</UL>

<P><STRONG><a name="[1ad]"></a>_chval</STRONG> (Thumb, 28 bytes, Stack size 0 bytes, _chval.o(.text))
<BR><BR>[Called By]<UL><LI><a href="#[1aa]">&gt;&gt;</a>&nbsp;&nbsp;&nbsp;_strtoul
</UL>

<P><STRONG><a name="[293]"></a>__decompress</STRONG> (Thumb, 0 bytes, Stack size unknown bytes, __dczerorl2.o(.text), UNUSED)

<P><STRONG><a name="[294]"></a>__decompress1</STRONG> (Thumb, 92 bytes, Stack size unknown bytes, __dczerorl2.o(.text), UNUSED)

<P><STRONG><a name="[133]"></a>LCD_SetCursor</STRONG> (Thumb, 40 bytes, Stack size 0 bytes, tft_lcd.o(i.LCD_SetCursor))
<BR><BR>[Called By]<UL><LI><a href="#[140]">&gt;&gt;</a>&nbsp;&nbsp;&nbsp;LCD_Clr
<LI><a href="#[134]">&gt;&gt;</a>&nbsp;&nbsp;&nbsp;LCD_Point
<LI><a href="#[132]">&gt;&gt;</a>&nbsp;&nbsp;&nbsp;LCD_OpenWindow
</UL>

<P><STRONG><a name="[1ae]"></a>__0printf$8</STRONG> (Thumb, 22 bytes, Stack size 24 bytes, printf8.o(i.__0printf$8), UNUSED)
<BR><BR>[Calls]<UL><LI><a href="#[1af]">&gt;&gt;</a>&nbsp;&nbsp;&nbsp;_printf_core
</UL>

<P><STRONG><a name="[295]"></a>__1printf$8</STRONG> (Thumb, 0 bytes, Stack size 24 bytes, printf8.o(i.__0printf$8), UNUSED)

<P><STRONG><a name="[b5]"></a>__2printf</STRONG> (Thumb, 0 bytes, Stack size 24 bytes, printf8.o(i.__0printf$8))
<BR><BR>[Stack]<UL><LI>Max Depth = 24<LI>Call Chain = __2printf
</UL>
<BR>[Called By]<UL><LI><a href="#[12]">&gt;&gt;</a>&nbsp;&nbsp;&nbsp;DisMenuDevTimeInit
<LI><a href="#[94]">&gt;&gt;</a>&nbsp;&nbsp;&nbsp;main
</UL>

<P><STRONG><a name="[1b0]"></a>__0sprintf$8</STRONG> (Thumb, 34 bytes, Stack size 24 bytes, printf8.o(i.__0sprintf$8), UNUSED)
<BR><BR>[Calls]<UL><LI><a href="#[9d]">&gt;&gt;</a>&nbsp;&nbsp;&nbsp;_sputc
<LI><a href="#[1af]">&gt;&gt;</a>&nbsp;&nbsp;&nbsp;_printf_core
</UL>

<P><STRONG><a name="[296]"></a>__1sprintf$8</STRONG> (Thumb, 0 bytes, Stack size 24 bytes, printf8.o(i.__0sprintf$8), UNUSED)

<P><STRONG><a name="[123]"></a>__2sprintf</STRONG> (Thumb, 0 bytes, Stack size 24 bytes, printf8.o(i.__0sprintf$8))
<BR><BR>[Stack]<UL><LI>Max Depth = 24<LI>Call Chain = __2sprintf
</UL>
<BR>[Called By]<UL><LI><a href="#[3c]">&gt;&gt;</a>&nbsp;&nbsp;&nbsp;DisMenuDevRs485Adr5Init
<LI><a href="#[36]">&gt;&gt;</a>&nbsp;&nbsp;&nbsp;DisMenuDevRs485Adr4Init
<LI><a href="#[30]">&gt;&gt;</a>&nbsp;&nbsp;&nbsp;DisMenuDevRs485Adr3Init
<LI><a href="#[2a]">&gt;&gt;</a>&nbsp;&nbsp;&nbsp;DisMenuDevRs485Adr2Init
<LI><a href="#[24]">&gt;&gt;</a>&nbsp;&nbsp;&nbsp;DisMenuDevRs485Adr1Init
<LI><a href="#[1e]">&gt;&gt;</a>&nbsp;&nbsp;&nbsp;DisMenuDevPortInit
<LI><a href="#[1a]">&gt;&gt;</a>&nbsp;&nbsp;&nbsp;DisMenuDevIPEnter
<LI><a href="#[18]">&gt;&gt;</a>&nbsp;&nbsp;&nbsp;DisMenuDevIPInit
<LI><a href="#[12]">&gt;&gt;</a>&nbsp;&nbsp;&nbsp;DisMenuDevTimeInit
<LI><a href="#[c]">&gt;&gt;</a>&nbsp;&nbsp;&nbsp;DisMenuDevAdrInit
<LI><a href="#[3]">&gt;&gt;</a>&nbsp;&nbsp;&nbsp;DisMenuTopUp
<LI><a href="#[12b]">&gt;&gt;</a>&nbsp;&nbsp;&nbsp;SendMessage
<LI><a href="#[125]">&gt;&gt;</a>&nbsp;&nbsp;&nbsp;processATCnfData
<LI><a href="#[121]">&gt;&gt;</a>&nbsp;&nbsp;&nbsp;sim900b_send_tcp_data
<LI><a href="#[c1]">&gt;&gt;</a>&nbsp;&nbsp;&nbsp;processUserTimerOut
<LI><a href="#[b9]">&gt;&gt;</a>&nbsp;&nbsp;&nbsp;ui_flush_idle_display
<LI><a href="#[aa]">&gt;&gt;</a>&nbsp;&nbsp;&nbsp;storage_init
</UL>

<P><STRONG><a name="[1a2]"></a>__aeabi_errno_addr</STRONG> (Thumb, 4 bytes, Stack size 0 bytes, errno.o(i.__aeabi_errno_addr))
<BR><BR>[Called By]<UL><LI><a href="#[1aa]">&gt;&gt;</a>&nbsp;&nbsp;&nbsp;_strtoul
<LI><a href="#[1a3]">&gt;&gt;</a>&nbsp;&nbsp;&nbsp;strtol
<LI><a href="#[127]">&gt;&gt;</a>&nbsp;&nbsp;&nbsp;atoi
</UL>

<P><STRONG><a name="[297]"></a>__rt_errno_addr</STRONG> (Thumb, 0 bytes, Stack size 0 bytes, errno.o(i.__aeabi_errno_addr), UNUSED)

<P><STRONG><a name="[298]"></a>__scatterload_copy</STRONG> (Thumb, 14 bytes, Stack size unknown bytes, handlers.o(i.__scatterload_copy), UNUSED)

<P><STRONG><a name="[299]"></a>__scatterload_null</STRONG> (Thumb, 2 bytes, Stack size unknown bytes, handlers.o(i.__scatterload_null), UNUSED)

<P><STRONG><a name="[29a]"></a>__scatterload_zeroinit</STRONG> (Thumb, 14 bytes, Stack size unknown bytes, handlers.o(i.__scatterload_zeroinit), UNUSED)
<P>
<H3>
Local Symbols
</H3>
<P><STRONG><a name="[97]"></a>IsKeyReturn</STRONG> (Thumb, 22 bytes, Stack size 8 bytes, key.o(.text))
<BR><BR>[Stack]<UL><LI>Max Depth = 8<LI>Call Chain = IsKeyReturn
</UL>
<BR>[Calls]<UL><LI><a href="#[c7]">&gt;&gt;</a>&nbsp;&nbsp;&nbsp;GPIO_ReadInputDataBit
</UL>
<BR>[Address Reference Count : 1]<UL><LI> key.o(.text)
</UL>
<P><STRONG><a name="[98]"></a>IsKeyEnter</STRONG> (Thumb, 22 bytes, Stack size 8 bytes, key.o(.text))
<BR><BR>[Stack]<UL><LI>Max Depth = 8<LI>Call Chain = IsKeyEnter
</UL>
<BR>[Calls]<UL><LI><a href="#[c7]">&gt;&gt;</a>&nbsp;&nbsp;&nbsp;GPIO_ReadInputDataBit
</UL>
<BR>[Address Reference Count : 1]<UL><LI> key.o(.text)
</UL>
<P><STRONG><a name="[9a]"></a>IsKeyDn</STRONG> (Thumb, 22 bytes, Stack size 8 bytes, key.o(.text))
<BR><BR>[Stack]<UL><LI>Max Depth = 8<LI>Call Chain = IsKeyDn
</UL>
<BR>[Calls]<UL><LI><a href="#[c7]">&gt;&gt;</a>&nbsp;&nbsp;&nbsp;GPIO_ReadInputDataBit
</UL>
<BR>[Address Reference Count : 1]<UL><LI> key.o(.text)
</UL>
<P><STRONG><a name="[99]"></a>IsKeyUp</STRONG> (Thumb, 22 bytes, Stack size 8 bytes, key.o(.text))
<BR><BR>[Stack]<UL><LI>Max Depth = 8<LI>Call Chain = IsKeyUp
</UL>
<BR>[Calls]<UL><LI><a href="#[c7]">&gt;&gt;</a>&nbsp;&nbsp;&nbsp;GPIO_ReadInputDataBit
</UL>
<BR>[Address Reference Count : 1]<UL><LI> key.o(.text)
</UL>
<P><STRONG><a name="[9b]"></a>IsKeySet</STRONG> (Thumb, 22 bytes, Stack size 8 bytes, key.o(.text))
<BR><BR>[Stack]<UL><LI>Max Depth = 8<LI>Call Chain = IsKeySet
</UL>
<BR>[Calls]<UL><LI><a href="#[c7]">&gt;&gt;</a>&nbsp;&nbsp;&nbsp;GPIO_ReadInputDataBit
</UL>
<BR>[Address Reference Count : 1]<UL><LI> key.o(.text)
</UL>
<P><STRONG><a name="[ce]"></a>KeyInitMisc</STRONG> (Thumb, 212 bytes, Stack size 0 bytes, key.o(.text))
<BR><BR>[Called By]<UL><LI><a href="#[a8]">&gt;&gt;</a>&nbsp;&nbsp;&nbsp;KEY_Initial
</UL>

<P><STRONG><a name="[e6]"></a>DS18B20_Start</STRONG> (Thumb, 28 bytes, Stack size 8 bytes, ds18b20.o(.text), UNUSED)
<BR><BR>[Calls]<UL><LI><a href="#[e5]">&gt;&gt;</a>&nbsp;&nbsp;&nbsp;DS18B20_Write_Byte
<LI><a href="#[e1]">&gt;&gt;</a>&nbsp;&nbsp;&nbsp;DS18B20_Check
<LI><a href="#[df]">&gt;&gt;</a>&nbsp;&nbsp;&nbsp;DS18B20_Rst
</UL>
<BR>[Called By]<UL><LI><a href="#[e7]">&gt;&gt;</a>&nbsp;&nbsp;&nbsp;DS18B20_Get_Temp
</UL>

<P><STRONG><a name="[ec]"></a>USART_NVIC_Config</STRONG> (Thumb, 158 bytes, Stack size 8 bytes, usart.o(.text))
<BR><BR>[Stack]<UL><LI>Max Depth = 24<LI>Call Chain = USART_NVIC_Config &rArr; NVIC_Init
</UL>
<BR>[Calls]<UL><LI><a href="#[d2]">&gt;&gt;</a>&nbsp;&nbsp;&nbsp;NVIC_PriorityGroupConfig
<LI><a href="#[d3]">&gt;&gt;</a>&nbsp;&nbsp;&nbsp;NVIC_Init
</UL>
<BR>[Called By]<UL><LI><a href="#[ad]">&gt;&gt;</a>&nbsp;&nbsp;&nbsp;USART_Initial
</UL>

<P><STRONG><a name="[ed]"></a>USART1_Config</STRONG> (Thumb, 154 bytes, Stack size 24 bytes, usart.o(.text))
<BR><BR>[Stack]<UL><LI>Max Depth = 92<LI>Call Chain = USART1_Config &rArr; USART_Init &rArr; RCC_GetClocksFreq
</UL>
<BR>[Calls]<UL><LI><a href="#[ee]">&gt;&gt;</a>&nbsp;&nbsp;&nbsp;USART_Init
<LI><a href="#[ef]">&gt;&gt;</a>&nbsp;&nbsp;&nbsp;USART_ITConfig
<LI><a href="#[f1]">&gt;&gt;</a>&nbsp;&nbsp;&nbsp;USART_Cmd
<LI><a href="#[f0]">&gt;&gt;</a>&nbsp;&nbsp;&nbsp;USART_ClearFlag
<LI><a href="#[cb]">&gt;&gt;</a>&nbsp;&nbsp;&nbsp;RCC_APB2PeriphClockCmd
<LI><a href="#[cd]">&gt;&gt;</a>&nbsp;&nbsp;&nbsp;GPIO_Init
</UL>
<BR>[Called By]<UL><LI><a href="#[ad]">&gt;&gt;</a>&nbsp;&nbsp;&nbsp;USART_Initial
</UL>

<P><STRONG><a name="[f2]"></a>USART2_Config</STRONG> (Thumb, 160 bytes, Stack size 24 bytes, usart.o(.text))
<BR><BR>[Stack]<UL><LI>Max Depth = 92<LI>Call Chain = USART2_Config &rArr; USART_Init &rArr; RCC_GetClocksFreq
</UL>
<BR>[Calls]<UL><LI><a href="#[ee]">&gt;&gt;</a>&nbsp;&nbsp;&nbsp;USART_Init
<LI><a href="#[ef]">&gt;&gt;</a>&nbsp;&nbsp;&nbsp;USART_ITConfig
<LI><a href="#[f1]">&gt;&gt;</a>&nbsp;&nbsp;&nbsp;USART_Cmd
<LI><a href="#[f0]">&gt;&gt;</a>&nbsp;&nbsp;&nbsp;USART_ClearFlag
<LI><a href="#[d5]">&gt;&gt;</a>&nbsp;&nbsp;&nbsp;RCC_APB1PeriphClockCmd
<LI><a href="#[cb]">&gt;&gt;</a>&nbsp;&nbsp;&nbsp;RCC_APB2PeriphClockCmd
<LI><a href="#[cd]">&gt;&gt;</a>&nbsp;&nbsp;&nbsp;GPIO_Init
</UL>
<BR>[Called By]<UL><LI><a href="#[ad]">&gt;&gt;</a>&nbsp;&nbsp;&nbsp;USART_Initial
</UL>

<P><STRONG><a name="[f3]"></a>USART3_Config</STRONG> (Thumb, 182 bytes, Stack size 24 bytes, usart.o(.text))
<BR><BR>[Stack]<UL><LI>Max Depth = 92<LI>Call Chain = USART3_Config &rArr; USART_Init &rArr; RCC_GetClocksFreq
</UL>
<BR>[Calls]<UL><LI><a href="#[ee]">&gt;&gt;</a>&nbsp;&nbsp;&nbsp;USART_Init
<LI><a href="#[ef]">&gt;&gt;</a>&nbsp;&nbsp;&nbsp;USART_ITConfig
<LI><a href="#[f1]">&gt;&gt;</a>&nbsp;&nbsp;&nbsp;USART_Cmd
<LI><a href="#[f0]">&gt;&gt;</a>&nbsp;&nbsp;&nbsp;USART_ClearFlag
<LI><a href="#[d5]">&gt;&gt;</a>&nbsp;&nbsp;&nbsp;RCC_APB1PeriphClockCmd
<LI><a href="#[cb]">&gt;&gt;</a>&nbsp;&nbsp;&nbsp;RCC_APB2PeriphClockCmd
<LI><a href="#[cd]">&gt;&gt;</a>&nbsp;&nbsp;&nbsp;GPIO_Init
</UL>
<BR>[Called By]<UL><LI><a href="#[ad]">&gt;&gt;</a>&nbsp;&nbsp;&nbsp;USART_Initial
</UL>

<P><STRONG><a name="[f4]"></a>USART4_Config</STRONG> (Thumb, 182 bytes, Stack size 24 bytes, usart.o(.text))
<BR><BR>[Stack]<UL><LI>Max Depth = 92<LI>Call Chain = USART4_Config &rArr; USART_Init &rArr; RCC_GetClocksFreq
</UL>
<BR>[Calls]<UL><LI><a href="#[ee]">&gt;&gt;</a>&nbsp;&nbsp;&nbsp;USART_Init
<LI><a href="#[ef]">&gt;&gt;</a>&nbsp;&nbsp;&nbsp;USART_ITConfig
<LI><a href="#[f1]">&gt;&gt;</a>&nbsp;&nbsp;&nbsp;USART_Cmd
<LI><a href="#[f0]">&gt;&gt;</a>&nbsp;&nbsp;&nbsp;USART_ClearFlag
<LI><a href="#[d5]">&gt;&gt;</a>&nbsp;&nbsp;&nbsp;RCC_APB1PeriphClockCmd
<LI><a href="#[cb]">&gt;&gt;</a>&nbsp;&nbsp;&nbsp;RCC_APB2PeriphClockCmd
<LI><a href="#[cd]">&gt;&gt;</a>&nbsp;&nbsp;&nbsp;GPIO_Init
</UL>
<BR>[Called By]<UL><LI><a href="#[ad]">&gt;&gt;</a>&nbsp;&nbsp;&nbsp;USART_Initial
</UL>

<P><STRONG><a name="[f5]"></a>USART5_Config</STRONG> (Thumb, 146 bytes, Stack size 24 bytes, usart.o(.text))
<BR><BR>[Stack]<UL><LI>Max Depth = 92<LI>Call Chain = USART5_Config &rArr; USART_Init &rArr; RCC_GetClocksFreq
</UL>
<BR>[Calls]<UL><LI><a href="#[ee]">&gt;&gt;</a>&nbsp;&nbsp;&nbsp;USART_Init
<LI><a href="#[ef]">&gt;&gt;</a>&nbsp;&nbsp;&nbsp;USART_ITConfig
<LI><a href="#[f1]">&gt;&gt;</a>&nbsp;&nbsp;&nbsp;USART_Cmd
<LI><a href="#[f0]">&gt;&gt;</a>&nbsp;&nbsp;&nbsp;USART_ClearFlag
<LI><a href="#[d5]">&gt;&gt;</a>&nbsp;&nbsp;&nbsp;RCC_APB1PeriphClockCmd
<LI><a href="#[cb]">&gt;&gt;</a>&nbsp;&nbsp;&nbsp;RCC_APB2PeriphClockCmd
<LI><a href="#[cd]">&gt;&gt;</a>&nbsp;&nbsp;&nbsp;GPIO_Init
</UL>
<BR>[Called By]<UL><LI><a href="#[ad]">&gt;&gt;</a>&nbsp;&nbsp;&nbsp;USART_Initial
</UL>

<P><STRONG><a name="[f8]"></a>itoa</STRONG> (Thumb, 114 bytes, Stack size 20 bytes, usart.o(.text))
<BR><BR>[Stack]<UL><LI>Max Depth = 20<LI>Call Chain = itoa
</UL>
<BR>[Called By]<UL><LI><a href="#[f7]">&gt;&gt;</a>&nbsp;&nbsp;&nbsp;USART_printf
</UL>

<P><STRONG><a name="[136]"></a>abs</STRONG> (Thumb, 14 bytes, Stack size 0 bytes, tft_lcd.o(.text), UNUSED)
<BR><BR>[Called By]<UL><LI><a href="#[135]">&gt;&gt;</a>&nbsp;&nbsp;&nbsp;LCD_DrawLine
</UL>

<P><STRONG><a name="[15c]"></a>crc_chksum</STRONG> (Thumb, 42 bytes, Stack size 0 bytes, rs485_rs2.o(.text))
<BR><BR>[Called By]<UL><LI><a href="#[15b]">&gt;&gt;</a>&nbsp;&nbsp;&nbsp;rs485_rs2_send
</UL>

<P><STRONG><a name="[15f]"></a>crc</STRONG> (Thumb, 32 bytes, Stack size 8 bytes, rs485_rs3.o(.text))
<BR><BR>[Stack]<UL><LI>Max Depth = 8<LI>Call Chain = crc
</UL>
<BR>[Called By]<UL><LI><a href="#[160]">&gt;&gt;</a>&nbsp;&nbsp;&nbsp;RS485rs3Proc
<LI><a href="#[15e]">&gt;&gt;</a>&nbsp;&nbsp;&nbsp;rs485_rs3_send
</UL>

<P><STRONG><a name="[161]"></a>ADC1_GPIO_Config</STRONG> (Thumb, 46 bytes, Stack size 8 bytes, adc.o(.text))
<BR><BR>[Stack]<UL><LI>Max Depth = 32<LI>Call Chain = ADC1_GPIO_Config &rArr; GPIO_Init
</UL>
<BR>[Calls]<UL><LI><a href="#[13a]">&gt;&gt;</a>&nbsp;&nbsp;&nbsp;RCC_AHBPeriphClockCmd
<LI><a href="#[cb]">&gt;&gt;</a>&nbsp;&nbsp;&nbsp;RCC_APB2PeriphClockCmd
<LI><a href="#[cd]">&gt;&gt;</a>&nbsp;&nbsp;&nbsp;GPIO_Init
</UL>
<BR>[Called By]<UL><LI><a href="#[b1]">&gt;&gt;</a>&nbsp;&nbsp;&nbsp;ADC1_Init
</UL>

<P><STRONG><a name="[162]"></a>ADC1_Mode_Config</STRONG> (Thumb, 206 bytes, Stack size 72 bytes, adc.o(.text))
<BR><BR>[Stack]<UL><LI>Max Depth = 92<LI>Call Chain = ADC1_Mode_Config &rArr; ADC_RegularChannelConfig
</UL>
<BR>[Calls]<UL><LI><a href="#[164]">&gt;&gt;</a>&nbsp;&nbsp;&nbsp;DMA_Init
<LI><a href="#[163]">&gt;&gt;</a>&nbsp;&nbsp;&nbsp;DMA_DeInit
<LI><a href="#[165]">&gt;&gt;</a>&nbsp;&nbsp;&nbsp;DMA_Cmd
<LI><a href="#[16c]">&gt;&gt;</a>&nbsp;&nbsp;&nbsp;ADC_StartCalibration
<LI><a href="#[16e]">&gt;&gt;</a>&nbsp;&nbsp;&nbsp;ADC_SoftwareStartConvCmd
<LI><a href="#[16a]">&gt;&gt;</a>&nbsp;&nbsp;&nbsp;ADC_ResetCalibration
<LI><a href="#[167]">&gt;&gt;</a>&nbsp;&nbsp;&nbsp;ADC_RegularChannelConfig
<LI><a href="#[166]">&gt;&gt;</a>&nbsp;&nbsp;&nbsp;ADC_Init
<LI><a href="#[16b]">&gt;&gt;</a>&nbsp;&nbsp;&nbsp;ADC_GetResetCalibrationStatus
<LI><a href="#[16d]">&gt;&gt;</a>&nbsp;&nbsp;&nbsp;ADC_GetCalibrationStatus
<LI><a href="#[168]">&gt;&gt;</a>&nbsp;&nbsp;&nbsp;ADC_DMACmd
<LI><a href="#[169]">&gt;&gt;</a>&nbsp;&nbsp;&nbsp;ADC_Cmd
</UL>
<BR>[Called By]<UL><LI><a href="#[b1]">&gt;&gt;</a>&nbsp;&nbsp;&nbsp;ADC1_Init
</UL>

<P><STRONG><a name="[18d]"></a>TI4_Config</STRONG> (Thumb, 88 bytes, Stack size 20 bytes, stm32f10x_tim.o(.text), UNUSED)
<BR><BR>[Called By]<UL><LI><a href="#[186]">&gt;&gt;</a>&nbsp;&nbsp;&nbsp;TIM_ICInit
</UL>

<P><STRONG><a name="[18b]"></a>TI3_Config</STRONG> (Thumb, 80 bytes, Stack size 20 bytes, stm32f10x_tim.o(.text), UNUSED)
<BR><BR>[Called By]<UL><LI><a href="#[186]">&gt;&gt;</a>&nbsp;&nbsp;&nbsp;TIM_ICInit
</UL>

<P><STRONG><a name="[189]"></a>TI2_Config</STRONG> (Thumb, 84 bytes, Stack size 20 bytes, stm32f10x_tim.o(.text), UNUSED)
<BR><BR>[Called By]<UL><LI><a href="#[192]">&gt;&gt;</a>&nbsp;&nbsp;&nbsp;TIM_TIxExternalClockConfig
<LI><a href="#[18f]">&gt;&gt;</a>&nbsp;&nbsp;&nbsp;TIM_PWMIConfig
<LI><a href="#[186]">&gt;&gt;</a>&nbsp;&nbsp;&nbsp;TIM_ICInit
</UL>

<P><STRONG><a name="[187]"></a>TI1_Config</STRONG> (Thumb, 70 bytes, Stack size 20 bytes, stm32f10x_tim.o(.text), UNUSED)
<BR><BR>[Called By]<UL><LI><a href="#[192]">&gt;&gt;</a>&nbsp;&nbsp;&nbsp;TIM_TIxExternalClockConfig
<LI><a href="#[18f]">&gt;&gt;</a>&nbsp;&nbsp;&nbsp;TIM_PWMIConfig
<LI><a href="#[186]">&gt;&gt;</a>&nbsp;&nbsp;&nbsp;TIM_ICInit
</UL>

<P><STRONG><a name="[1a0]"></a>SetSysClockTo72</STRONG> (Thumb, 206 bytes, Stack size 0 bytes, system_stm32f10x.o(.text))
<BR><BR>[Called By]<UL><LI><a href="#[19f]">&gt;&gt;</a>&nbsp;&nbsp;&nbsp;SetSysClock
</UL>

<P><STRONG><a name="[19f]"></a>SetSysClock</STRONG> (Thumb, 8 bytes, Stack size 8 bytes, system_stm32f10x.o(.text))
<BR><BR>[Stack]<UL><LI>Max Depth = 8<LI>Call Chain = SetSysClock
</UL>
<BR>[Calls]<UL><LI><a href="#[1a0]">&gt;&gt;</a>&nbsp;&nbsp;&nbsp;SetSysClockTo72
</UL>
<BR>[Called By]<UL><LI><a href="#[a0]">&gt;&gt;</a>&nbsp;&nbsp;&nbsp;SystemInit
</UL>

<P><STRONG><a name="[1af]"></a>_printf_core</STRONG> (Thumb, 1010 bytes, Stack size 104 bytes, printf8.o(i._printf_core), UNUSED)
<BR><BR>[Calls]<UL><LI><a href="#[1a7]">&gt;&gt;</a>&nbsp;&nbsp;&nbsp;__aeabi_uldivmod
<LI><a href="#[1b1]">&gt;&gt;</a>&nbsp;&nbsp;&nbsp;_printf_pre_padding
<LI><a href="#[1b2]">&gt;&gt;</a>&nbsp;&nbsp;&nbsp;_printf_post_padding
</UL>
<BR>[Called By]<UL><LI><a href="#[1b0]">&gt;&gt;</a>&nbsp;&nbsp;&nbsp;__0sprintf$8
<LI><a href="#[1ae]">&gt;&gt;</a>&nbsp;&nbsp;&nbsp;__0printf$8
</UL>

<P><STRONG><a name="[1b2]"></a>_printf_post_padding</STRONG> (Thumb, 38 bytes, Stack size 24 bytes, printf8.o(i._printf_post_padding), UNUSED)
<BR><BR>[Called By]<UL><LI><a href="#[1af]">&gt;&gt;</a>&nbsp;&nbsp;&nbsp;_printf_core
</UL>

<P><STRONG><a name="[1b1]"></a>_printf_pre_padding</STRONG> (Thumb, 48 bytes, Stack size 24 bytes, printf8.o(i._printf_pre_padding), UNUSED)
<BR><BR>[Called By]<UL><LI><a href="#[1af]">&gt;&gt;</a>&nbsp;&nbsp;&nbsp;_printf_core
</UL>

<P><STRONG><a name="[9d]"></a>_sputc</STRONG> (Thumb, 10 bytes, Stack size 0 bytes, printf8.o(i._sputc))
<BR><BR>[Called By]<UL><LI><a href="#[1b0]">&gt;&gt;</a>&nbsp;&nbsp;&nbsp;__0sprintf$8
</UL>
<BR>[Address Reference Count : 1]<UL><LI> printf8.o(i.__0sprintf$8)
</UL><P>
<H3>
Undefined Global Symbols
</H3><HR></body></html>
