<html>
<body>
<pre>
<h1>礦ision Build Log</h1>
<h2>Project:</h2>
E:\WorkArea\热泵控制器\热泵控制器arm升级版\软件\20121203\USER\STM32-DEMO.uvproj
Project File Date:  12/03/2012

<h2>Output:</h2>
Build target 'USART1-DEMO'
assembling startup_stm32f10x_hd.s...
compiling main.c...
compiling stm32f10x_it.c...
compiling time_malloc.c...
compiling key.c...
compiling led.c...
compiling delay.c...
compiling timer1.c...
compiling ds18b20.c...
compiling usart.c...
compiling input_output.c...
compiling buzz.c...
compiling spi_flash.c...
compiling gprs.c...
compiling tft_lcd.c...
compiling ui.c...
compiling time_outProcess.c...
compiling rtc.c...
compiling storage.c...
compiling rs485_rs2.c...
compiling rs485_rs3.c...
compiling adc.c...
compiling stm32f10x_gpio.c...
compiling stm32f10x_rcc.c...
compiling stm32f10x_usart.c...
compiling stm32f10x_tim.c...
compiling misc.c...
compiling stm32f10x_fsmc.c...
compiling stm32f10x_rtc.c...
compiling stm32f10x_adc.c...
compiling stm32f10x_spi.c...
compiling stm32f10x_bkp.c...
compiling stm32f10x_pwr.c...
compiling stm32f10x_dma.c...
compiling core_cm3.c...
compiling system_stm32f10x.c...
linking...
Program Size: Code=55600 RO-data=1080 RW-data=12868 ZI-data=2860  
FromELF: creating hex file...
"..\Output\STM32-DEMO.axf" - 0 Error(s), 0 Warning(s).
Build target 'USART1-DEMO'
assembling startup_stm32f10x_hd.s...
compiling main.c...
compiling stm32f10x_it.c...
compiling time_malloc.c...
compiling key.c...
compiling led.c...
compiling delay.c...
compiling timer1.c...
compiling ds18b20.c...
compiling usart.c...
compiling input_output.c...
compiling buzz.c...
compiling spi_flash.c...
compiling gprs.c...
compiling tft_lcd.c...
compiling ui.c...
compiling time_outProcess.c...
compiling rtc.c...
compiling storage.c...
compiling rs485_rs2.c...
compiling rs485_rs3.c...
compiling adc.c...
compiling stm32f10x_gpio.c...
compiling stm32f10x_rcc.c...
compiling stm32f10x_usart.c...
compiling stm32f10x_tim.c...
compiling misc.c...
compiling stm32f10x_fsmc.c...
compiling stm32f10x_rtc.c...
compiling stm32f10x_adc.c...
compiling stm32f10x_spi.c...
compiling stm32f10x_bkp.c...
compiling stm32f10x_pwr.c...
compiling stm32f10x_dma.c...
compiling core_cm3.c...
compiling system_stm32f10x.c...
linking...
Program Size: Code=55600 RO-data=1080 RW-data=12868 ZI-data=2860  
FromELF: creating hex file...
"..\Output\STM32-DEMO.axf" - 0 Error(s), 0 Warning(s).
Build target 'USART1-DEMO'
assembling startup_stm32f10x_hd.s...
compiling main.c...
compiling stm32f10x_it.c...
compiling time_malloc.c...
compiling key.c...
compiling led.c...
compiling delay.c...
compiling timer1.c...
compiling ds18b20.c...
compiling usart.c...
compiling input_output.c...
compiling buzz.c...
compiling spi_flash.c...
compiling gprs.c...
compiling tft_lcd.c...
compiling ui.c...
compiling time_outProcess.c...
compiling rtc.c...
compiling storage.c...
compiling rs485_rs2.c...
compiling rs485_rs3.c...
compiling adc.c...
compiling stm32f10x_gpio.c...
compiling stm32f10x_rcc.c...
compiling stm32f10x_usart.c...
compiling stm32f10x_tim.c...
compiling misc.c...
compiling stm32f10x_fsmc.c...
compiling stm32f10x_rtc.c...
compiling stm32f10x_adc.c...
compiling stm32f10x_spi.c...
compiling stm32f10x_bkp.c...
compiling stm32f10x_pwr.c...
compiling stm32f10x_dma.c...
compiling core_cm3.c...
compiling system_stm32f10x.c...
linking...
Program Size: Code=55600 RO-data=1080 RW-data=12868 ZI-data=2860  
FromELF: creating hex file...
"..\Output\STM32-DEMO.axf" - 0 Error(s), 0 Warning(s).
Build target 'USART1-DEMO'
assembling startup_stm32f10x_hd.s...
compiling main.c...
compiling stm32f10x_it.c...
compiling time_malloc.c...
compiling key.c...
compiling led.c...
compiling delay.c...
compiling timer1.c...
compiling ds18b20.c...
compiling usart.c...
compiling input_output.c...
compiling buzz.c...
compiling spi_flash.c...
compiling gprs.c...
compiling tft_lcd.c...
compiling ui.c...
compiling time_outProcess.c...
compiling rtc.c...
compiling storage.c...
compiling rs485_rs2.c...
compiling rs485_rs3.c...
compiling adc.c...
compiling stm32f10x_gpio.c...
compiling stm32f10x_rcc.c...
compiling stm32f10x_usart.c...
compiling stm32f10x_tim.c...
compiling misc.c...
compiling stm32f10x_fsmc.c...
compiling stm32f10x_rtc.c...
compiling stm32f10x_adc.c...
compiling stm32f10x_spi.c...
compiling stm32f10x_bkp.c...
compiling stm32f10x_pwr.c...
compiling stm32f10x_dma.c...
compiling core_cm3.c...
compiling system_stm32f10x.c...
linking...
Program Size: Code=55612 RO-data=1080 RW-data=12868 ZI-data=2860  
FromELF: creating hex file...
"..\Output\STM32-DEMO.axf" - 0 Error(s), 0 Warning(s).
Build target 'USART1-DEMO'
assembling startup_stm32f10x_hd.s...
compiling main.c...
compiling stm32f10x_it.c...
compiling time_malloc.c...
compiling key.c...
compiling led.c...
compiling delay.c...
compiling timer1.c...
compiling ds18b20.c...
compiling usart.c...
compiling input_output.c...
compiling buzz.c...
compiling spi_flash.c...
compiling gprs.c...
compiling tft_lcd.c...
compiling ui.c...
compiling time_outProcess.c...
compiling rtc.c...
compiling storage.c...
compiling rs485_rs2.c...
compiling rs485_rs3.c...
compiling adc.c...
compiling stm32f10x_gpio.c...
compiling stm32f10x_rcc.c...
compiling stm32f10x_usart.c...
compiling stm32f10x_tim.c...
compiling misc.c...
compiling stm32f10x_fsmc.c...
compiling stm32f10x_rtc.c...
compiling stm32f10x_adc.c...
compiling stm32f10x_spi.c...
compiling stm32f10x_bkp.c...
compiling stm32f10x_pwr.c...
compiling stm32f10x_dma.c...
compiling core_cm3.c...
compiling system_stm32f10x.c...
linking...
Program Size: Code=55612 RO-data=1080 RW-data=12868 ZI-data=2860  
FromELF: creating hex file...
"..\Output\STM32-DEMO.axf" - 0 Error(s), 0 Warning(s).
Build target 'USART1-DEMO'
assembling startup_stm32f10x_hd.s...
compiling main.c...
compiling stm32f10x_it.c...
compiling time_malloc.c...
compiling key.c...
compiling led.c...
compiling delay.c...
compiling timer1.c...
compiling ds18b20.c...
compiling usart.c...
compiling input_output.c...
compiling buzz.c...
compiling spi_flash.c...
compiling gprs.c...
compiling tft_lcd.c...
compiling ui.c...
compiling time_outProcess.c...
compiling rtc.c...
compiling storage.c...
compiling rs485_rs2.c...
compiling rs485_rs3.c...
compiling adc.c...
compiling stm32f10x_gpio.c...
compiling stm32f10x_rcc.c...
compiling stm32f10x_usart.c...
compiling stm32f10x_tim.c...
compiling misc.c...
compiling stm32f10x_fsmc.c...
compiling stm32f10x_rtc.c...
compiling stm32f10x_adc.c...
compiling stm32f10x_spi.c...
compiling stm32f10x_bkp.c...
compiling stm32f10x_pwr.c...
compiling stm32f10x_dma.c...
compiling core_cm3.c...
compiling system_stm32f10x.c...
linking...
Program Size: Code=55612 RO-data=1080 RW-data=12868 ZI-data=2860  
FromELF: creating hex file...
"..\Output\STM32-DEMO.axf" - 0 Error(s), 0 Warning(s).
Build target 'USART1-DEMO'
assembling startup_stm32f10x_hd.s...
compiling main.c...
compiling stm32f10x_it.c...
compiling time_malloc.c...
compiling key.c...
compiling led.c...
compiling delay.c...
compiling timer1.c...
compiling ds18b20.c...
compiling usart.c...
compiling input_output.c...
compiling buzz.c...
compiling spi_flash.c...
compiling gprs.c...
compiling tft_lcd.c...
compiling ui.c...
compiling time_outProcess.c...
compiling rtc.c...
compiling storage.c...
compiling rs485_rs2.c...
compiling rs485_rs3.c...
compiling adc.c...
compiling stm32f10x_gpio.c...
compiling stm32f10x_rcc.c...
compiling stm32f10x_usart.c...
compiling stm32f10x_tim.c...
compiling misc.c...
compiling stm32f10x_fsmc.c...
compiling stm32f10x_rtc.c...
compiling stm32f10x_adc.c...
compiling stm32f10x_spi.c...
compiling stm32f10x_bkp.c...
compiling stm32f10x_pwr.c...
compiling stm32f10x_dma.c...
compiling core_cm3.c...
compiling system_stm32f10x.c...
linking...
Program Size: Code=55636 RO-data=1080 RW-data=12868 ZI-data=2860  
FromELF: creating hex file...
"..\Output\STM32-DEMO.axf" - 0 Error(s), 0 Warning(s).
Load "..\\Output\\STM32-DEMO.AXF" 
Load "..\\Output\\STM32-DEMO.AXF" 
* JLink Info: Device "STM32F103VC" selected (256 KB flash, 48 KB RAM).
Set JLink Project File to "E:\WorkArea\热泵控制器\热泵控制器arm升级版\软件\20121203\USER\JLinkSettings.ini"
 
JLink info:
------------
DLL: V4.35b, compiled Sep  2 2011 18:34:46
Firmware: J-Link ARM V8 compiled Sep  2 2011 17:54:36
Hardware: V8.00
S/N : 20100214 
Feature(s) : RDI,FlashDL,FlashBP,JFlash,GDBFull 
 
* JLink Info: Found SWD-DP with ID 0x1BA01477
* JLink Info: TPIU fitted.
* JLink Info: ETM fitted.
* JLink Info:   FPUnit: 6 code (BP) slots and 2 literal slots
* JLink Info: Found Cortex-M3 r1p1, Little endian.
ROMTableAddr = 0xE00FF003
* JLink Info: Found SWD-DP with ID 0x1BA01477
* JLink Info: TPIU fitted.
* JLink Info: ETM fitted.
* JLink Info:   FPUnit: 6 code (BP) slots and 2 literal slots
* JLink Info: Found Cortex-M3 r1p1, Little endian.
 
Target info:
------------
Device: STM32F103VC
VTarget = 3.293V
State of Pins: 
TCK: 0, TDI: 0, TDO: 0, TMS: 0, TRES: 1, TRST: 0
Hardware-Breakpoints: 6
Software-Breakpoints: 8192
Watchpoints:          4
JTAG speed: 500 kHz
 
Full Chip Erase Done.
Programming Done.
Verify OK.
* JLink Info: Found SWD-DP with ID 0x1BA01477
* JLink Info: TPIU fitted.
* JLink Info: ETM fitted.
* JLink Info:   FPUnit: 6 code (BP) slots and 2 literal slots
* JLink Info: Found Cortex-M3 r1p1, Little endian.
Application running ...
Build target 'USART1-DEMO'
assembling startup_stm32f10x_hd.s...
compiling main.c...
compiling stm32f10x_it.c...
compiling time_malloc.c...
compiling key.c...
compiling led.c...
compiling delay.c...
compiling timer1.c...
compiling ds18b20.c...
compiling usart.c...
compiling input_output.c...
compiling buzz.c...
compiling spi_flash.c...
compiling gprs.c...
compiling tft_lcd.c...
compiling ui.c...
compiling time_outProcess.c...
compiling rtc.c...
compiling storage.c...
compiling rs485_rs2.c...
compiling rs485_rs3.c...
compiling adc.c...
compiling stm32f10x_gpio.c...
compiling stm32f10x_rcc.c...
compiling stm32f10x_usart.c...
compiling stm32f10x_tim.c...
compiling misc.c...
compiling stm32f10x_fsmc.c...
compiling stm32f10x_rtc.c...
compiling stm32f10x_adc.c...
compiling stm32f10x_spi.c...
compiling stm32f10x_bkp.c...
compiling stm32f10x_pwr.c...
compiling stm32f10x_dma.c...
compiling core_cm3.c...
compiling system_stm32f10x.c...
linking...
Program Size: Code=55632 RO-data=1080 RW-data=12868 ZI-data=2860  
FromELF: creating hex file...
"..\Output\STM32-DEMO.axf" - 0 Error(s), 0 Warning(s).
Load "..\\Output\\STM32-DEMO.AXF" 
* JLink Info: Device "STM32F103VC" selected (256 KB flash, 48 KB RAM).
Set JLink Project File to "E:\WorkArea\热泵控制器\热泵控制器arm升级版\软件\20121203\USER\JLinkSettings.ini"
 
JLink info:
------------
DLL: V4.35b, compiled Sep  2 2011 18:34:46
Firmware: J-Link ARM V8 compiled Sep  2 2011 17:54:36
Hardware: V8.00
S/N : 20100214 
Feature(s) : RDI,FlashDL,FlashBP,JFlash,GDBFull 
 
* JLink Info: Found SWD-DP with ID 0x1BA01477
* JLink Info: TPIU fitted.
* JLink Info: ETM fitted.
* JLink Info:   FPUnit: 6 code (BP) slots and 2 literal slots
* JLink Info: Found Cortex-M3 r1p1, Little endian.
ROMTableAddr = 0xE00FF003
* JLink Info: Found SWD-DP with ID 0x1BA01477
* JLink Info: TPIU fitted.
* JLink Info: ETM fitted.
* JLink Info:   FPUnit: 6 code (BP) slots and 2 literal slots
* JLink Info: Found Cortex-M3 r1p1, Little endian.
 
Target info:
------------
Device: STM32F103VC
VTarget = 3.293V
State of Pins: 
TCK: 0, TDI: 0, TDO: 0, TMS: 0, TRES: 1, TRST: 0
Hardware-Breakpoints: 6
Software-Breakpoints: 8192
Watchpoints:          4
JTAG speed: 500 kHz
 
Full Chip Erase Done.
Programming Done.
Verify OK.
* JLink Info: Found SWD-DP with ID 0x1BA01477
* JLink Info: TPIU fitted.
* JLink Info: ETM fitted.
* JLink Info:   FPUnit: 6 code (BP) slots and 2 literal slots
* JLink Info: Found Cortex-M3 r1p1, Little endian.
Application running ...
Build target 'USART1-DEMO'
assembling startup_stm32f10x_hd.s...
compiling main.c...
compiling stm32f10x_it.c...
compiling time_malloc.c...
compiling key.c...
compiling led.c...
compiling delay.c...
compiling timer1.c...
compiling ds18b20.c...
compiling usart.c...
compiling input_output.c...
compiling buzz.c...
compiling spi_flash.c...
compiling gprs.c...
compiling tft_lcd.c...
compiling ui.c...
compiling time_outProcess.c...
compiling rtc.c...
compiling storage.c...
compiling rs485_rs2.c...
compiling rs485_rs3.c...
compiling adc.c...
compiling stm32f10x_gpio.c...
compiling stm32f10x_rcc.c...
compiling stm32f10x_usart.c...
compiling stm32f10x_tim.c...
compiling misc.c...
compiling stm32f10x_fsmc.c...
compiling stm32f10x_rtc.c...
compiling stm32f10x_adc.c...
compiling stm32f10x_spi.c...
compiling stm32f10x_bkp.c...
compiling stm32f10x_pwr.c...
compiling stm32f10x_dma.c...
compiling core_cm3.c...
compiling system_stm32f10x.c...
linking...
Program Size: Code=55632 RO-data=1080 RW-data=12868 ZI-data=2860  
FromELF: creating hex file...
"..\Output\STM32-DEMO.axf" - 0 Error(s), 0 Warning(s).
Build target 'USART1-DEMO'
assembling startup_stm32f10x_hd.s...
compiling main.c...
compiling stm32f10x_it.c...
compiling time_malloc.c...
compiling key.c...
compiling led.c...
compiling delay.c...
compiling timer1.c...
compiling ds18b20.c...
compiling usart.c...
compiling input_output.c...
compiling buzz.c...
compiling spi_flash.c...
compiling gprs.c...
compiling tft_lcd.c...
compiling ui.c...
compiling time_outProcess.c...
compiling rtc.c...
compiling storage.c...
compiling rs485_rs2.c...
compiling rs485_rs3.c...
compiling adc.c...
compiling stm32f10x_gpio.c...
compiling stm32f10x_rcc.c...
compiling stm32f10x_usart.c...
compiling stm32f10x_tim.c...
compiling misc.c...
compiling stm32f10x_fsmc.c...
compiling stm32f10x_rtc.c...
compiling stm32f10x_adc.c...
compiling stm32f10x_spi.c...
compiling stm32f10x_bkp.c...
compiling stm32f10x_pwr.c...
compiling stm32f10x_dma.c...
compiling core_cm3.c...
compiling system_stm32f10x.c...
linking...
Program Size: Code=55632 RO-data=1080 RW-data=12868 ZI-data=2860  
FromELF: creating hex file...
"..\Output\STM32-DEMO.axf" - 0 Error(s), 0 Warning(s).
Build target 'USART1-DEMO'
assembling startup_stm32f10x_hd.s...
compiling main.c...
compiling stm32f10x_it.c...
compiling time_malloc.c...
compiling key.c...
compiling led.c...
compiling delay.c...
compiling timer1.c...
compiling ds18b20.c...
compiling usart.c...
compiling input_output.c...
compiling buzz.c...
compiling spi_flash.c...
compiling gprs.c...
compiling tft_lcd.c...
compiling ui.c...
compiling time_outProcess.c...
compiling rtc.c...
compiling storage.c...
compiling rs485_rs2.c...
compiling rs485_rs3.c...
compiling adc.c...
compiling stm32f10x_gpio.c...
compiling stm32f10x_rcc.c...
compiling stm32f10x_usart.c...
compiling stm32f10x_tim.c...
compiling misc.c...
compiling stm32f10x_fsmc.c...
compiling stm32f10x_rtc.c...
compiling stm32f10x_adc.c...
compiling stm32f10x_spi.c...
compiling stm32f10x_bkp.c...
compiling stm32f10x_pwr.c...
compiling stm32f10x_dma.c...
compiling core_cm3.c...
compiling system_stm32f10x.c...
linking...
Program Size: Code=55632 RO-data=1080 RW-data=12868 ZI-data=2860  
FromELF: creating hex file...
"..\Output\STM32-DEMO.axf" - 0 Error(s), 0 Warning(s).
Build target 'USART1-DEMO'
assembling startup_stm32f10x_hd.s...
compiling main.c...
compiling stm32f10x_it.c...
compiling time_malloc.c...
compiling key.c...
compiling led.c...
compiling delay.c...
compiling timer1.c...
compiling ds18b20.c...
compiling usart.c...
compiling input_output.c...
compiling buzz.c...
compiling spi_flash.c...
compiling gprs.c...
compiling tft_lcd.c...
compiling ui.c...
compiling time_outProcess.c...
compiling rtc.c...
compiling storage.c...
compiling rs485_rs2.c...
compiling rs485_rs3.c...
compiling adc.c...
compiling stm32f10x_gpio.c...
compiling stm32f10x_rcc.c...
compiling stm32f10x_usart.c...
compiling stm32f10x_tim.c...
compiling misc.c...
compiling stm32f10x_fsmc.c...
compiling stm32f10x_rtc.c...
compiling stm32f10x_adc.c...
compiling stm32f10x_spi.c...
compiling stm32f10x_bkp.c...
compiling stm32f10x_pwr.c...
compiling stm32f10x_dma.c...
compiling core_cm3.c...
compiling system_stm32f10x.c...
linking...
Program Size: Code=55648 RO-data=1080 RW-data=12868 ZI-data=2860  
FromELF: creating hex file...
"..\Output\STM32-DEMO.axf" - 0 Error(s), 0 Warning(s).
Build target 'USART1-DEMO'
assembling startup_stm32f10x_hd.s...
compiling main.c...
compiling stm32f10x_it.c...
compiling time_malloc.c...
compiling key.c...
compiling led.c...
compiling delay.c...
compiling timer1.c...
compiling ds18b20.c...
compiling usart.c...
compiling input_output.c...
compiling buzz.c...
compiling spi_flash.c...
compiling gprs.c...
compiling tft_lcd.c...
compiling ui.c...
compiling time_outProcess.c...
compiling rtc.c...
compiling storage.c...
compiling rs485_rs2.c...
compiling rs485_rs3.c...
compiling adc.c...
compiling stm32f10x_gpio.c...
compiling stm32f10x_rcc.c...
compiling stm32f10x_usart.c...
compiling stm32f10x_tim.c...
compiling misc.c...
compiling stm32f10x_fsmc.c...
compiling stm32f10x_rtc.c...
compiling stm32f10x_adc.c...
compiling stm32f10x_spi.c...
compiling stm32f10x_bkp.c...
compiling stm32f10x_pwr.c...
compiling stm32f10x_dma.c...
compiling core_cm3.c...
compiling system_stm32f10x.c...
linking...
Program Size: Code=55648 RO-data=1080 RW-data=12868 ZI-data=2860  
FromELF: creating hex file...
"..\Output\STM32-DEMO.axf" - 0 Error(s), 0 Warning(s).
compiling stm32f10x_wwdg.c...
..\FWlib\src\stm32f10x_wwdg.c - 0 Error(s), 0 Warning(s).
Build target 'USART1-DEMO'
linking...
Program Size: Code=55648 RO-data=1080 RW-data=12868 ZI-data=2860  
FromELF: creating hex file...
"..\Output\STM32-DEMO.axf" - 0 Error(s), 0 Warning(s).
Build target 'USART1-DEMO'
assembling startup_stm32f10x_hd.s...
compiling main.c...
compiling stm32f10x_it.c...
compiling time_malloc.c...
compiling key.c...
compiling led.c...
compiling delay.c...
compiling timer1.c...
compiling ds18b20.c...
compiling usart.c...
compiling input_output.c...
compiling buzz.c...
compiling spi_flash.c...
compiling gprs.c...
compiling tft_lcd.c...
compiling ui.c...
compiling time_outProcess.c...
compiling rtc.c...
compiling storage.c...
compiling rs485_rs2.c...
compiling rs485_rs3.c...
compiling adc.c...
compiling stm32f10x_gpio.c...
compiling stm32f10x_rcc.c...
compiling stm32f10x_usart.c...
compiling stm32f10x_tim.c...
compiling misc.c...
compiling stm32f10x_fsmc.c...
compiling stm32f10x_rtc.c...
compiling stm32f10x_adc.c...
compiling stm32f10x_spi.c...
compiling stm32f10x_bkp.c...
compiling stm32f10x_pwr.c...
compiling stm32f10x_dma.c...
compiling stm32f10x_wwdg.c...
compiling core_cm3.c...
compiling system_stm32f10x.c...
linking...
Program Size: Code=55648 RO-data=1080 RW-data=12868 ZI-data=2860  
FromELF: creating hex file...
"..\Output\STM32-DEMO.axf" - 0 Error(s), 0 Warning(s).
compiling watchdog.c...
watchdog.c(1): error:  #5: cannot open source input file "wdg.h": No such file or directory
watchdog.c - 1 Error(s), 0 Warning(s).
compiling watchdog.c...
watchdog.h(6): warning:  #1-D: last line of file ends without a newline
watchdog.c(6): warning:  #223-D: function "IWDG_WriteAccessCmd" declared implicitly
watchdog.c(6): error:  #20: identifier "IWDG_WriteAccess_Enable" is undefined
watchdog.c(8): warning:  #223-D: function "IWDG_SetPrescaler" declared implicitly
watchdog.c(10): warning:  #223-D: function "IWDG_SetReload" declared implicitly
watchdog.c(12): warning:  #223-D: function "IWDG_ReloadCounter" declared implicitly
watchdog.c(14): warning:  #223-D: function "IWDG_Enable" declared implicitly
watchdog.c(19): warning:  #223-D: function "IWDG_ReloadCounter" declared implicitly
watchdog.c(38): warning:  #223-D: function "WWDG_NVIC_Init" declared implicitly
watchdog.c(48): error:  #159: declaration is incompatible with previous "WWDG_NVIC_Init" (declared at line 38)
watchdog.c(64): error:  #20: identifier "LED1" is undefined
watchdog.c - 3 Error(s), 8 Warning(s).
Build target 'USART1-DEMO'
compiling watchdog.c...
watchdog.h(6): warning:  #1-D: last line of file ends without a newline
watchdog.c(6): warning:  #223-D: function "IWDG_WriteAccessCmd" declared implicitly
watchdog.c(6): error:  #20: identifier "IWDG_WriteAccess_Enable" is undefined
watchdog.c(8): warning:  #223-D: function "IWDG_SetPrescaler" declared implicitly
watchdog.c(10): warning:  #223-D: function "IWDG_SetReload" declared implicitly
watchdog.c(12): warning:  #223-D: function "IWDG_ReloadCounter" declared implicitly
watchdog.c(14): warning:  #223-D: function "IWDG_Enable" declared implicitly
watchdog.c(19): warning:  #223-D: function "IWDG_ReloadCounter" declared implicitly
watchdog.c(38): warning:  #223-D: function "WWDG_NVIC_Init" declared implicitly
watchdog.c(48): error:  #159: declaration is incompatible with previous "WWDG_NVIC_Init" (declared at line 38)
watchdog.c(64): error:  #20: identifier "LED1" is undefined
compiling stm32f10x_iwdg.c...
Target not created
Build target 'USART1-DEMO'
assembling startup_stm32f10x_hd.s...
compiling main.c...
compiling stm32f10x_it.c...
compiling time_malloc.c...
compiling key.c...
compiling led.c...
compiling delay.c...
compiling timer1.c...
compiling ds18b20.c...
compiling usart.c...
compiling input_output.c...
compiling buzz.c...
compiling spi_flash.c...
compiling gprs.c...
compiling tft_lcd.c...
compiling ui.c...
compiling time_outProcess.c...
compiling rtc.c...
compiling storage.c...
compiling rs485_rs2.c...
compiling rs485_rs3.c...
compiling adc.c...
compiling watchdog.c...
watchdog.h(6): warning:  #1-D: last line of file ends without a newline
watchdog.c(30): warning:  #223-D: function "WWDG_SetPrescaler" declared implicitly
watchdog.c(32): warning:  #223-D: function "WWDG_SetWindowValue" declared implicitly
watchdog.c(34): warning:  #223-D: function "WWDG_Enable" declared implicitly
watchdog.c(36): warning:  #223-D: function "WWDG_ClearFlag" declared implicitly
watchdog.c(38): warning:  #223-D: function "WWDG_NVIC_Init" declared implicitly
watchdog.c(40): warning:  #223-D: function "WWDG_EnableIT" declared implicitly
watchdog.c(45): warning:  #223-D: function "WWDG_Enable" declared implicitly
watchdog.c(48): error:  #159: declaration is incompatible with previous "WWDG_NVIC_Init" (declared at line 38)
watchdog.c(60): warning:  #223-D: function "WWDG_SetCounter" declared implicitly
watchdog.c(62): warning:  #223-D: function "WWDG_ClearFlag" declared implicitly
watchdog.c(64): error:  #20: identifier "LED1" is undefined
compiling stm32f10x_gpio.c...
compiling stm32f10x_rcc.c...
compiling stm32f10x_usart.c...
compiling stm32f10x_tim.c...
compiling misc.c...
compiling stm32f10x_fsmc.c...
compiling stm32f10x_rtc.c...
compiling stm32f10x_adc.c...
compiling stm32f10x_spi.c...
compiling stm32f10x_bkp.c...
compiling stm32f10x_pwr.c...
compiling stm32f10x_dma.c...
compiling stm32f10x_iwdg.c...
compiling core_cm3.c...
compiling system_stm32f10x.c...
Target not created
compiling watchdog.c...
watchdog.h(6): warning:  #1-D: last line of file ends without a newline
watchdog.c(30): warning:  #223-D: function "WWDG_SetPrescaler" declared implicitly
watchdog.c(32): warning:  #223-D: function "WWDG_SetWindowValue" declared implicitly
watchdog.c(34): warning:  #223-D: function "WWDG_Enable" declared implicitly
watchdog.c(36): warning:  #223-D: function "WWDG_ClearFlag" declared implicitly
watchdog.c(38): warning:  #223-D: function "WWDG_NVIC_Init" declared implicitly
watchdog.c(40): warning:  #223-D: function "WWDG_EnableIT" declared implicitly
watchdog.c(45): warning:  #223-D: function "WWDG_Enable" declared implicitly
watchdog.c(48): error:  #159: declaration is incompatible with previous "WWDG_NVIC_Init" (declared at line 38)
watchdog.c(60): warning:  #223-D: function "WWDG_SetCounter" declared implicitly
watchdog.c(62): warning:  #223-D: function "WWDG_ClearFlag" declared implicitly
watchdog.c - 1 Error(s), 10 Warning(s).
compiling watchdog.c...
watchdog.c(30): warning:  #223-D: function "WWDG_SetPrescaler" declared implicitly
watchdog.c(32): warning:  #223-D: function "WWDG_SetWindowValue" declared implicitly
watchdog.c(34): warning:  #223-D: function "WWDG_Enable" declared implicitly
watchdog.c(36): warning:  #223-D: function "WWDG_ClearFlag" declared implicitly
watchdog.c(38): warning:  #223-D: function "WWDG_NVIC_Init" declared implicitly
watchdog.c(40): warning:  #223-D: function "WWDG_EnableIT" declared implicitly
watchdog.c(45): warning:  #223-D: function "WWDG_Enable" declared implicitly
watchdog.c(48): error:  #159: declaration is incompatible with previous "WWDG_NVIC_Init" (declared at line 38)
watchdog.c(60): warning:  #223-D: function "WWDG_SetCounter" declared implicitly
watchdog.c(62): warning:  #223-D: function "WWDG_ClearFlag" declared implicitly
watchdog.c - 1 Error(s), 9 Warning(s).
compiling watchdog.c...
watchdog.c(30): warning:  #223-D: function "WWDG_SetPrescaler" declared implicitly
watchdog.c(32): warning:  #223-D: function "WWDG_SetWindowValue" declared implicitly
watchdog.c(34): warning:  #223-D: function "WWDG_Enable" declared implicitly
watchdog.c(36): warning:  #223-D: function "WWDG_ClearFlag" declared implicitly
watchdog.c(38): warning:  #223-D: function "WWDG_NVIC_Init" declared implicitly
watchdog.c(40): warning:  #223-D: function "WWDG_EnableIT" declared implicitly
watchdog.c(45): warning:  #223-D: function "WWDG_Enable" declared implicitly
watchdog.c(48): error:  #159: declaration is incompatible with previous "WWDG_NVIC_Init" (declared at line 38)
watchdog.c(60): warning:  #223-D: function "WWDG_SetCounter" declared implicitly
watchdog.c(62): warning:  #223-D: function "WWDG_ClearFlag" declared implicitly
watchdog.c - 1 Error(s), 9 Warning(s).
Build target 'USART1-DEMO'
compiling main.c...
compiling stm32f10x_it.c...
compiling time_malloc.c...
compiling key.c...
compiling led.c...
compiling delay.c...
compiling timer1.c...
compiling ds18b20.c...
compiling usart.c...
compiling input_output.c...
compiling buzz.c...
compiling spi_flash.c...
compiling gprs.c...
compiling tft_lcd.c...
compiling ui.c...
compiling time_outProcess.c...
compiling rtc.c...
compiling storage.c...
compiling rs485_rs2.c...
compiling rs485_rs3.c...
compiling adc.c...
compiling watchdog.c...
watchdog.c(38): warning:  #223-D: function "WWDG_NVIC_Init" declared implicitly
watchdog.c(48): error:  #159: declaration is incompatible with previous "WWDG_NVIC_Init" (declared at line 38)
compiling stm32f10x_gpio.c...
compiling stm32f10x_rcc.c...
compiling stm32f10x_usart.c...
compiling stm32f10x_tim.c...
compiling misc.c...
compiling stm32f10x_fsmc.c...
compiling stm32f10x_rtc.c...
compiling stm32f10x_adc.c...
compiling stm32f10x_spi.c...
compiling stm32f10x_bkp.c...
compiling stm32f10x_pwr.c...
compiling stm32f10x_dma.c...
compiling stm32f10x_iwdg.c...
compiling stm32f10x_wwdg.c...
compiling system_stm32f10x.c...
Target not created
compiling watchdog.c...
watchdog.c - 0 Error(s), 0 Warning(s).
Build target 'USART1-DEMO'
linking...
Program Size: Code=56008 RO-data=1080 RW-data=12868 ZI-data=2860  
FromELF: creating hex file...
"..\Output\STM32-DEMO.axf" - 0 Error(s), 0 Warning(s).
Build target 'USART1-DEMO'
assembling startup_stm32f10x_hd.s...
compiling main.c...
compiling stm32f10x_it.c...
compiling time_malloc.c...
compiling key.c...
compiling led.c...
compiling delay.c...
compiling timer1.c...
compiling ds18b20.c...
compiling usart.c...
compiling input_output.c...
compiling buzz.c...
compiling spi_flash.c...
compiling gprs.c...
compiling tft_lcd.c...
compiling ui.c...
compiling time_outProcess.c...
compiling rtc.c...
compiling storage.c...
compiling rs485_rs2.c...
compiling rs485_rs3.c...
compiling adc.c...
compiling watchdog.c...
compiling stm32f10x_gpio.c...
compiling stm32f10x_rcc.c...
compiling stm32f10x_usart.c...
compiling stm32f10x_tim.c...
compiling misc.c...
compiling stm32f10x_fsmc.c...
compiling stm32f10x_rtc.c...
compiling stm32f10x_adc.c...
compiling stm32f10x_spi.c...
compiling stm32f10x_bkp.c...
compiling stm32f10x_pwr.c...
compiling stm32f10x_dma.c...
compiling stm32f10x_iwdg.c...
compiling stm32f10x_wwdg.c...
compiling core_cm3.c...
compiling system_stm32f10x.c...
linking...
Program Size: Code=56008 RO-data=1080 RW-data=12868 ZI-data=2860  
FromELF: creating hex file...
"..\Output\STM32-DEMO.axf" - 0 Error(s), 0 Warning(s).
compiling watchdog.c...
watchdog.h(9): warning:  #1295-D: Deprecated declaration WWDG_NVIC_Init - give arg types
watchdog.c - 0 Error(s), 1 Warning(s).
Build target 'USART1-DEMO'
compiling watchdog.c...
linking...
Program Size: Code=56008 RO-data=1080 RW-data=12868 ZI-data=2860  
FromELF: creating hex file...
"..\Output\STM32-DEMO.axf" - 0 Error(s), 0 Warning(s).
Build target 'USART1-DEMO'
assembling startup_stm32f10x_hd.s...
compiling main.c...
compiling stm32f10x_it.c...
compiling time_malloc.c...
compiling key.c...
compiling led.c...
compiling delay.c...
compiling timer1.c...
compiling ds18b20.c...
compiling usart.c...
compiling input_output.c...
compiling buzz.c...
compiling spi_flash.c...
compiling gprs.c...
compiling tft_lcd.c...
compiling ui.c...
compiling time_outProcess.c...
compiling rtc.c...
compiling storage.c...
compiling rs485_rs2.c...
compiling rs485_rs3.c...
compiling adc.c...
compiling watchdog.c...
compiling stm32f10x_gpio.c...
compiling stm32f10x_rcc.c...
compiling stm32f10x_usart.c...
compiling stm32f10x_tim.c...
compiling misc.c...
compiling stm32f10x_fsmc.c...
compiling stm32f10x_rtc.c...
compiling stm32f10x_adc.c...
compiling stm32f10x_spi.c...
compiling stm32f10x_bkp.c...
compiling stm32f10x_pwr.c...
compiling stm32f10x_dma.c...
compiling stm32f10x_iwdg.c...
compiling stm32f10x_wwdg.c...
compiling core_cm3.c...
compiling system_stm32f10x.c...
linking...
Program Size: Code=56008 RO-data=1080 RW-data=12868 ZI-data=2860  
FromELF: creating hex file...
"..\Output\STM32-DEMO.axf" - 0 Error(s), 0 Warning(s).
