ARM Linker, 4.1 [Build 791] [Standard]

==============================================================================

Section Cross References

    startup_stm32f10x_hd.o(RESET) refers to startup_stm32f10x_hd.o(.text) for Reset_Handler
    startup_stm32f10x_hd.o(RESET) refers to stm32f10x_it.o(.text) for NMI_Handler
    startup_stm32f10x_hd.o(RESET) refers to watchdog.o(.text) for WWDG_IRQHandler
    startup_stm32f10x_hd.o(.text) refers to startup_stm32f10x_hd.o(STACK) for __initial_sp
    startup_stm32f10x_hd.o(.text) refers to entry.o(.ARM.Collect$$$$00000000) for __main
    main.o(.text) refers to system_stm32f10x.o(.text) for SystemInit
    main.o(.text) refers to delay.o(.text) for delay_init
    main.o(.text) refers to time_malloc.o(.text) for time_init
    main.o(.text) refers to rtc.o(.text) for RTC_Init
    main.o(.text) refers to buzz.o(.text) for BUZZ_Initial
    main.o(.text) refers to input_output.o(.text) for IO_Initial
    main.o(.text) refers to ds18b20.o(.text) for DS18B20_Initial
    main.o(.text) refers to led.o(.text) for LED_Initial
    main.o(.text) refers to key.o(.text) for KEY_Initial
    main.o(.text) refers to spi_flash.o(.text) for SPI_FLASH_Init
    main.o(.text) refers to storage.o(.text) for storage_init
    main.o(.text) refers to tft_lcd.o(.text) for LCD_Initial
    main.o(.text) refers to ui.o(.text) for DisMenuTopInit
    main.o(.text) refers to gprs.o(.text) for GPRS_Initial
    main.o(.text) refers to usart.o(.text) for USART_Initial
    main.o(.text) refers to timer1.o(.text) for TIM_Initial
    main.o(.text) refers to rs485_rs2.o(.text) for rs485_rs2_init
    main.o(.text) refers to rs485_rs3.o(.text) for rs485_rs3_init
    main.o(.text) refers to adc.o(.text) for ADC1_Init
    main.o(.text) refers to printf8.o(i.__0printf$8) for __2printf
    main.o(.text) refers to main.o(.data) for DeviceID
    main.o(.text) refers to time_outprocess.o(.data) for flush_lcd_flag
    stm32f10x_it.o(.text) refers to stm32f10x_usart.o(.text) for USART_GetFlagStatus
    stm32f10x_it.o(.text) refers to stm32f10x_gpio.o(.text) for GPIO_SetBits
    stm32f10x_it.o(.text) refers to rs485_rs3.o(.text) for bcd_to_hex
    stm32f10x_it.o(.text) refers to stm32f10x_tim.o(.text) for TIM_GetITStatus
    stm32f10x_it.o(.text) refers to key.o(.text) for KEY_Scan
    stm32f10x_it.o(.text) refers to gprs.o(.data) for g_sATback
    stm32f10x_it.o(.text) refers to rs485_rs2.o(.bss) for rs485_rs2_rxbuf
    stm32f10x_it.o(.text) refers to rs485_rs2.o(.data) for rd_idx
    stm32f10x_it.o(.text) refers to rs485_rs3.o(.bss) for rs485_rs3_rxbuf
    stm32f10x_it.o(.text) refers to rs485_rs3.o(.data) for rs485_rs3_rxIndex
    stm32f10x_it.o(.text) refers to stm32f10x_it.o(.data) for rxAddr
    stm32f10x_it.o(.text) refers to storage.o(.bss) for dargs
    stm32f10x_it.o(.text) refers to storage.o(.data) for in_water
    stm32f10x_it.o(.text) refers to time_malloc.o(.data) for Timer0
    stm32f10x_it.o(.text) refers to time_outprocess.o(.text) for processUserTimerOut
    stm32f10x_it.o(.text) refers to gprs.o(.text) for GprsProc
    stm32f10x_it.o(.text) refers to stm32f10x_rtc.o(.text) for RTC_GetITStatus
    stm32f10x_it.o(.text) refers to rtc.o(.text) for RTC_Get
    time_malloc.o(.text) refers to time_malloc.o(.data) for Timer0
    key.o(.text) refers to stm32f10x_gpio.o(.text) for GPIO_ReadInputDataBit
    key.o(.text) refers to time_malloc.o(.text) for TimerStart
    key.o(.text) refers to stm32f10x_rcc.o(.text) for RCC_APB2PeriphClockCmd
    key.o(.text) refers to ui.o(.text) for OnKey
    key.o(.text) refers to key.o(.bss) for s_Key
    key.o(.text) refers to key.o(.data) for s_BtnReturn
    led.o(.text) refers to stm32f10x_rcc.o(.text) for RCC_APB2PeriphClockCmd
    led.o(.text) refers to stm32f10x_gpio.o(.text) for GPIO_Init
    delay.o(.text) refers to delay.o(.data) for fac_us
    timer1.o(.text) refers to misc.o(.text) for NVIC_PriorityGroupConfig
    timer1.o(.text) refers to stm32f10x_rcc.o(.text) for RCC_APB1PeriphClockCmd
    timer1.o(.text) refers to stm32f10x_tim.o(.text) for TIM_DeInit
    ds18b20.o(.text) refers to stm32f10x_rcc.o(.text) for RCC_APB2PeriphClockCmd
    ds18b20.o(.text) refers to stm32f10x_gpio.o(.text) for GPIO_Init
    ds18b20.o(.text) refers to delay.o(.text) for delay_us
    ds18b20.o(.text) refers to fflti.o(.text) for __aeabi_i2f
    ds18b20.o(.text) refers to f2d.o(.text) for __aeabi_f2d
    ds18b20.o(.text) refers to dmul.o(.text) for __aeabi_dmul
    ds18b20.o(.text) refers to dfixi.o(.text) for __aeabi_d2iz
    usart.o(.text) refers to misc.o(.text) for NVIC_PriorityGroupConfig
    usart.o(.text) refers to stm32f10x_rcc.o(.text) for RCC_APB2PeriphClockCmd
    usart.o(.text) refers to stm32f10x_gpio.o(.text) for GPIO_Init
    usart.o(.text) refers to stm32f10x_usart.o(.text) for USART_Init
    input_output.o(.text) refers to stm32f10x_rcc.o(.text) for RCC_APB2PeriphClockCmd
    input_output.o(.text) refers to stm32f10x_gpio.o(.text) for GPIO_Init
[...]
    _printf_pre_padding                      0x00000000   Number         0  stubs.o ABSOLUTE
    _printf_return_value                     0x00000000   Number         0  stubs.o ABSOLUTE
    _printf_s                                0x00000000   Number         0  stubs.o ABSOLUTE
    _printf_sizespec                         0x00000000   Number         0  stubs.o ABSOLUTE
    _printf_str                              0x00000000   Number         0  stubs.o ABSOLUTE
    _printf_truncate_signed                  0x00000000   Number         0  stubs.o ABSOLUTE
    _printf_truncate_unsigned                0x00000000   Number         0  stubs.o ABSOLUTE
    _printf_u                                0x00000000   Number         0  stubs.o ABSOLUTE
    _printf_wc                               0x00000000   Number         0  stubs.o ABSOLUTE
    _printf_wctomb                           0x00000000   Number         0  stubs.o ABSOLUTE
    _printf_widthprec                        0x00000000   Number         0  stubs.o ABSOLUTE
    _printf_x                                0x00000000   Number         0  stubs.o ABSOLUTE
    _clock_init                               - Undefined Weak Reference
    __Vectors_Size                           0x00000130   Number         0  startup_stm32f10x_hd.o ABSOLUTE
    __Vectors                                0x08000000   Data           4  startup_stm32f10x_hd.o(RESET)
    __Vectors_End                            0x08000130   Data           0  startup_stm32f10x_hd.o(RESET)
    __main                                   0x08000131   Thumb Code     0  entry.o(.ARM.Collect$$$$00000000)
    _main_stk                                0x08000131   Thumb Code     0  entry2.o(.ARM.Collect$$$$00000001)
    _main_scatterload                        0x08000135   Thumb Code     0  entry5.o(.ARM.Collect$$$$00000004)
    __main_after_scatterload                 0x08000139   Thumb Code     0  entry5.o(.ARM.Collect$$$$00000004)
    _main_clock                              0x08000139   Thumb Code     0  entry7b.o(.ARM.Collect$$$$00000008)
    _main_init                               0x08000139   Thumb Code     0  entry8.o(.ARM.Collect$$$$00000009)
    SystemInit_ExtMemCtl                     0x08000145   Thumb Code     2  startup_stm32f10x_hd.o(.text)
    Reset_Handler                            0x08000147   Thumb Code    14  startup_stm32f10x_hd.o(.text)
    ADC1_2_IRQHandler                        0x08000167   Thumb Code     0  startup_stm32f10x_hd.o(.text)
    ADC3_IRQHandler                          0x08000167   Thumb Code     0  startup_stm32f10x_hd.o(.text)
    CAN1_RX1_IRQHandler                      0x08000167   Thumb Code     0  startup_stm32f10x_hd.o(.text)
    CAN1_SCE_IRQHandler                      0x08000167   Thumb Code     0  startup_stm32f10x_hd.o(.text)
    DMA1_Channel1_IRQHandler                 0x08000167   Thumb Code     0  startup_stm32f10x_hd.o(.text)
    DMA1_Channel2_IRQHandler                 0x08000167   Thumb Code     0  startup_stm32f10x_hd.o(.text)
    DMA1_Channel3_IRQHandler                 0x08000167   Thumb Code     0  startup_stm32f10x_hd.o(.text)
    DMA1_Channel4_IRQHandler                 0x08000167   Thumb Code     0  startup_stm32f10x_hd.o(.text)
    DMA1_Channel5_IRQHandler                 0x08000167   Thumb Code     0  startup_stm32f10x_hd.o(.text)
    DMA1_Channel6_IRQHandler                 0x08000167   Thumb Code     0  startup_stm32f10x_hd.o(.text)
    DMA1_Channel7_IRQHandler                 0x08000167   Thumb Code     0  startup_stm32f10x_hd.o(.text)
    DMA2_Channel1_IRQHandler                 0x08000167   Thumb Code     0  startup_stm32f10x_hd.o(.text)
    DMA2_Channel2_IRQHandler                 0x08000167   Thumb Code     0  startup_stm32f10x_hd.o(.text)
    DMA2_Channel3_IRQHandler                 0x08000167   Thumb Code     0  startup_stm32f10x_hd.o(.text)
    DMA2_Channel4_5_IRQHandler               0x08000167   Thumb Code     0  startup_stm32f10x_hd.o(.text)
    EXTI0_IRQHandler                         0x08000167   Thumb Code     0  startup_stm32f10x_hd.o(.text)
    EXTI15_10_IRQHandler                     0x08000167   Thumb Code     0  startup_stm32f10x_hd.o(.text)
    EXTI1_IRQHandler                         0x08000167   Thumb Code     0  startup_stm32f10x_hd.o(.text)
    EXTI2_IRQHandler                         0x08000167   Thumb Code     0  startup_stm32f10x_hd.o(.text)
    EXTI3_IRQHandler                         0x08000167   Thumb Code     0  startup_stm32f10x_hd.o(.text)
    EXTI4_IRQHandler                         0x08000167   Thumb Code     0  startup_stm32f10x_hd.o(.text)
    EXTI9_5_IRQHandler                       0x08000167   Thumb Code     0  startup_stm32f10x_hd.o(.text)
    FLASH_IRQHandler                         0x08000167   Thumb Code     0  startup_stm32f10x_hd.o(.text)
    FSMC_IRQHandler                          0x08000167   Thumb Code     0  startup_stm32f10x_hd.o(.text)
    I2C1_ER_IRQHandler                       0x08000167   Thumb Code     0  startup_stm32f10x_hd.o(.text)
    I2C1_EV_IRQHandler                       0x08000167   Thumb Code     0  startup_stm32f10x_hd.o(.text)
    I2C2_ER_IRQHandler                       0x08000167   Thumb Code     0  startup_stm32f10x_hd.o(.text)
    I2C2_EV_IRQHandler                       0x08000167   Thumb Code     0  startup_stm32f10x_hd.o(.text)
    PVD_IRQHandler                           0x08000167   Thumb Code     0  startup_stm32f10x_hd.o(.text)
    RCC_IRQHandler                           0x08000167   Thumb Code     0  startup_stm32f10x_hd.o(.text)
    RTCAlarm_IRQHandler                      0x08000167   Thumb Code     0  startup_stm32f10x_hd.o(.text)
    SDIO_IRQHandler                          0x08000167   Thumb Code     0  startup_stm32f10x_hd.o(.text)
    SPI1_IRQHandler                          0x08000167   Thumb Code     0  startup_stm32f10x_hd.o(.text)
    SPI2_IRQHandler                          0x08000167   Thumb Code     0  startup_stm32f10x_hd.o(.text)
    SPI3_IRQHandler                          0x08000167   Thumb Code     0  startup_stm32f10x_hd.o(.text)
    TAMPER_IRQHandler                        0x08000167   Thumb Code     0  startup_stm32f10x_hd.o(.text)
    TIM1_BRK_IRQHandler                      0x08000167   Thumb Code     0  startup_stm32f10x_hd.o(.text)
    TIM1_CC_IRQHandler                       0x08000167   Thumb Code     0  startup_stm32f10x_hd.o(.text)
    TIM1_TRG_COM_IRQHandler                  0x08000167   Thumb Code     0  startup_stm32f10x_hd.o(.text)
    TIM1_UP_IRQHandler                       0x08000167   Thumb Code     0  startup_stm32f10x_hd.o(.text)
    TIM3_IRQHandler                          0x08000167   Thumb Code     0  startup_stm32f10x_hd.o(.text)
    TIM5_IRQHandler                          0x08000167   Thumb Code     0  startup_stm32f10x_hd.o(.text)
    TIM6_IRQHandler                          0x08000167   Thumb Code     0  startup_stm32f10x_hd.o(.text)
    TIM7_IRQHandler                          0x08000167   Thumb Code     0  startup_stm32f10x_hd.o(.text)
    TIM8_BRK_IRQHandler                      0x08000167   Thumb Code     0  startup_stm32f10x_hd.o(.text)
    TIM8_CC_IRQHandler                       0x08000167   Thumb Code     0  startup_stm32f10x_hd.o(.text)
    TIM8_TRG_COM_IRQHandler                  0x08000167   Thumb Code     0  startup_stm32f10x_hd.o(.text)
    TIM8_UP_IRQHandler                       0x08000167   Thumb Code     0  startup_stm32f10x_hd.o(.text)
    USBWakeUp_IRQHandler                     0x08000167   Thumb Code     0  startup_stm32f10x_hd.o(.text)
    USB_HP_CAN1_TX_IRQHandler                0x08000167   Thumb Code     0  startup_stm32f10x_hd.o(.text)
    USB_LP_CAN1_RX0_IRQHandler               0x08000167   Thumb Code     0  startup_stm32f10x_hd.o(.text)
    main                                     0x08000175   Thumb Code   196  main.o(.text)
    NMI_Handler                              0x080002a1   Thumb Code     2  stm32f10x_it.o(.text)
    HardFault_Handler                        0x080002a3   Thumb Code     4  stm32f10x_it.o(.text)
    MemManage_Handler                        0x080002a7   Thumb Code     4  stm32f10x_it.o(.text)
    BusFault_Handler                         0x080002ab   Thumb Code     4  stm32f10x_it.o(.text)
    UsageFault_Handler                       0x080002af   Thumb Code     4  stm32f10x_it.o(.text)
    SVC_Handler                              0x080002b3   Thumb Code     2  stm32f10x_it.o(.text)
    DebugMon_Handler                         0x080002b5   Thumb Code     2  stm32f10x_it.o(.text)
    PendSV_Handler                           0x080002b7   Thumb Code     2  stm32f10x_it.o(.text)
    SysTick_Handler                          0x080002b9   Thumb Code     2  stm32f10x_it.o(.text)
    USART1_IRQHandler                        0x080002bb   Thumb Code    12  stm32f10x_it.o(.text)
    USART2_IRQHandler                        0x080002c7   Thumb Code   112  stm32f10x_it.o(.text)
    USART3_IRQHandler                        0x08000337   Thumb Code    54  stm32f10x_it.o(.text)
    UART4_IRQHandler                         0x0800036d   Thumb Code   580  stm32f10x_it.o(.text)
    UART5_IRQHandler                         0x080005b1   Thumb Code    12  stm32f10x_it.o(.text)
    TIM2_IRQHandler                          0x080005bd   Thumb Code   848  stm32f10x_it.o(.text)
    TIM4_IRQHandler                          0x0800090d   Thumb Code    26  stm32f10x_it.o(.text)
    RTC_IRQHandler                           0x08000927   Thumb Code    40  stm32f10x_it.o(.text)
    time_init                                0x080009c5   Thumb Code   118  time_malloc.o(.text)
    TimerStart                               0x08000a3b   Thumb Code   228  time_malloc.o(.text)
    TimerStop                                0x08000b1f   Thumb Code   228  time_malloc.o(.text)
    PutKey                                   0x08000ce3   Thumb Code    30  key.o(.text)
    GetKey                                   0x08000d01   Thumb Code    48  key.o(.text)
    DetectButton                             0x08000d31   Thumb Code   128  key.o(.text)
    KEY_Scan                                 0x08000db1   Thumb Code    34  key.o(.text)
    KEY_Initial                              0x08000ea7   Thumb Code    48  key.o(.text)
    KeyProc                                  0x08000ed7   Thumb Code    28  key.o(.text)
    LED_Initial                              0x08000f2d   Thumb Code    64  led.o(.text)
    delay_init                               0x08000f71   Thumb Code    50  delay.o(.text)
    delay_ms                                 0x08000fa3   Thumb Code    62  delay.o(.text)
    delay_us                                 0x08000fe1   Thumb Code    62  delay.o(.text)
    Delay                                    0x0800101f   Thumb Code    26  delay.o(.text)
    TIM2_NVIC_Configuration                  0x08001041   Thumb Code    50  timer1.o(.text)
    TIM2_Configuration                       0x08001073   Thumb Code    84  timer1.o(.text)
    TIM4_NVIC_Configuration                  0x080010c7   Thumb Code    46  timer1.o(.text)
    TIM4_Configuration                       0x080010f5   Thumb Code    80  timer1.o(.text)
    TIM_Initial                              0x08001145   Thumb Code    20  timer1.o(.text)
    DS18B20_IO_OUT                           0x0800115d   Thumb Code    44  ds18b20.o(.text)
    DS18B20_IO_IN                            0x08001189   Thumb Code    36  ds18b20.o(.text)
    DS18B20_Rst                              0x080011ad   Thumb Code    42  ds18b20.o(.text)
    DS18B20_Check                            0x080011d7   Thumb Code   190  ds18b20.o(.text)
    DS18B20_Check_Con16                      0x08001295   Thumb Code    98  ds18b20.o(.text)
    DS18B20_Read_Bit                         0x080012f7   Thumb Code   112  ds18b20.o(.text)
    DS18B20_Read_Byte                        0x08001367   Thumb Code    50  ds18b20.o(.text)
    DS18B20_Write_Byte                       0x08001399   Thumb Code   102  ds18b20.o(.text)
    DS18B20_Initial                          0x0800141b   Thumb Code    44  ds18b20.o(.text)
    DS18B20_Get_Temp                         0x08001447   Thumb Code   152  ds18b20.o(.text)
    fputc                                    0x080018c3   Thumb Code    30  usart.o(.text)
    USART_printf                             0x08001953   Thumb Code   326  usart.o(.text)
    USART_SendNByte                          0x08001a99   Thumb Code    60  usart.o(.text)
    USART_SendByte                           0x08001ad5   Thumb Code    40  usart.o(.text)
    USART_Initial                            0x08001afd   Thumb Code    28  usart.o(.text)
    Input_Config                             0x08001b19   Thumb Code    68  input_output.o(.text)
    Output_Config                            0x08001b5d   Thumb Code    70  input_output.o(.text)
    IO_Initial                               0x08001ba3   Thumb Code    12  input_output.o(.text)
    Get_Input                                0x08001baf   Thumb Code    94  input_output.o(.text)
    BUZZ_Initial                             0x08001c15   Thumb Code    54  buzz.o(.text)
    BUZZ_Op                                  0x08001c4b   Thumb Code   108  buzz.o(.text)
    SPI_FLASH_Init                           0x08001cbd   Thumb Code   212  spi_flash.o(.text)
    SPI_FLASH_SendByte                       0x08001d91   Thumb Code    50  spi_flash.o(.text)
    SPI_FLASH_WaitForWriteEnd                0x08001dc3   Thumb Code    50  spi_flash.o(.text)
    SPI_FLASH_WriteEnable                    0x08001df5   Thumb Code    26  spi_flash.o(.text)
    SPI_FLASH_SectorErase                    0x08001e0f   Thumb Code    62  spi_flash.o(.text)
    SPI_FLASH_BulkErase                      0x08001e4d   Thumb Code    34  spi_flash.o(.text)
    SPI_FLASH_PageWrite                      0x08001e6f   Thumb Code    94  spi_flash.o(.text)
    SPI_FLASH_BufferWrite                    0x08001ecd   Thumb Code   304  spi_flash.o(.text)
    SPI_FLASH_BufferRead                     0x08001ffd   Thumb Code    80  spi_flash.o(.text)
    SPI_FLASH_ReadID                         0x0800204d   Thumb Code    86  spi_flash.o(.text)
    SPI_FLASH_ReadDeviceID                   0x080020a3   Thumb Code    70  spi_flash.o(.text)
    SPI_FLASH_StartReadSequence              0x080020e9   Thumb Code    44  spi_flash.o(.text)
    SPI_FLASH_ReadByte                       0x08002115   Thumb Code    10  spi_flash.o(.text)
    SPI_FLASH_SendHalfWord                   0x0800211f   Thumb Code    48  spi_flash.o(.text)
    SPI_Flash_PowerDown                      0x0800214f   Thumb Code    26  spi_flash.o(.text)
    SPI_Flash_WAKEUP                         0x08002169   Thumb Code    26  spi_flash.o(.text)
    Decry                                    0x0800218d   Thumb Code    60  gprs.o(.text)
    Encry                                    0x080021c9   Thumb Code    56  gprs.o(.text)
    calcrc                                   0x08002201   Thumb Code    36  gprs.o(.text)
    fill_data_nocrypto                       0x08002225   Thumb Code   130  gprs.o(.text)
    fill_data                                0x080022a7   Thumb Code   162  gprs.o(.text)
    GPRS_SendNormalData                      0x08002349   Thumb Code   484  gprs.o(.text)
    GPRS_SendErrorCode                       0x0800252d   Thumb Code    58  gprs.o(.text)
    GPRS_SendHeart                           0x08002567   Thumb Code   110  gprs.o(.text)
    addresscmp                               0x080025d5   Thumb Code    38  gprs.o(.text)
    RxAnlyse                                 0x080025fb   Thumb Code  3494  gprs.o(.text)
    SendATCommand                            0x080033a1   Thumb Code    24  gprs.o(.text)
    sim900b_send_tcp_data                    0x080033b9   Thumb Code   112  gprs.o(.text)
    ParseStringByToken                       0x08003429   Thumb Code   130  gprs.o(.text)
    ParseReceiveMessage                      0x080034ab   Thumb Code   234  gprs.o(.text)
    processATCnfData                         0x08003595   Thumb Code  2016  gprs.o(.text)
    processATCnf                             0x08003d75   Thumb Code    48  gprs.o(.text)
    SendMessage                              0x08003da5   Thumb Code    48  gprs.o(.text)
    ProcessIncomingSMS                       0x08003dd5   Thumb Code   298  gprs.o(.text)
    GPRS_Initial                             0x08003eff   Thumb Code    44  gprs.o(.text)
    GPRS_StartUp                             0x08003f2b   Thumb Code    56  gprs.o(.text)
    GPRS_ShutDown                            0x08003f63   Thumb Code    40  gprs.o(.text)
    GprsProc                                 0x08003f8b   Thumb Code    60  gprs.o(.text)
    LCD_OpenWindow                           0x08004069   Thumb Code   108  tft_lcd.o(.text)
    LCD_CloseWindow                          0x080040d5   Thumb Code    82  tft_lcd.o(.text)
    LCD_Point                                0x08004127   Thumb Code    30  tft_lcd.o(.text)
    LCD_DrawPoint                            0x08004153   Thumb Code   112  tft_lcd.o(.text)
    LCD_DrawLine                             0x080041c3   Thumb Code   192  tft_lcd.o(.text)
    LCD_Rectangle                            0x08004283   Thumb Code    60  tft_lcd.o(.text)
    LCD_RectangleS                           0x080042bf   Thumb Code   280  tft_lcd.o(.text)
    LCD_RD_REG                               0x080043d7   Thumb Code    12  tft_lcd.o(.text)
    LCD_GPIO_Config                          0x080043e3   Thumb Code   296  tft_lcd.o(.text)
    LCD_FSMC_Config                          0x0800450b   Thumb Code   112  tft_lcd.o(.text)
    LCD_Init_Reg                             0x0800457b   Thumb Code   810  tft_lcd.o(.text)
    LCD_ClrFix                               0x080048a5   Thumb Code    74  tft_lcd.o(.text)
    LCD_Clr                                  0x080048ef   Thumb Code    52  tft_lcd.o(.text)
    LCD_Initial                              0x08004923   Thumb Code    56  tft_lcd.o(.text)
    LCD_Char_O                               0x0800495b   Thumb Code   134  tft_lcd.o(.text)
    find_chn                                 0x080049e1   Thumb Code    60  tft_lcd.o(.text)
    LCD_CHN                                  0x08004a1d   Thumb Code   128  tft_lcd.o(.text)
    LCD_ShowString                           0x08004a9d   Thumb Code   132  tft_lcd.o(.text)
    TurnToNextMenu                           0x08004b39   Thumb Code    28  ui.o(.text)
    AmendKeyIndex                            0x08004b55   Thumb Code     6  ui.o(.text)
    DispMenu                                 0x08004b5b   Thumb Code     2  ui.o(.text)
    ui_flush_idle_display                    0x08004b5d   Thumb Code  1126  ui.o(.text)
    DisMenuTopInit                           0x08004fc3   Thumb Code   260  ui.o(.text)
    DisMenuTopSet                            0x080050c7   Thumb Code    24  ui.o(.text)
    DisMenuTopEnter                          0x080050df   Thumb Code    12  ui.o(.text)
    DisMenuTopUp                             0x080050eb   Thumb Code   150  ui.o(.text)
    DisMenuTopDown                           0x08005181   Thumb Code    12  ui.o(.text)
    DisMenuTopReturn                         0x0800518d   Thumb Code    20  ui.o(.text)
    DisMenuLevel0Init                        0x080051a1   Thumb Code   176  ui.o(.text)
    DisMenuLevel0Set                         0x08005251   Thumb Code    12  ui.o(.text)
    DisMenuLevel0Enter                       0x0800525d   Thumb Code   148  ui.o(.text)
    DisMenuLevel0Up                          0x080052f1   Thumb Code   512  ui.o(.text)
    DisMenuLevel0Down                        0x080054f1   Thumb Code   194  ui.o(.text)
    DisMenuLevel0Return                      0x080055b3   Thumb Code    20  ui.o(.text)
    DisMenuDevAdrInit                        0x080055c7   Thumb Code   270  ui.o(.text)
    DisMenuDevAdrSet                         0x080056d5   Thumb Code    12  ui.o(.text)
    DisMenuDevAdrUp                          0x080056e1   Thumb Code   168  ui.o(.text)
    DisMenuDevAdrDown                        0x08005789   Thumb Code   168  ui.o(.text)
    DisMenuDevAdrEnter                       0x08005831   Thumb Code   476  ui.o(.text)
    DisMenuDevAdrReturn                      0x08005a0d   Thumb Code   166  ui.o(.text)
    DisMenuDevTimeInit                       0x08005ab3   Thumb Code   292  ui.o(.text)
    DisMenuDevTimeSet                        0x08005bd7   Thumb Code    12  ui.o(.text)
    DisMenuDevTimeEnter                      0x08005be3   Thumb Code   596  ui.o(.text)
    DisMenuDevTimeUp                         0x08005e37   Thumb Code   170  ui.o(.text)
    DisMenuDevTimeDown                       0x08005ee1   Thumb Code   170  ui.o(.text)
    DisMenuDevTimeReturn                     0x08005f8b   Thumb Code   224  ui.o(.text)
    DisMenuDevIPInit                         0x0800606b   Thumb Code   200  ui.o(.text)
    DisMenuDevIPSet                          0x08006133   Thumb Code    12  ui.o(.text)
    DisMenuDevIPEnter                        0x0800613f   Thumb Code   622  ui.o(.text)
    DisMenuDevIPUp                           0x080063ad   Thumb Code   170  ui.o(.text)
    DisMenuDevIPDown                         0x08006457   Thumb Code   170  ui.o(.text)
    DisMenuDevIPReturn                       0x08006501   Thumb Code   208  ui.o(.text)
    DisMenuDevPortInit                       0x080065d1   Thumb Code   232  ui.o(.text)
    DisMenuDevPortSet                        0x080066b9   Thumb Code    12  ui.o(.text)
    DisMenuDevPortEnter                      0x080066c5   Thumb Code   280  ui.o(.text)
    DisMenuDevPortUp                         0x080067dd   Thumb Code   170  ui.o(.text)
    DisMenuDevPortDown                       0x08006887   Thumb Code   168  ui.o(.text)
    DisMenuDevPortReturn                     0x0800692f   Thumb Code   164  ui.o(.text)
    DisMenuDevRs485Adr1Init                  0x080069d3   Thumb Code   250  ui.o(.text)
    DisMenuDevRs485Adr1Set                   0x08006acd   Thumb Code    12  ui.o(.text)
    DisMenuDevRs485Adr1Enter                 0x08006ad9   Thumb Code   242  ui.o(.text)
    DisMenuDevRs485Adr1Up                    0x08006bcb   Thumb Code   168  ui.o(.text)
    DisMenuDevRs485Adr1Down                  0x08006c73   Thumb Code   160  ui.o(.text)
    DisMenuDevRs485Adr1Return                0x08006d13   Thumb Code   158  ui.o(.text)
    DisMenuDevRs485Adr2Init                  0x08006db1   Thumb Code   256  ui.o(.text)
    DisMenuDevRs485Adr2Set                   0x08006eb1   Thumb Code    12  ui.o(.text)
    DisMenuDevRs485Adr2Enter                 0x08006ebd   Thumb Code   314  ui.o(.text)
    DisMenuDevRs485Adr2Up                    0x08006ff7   Thumb Code   160  ui.o(.text)
    DisMenuDevRs485Adr2Down                  0x08007097   Thumb Code   160  ui.o(.text)
    DisMenuDevRs485Adr2Return                0x08007137   Thumb Code   160  ui.o(.text)
    DisMenuDevRs485Adr3Init                  0x080071d7   Thumb Code   242  ui.o(.text)
    DisMenuDevRs485Adr3Set                   0x080072c9   Thumb Code    12  ui.o(.text)
    DisMenuDevRs485Adr3Enter                 0x080072d5   Thumb Code   314  ui.o(.text)
    DisMenuDevRs485Adr3Up                    0x0800740f   Thumb Code   160  ui.o(.text)
    DisMenuDevRs485Adr3Down                  0x080074af   Thumb Code   160  ui.o(.text)
    DisMenuDevRs485Adr3Return                0x0800754f   Thumb Code   160  ui.o(.text)
    DisMenuDevRs485Adr4Init                  0x080075ef   Thumb Code   242  ui.o(.text)
    DisMenuDevRs485Adr4Set                   0x080076e1   Thumb Code    12  ui.o(.text)
    DisMenuDevRs485Adr4Enter                 0x080076ed   Thumb Code   314  ui.o(.text)
    DisMenuDevRs485Adr4Up                    0x08007827   Thumb Code   160  ui.o(.text)
    DisMenuDevRs485Adr4Down                  0x080078c7   Thumb Code   160  ui.o(.text)
    DisMenuDevRs485Adr4Return                0x08007967   Thumb Code   160  ui.o(.text)
    DisMenuDevRs485Adr5Init                  0x08007a07   Thumb Code   242  ui.o(.text)
    DisMenuDevRs485Adr5Set                   0x08007af9   Thumb Code    12  ui.o(.text)
    DisMenuDevRs485Adr5Enter                 0x08007b05   Thumb Code   314  ui.o(.text)
    DisMenuDevRs485Adr5Up                    0x08007c3f   Thumb Code   160  ui.o(.text)
    DisMenuDevRs485Adr5Down                  0x08007cdf   Thumb Code   160  ui.o(.text)
    DisMenuDevRs485Adr5Return                0x08007d7f   Thumb Code   160  ui.o(.text)
    DisMenuResetFacInit                      0x08007e1f   Thumb Code   178  ui.o(.text)
    DisMenuResetFacSet                       0x08007ed1   Thumb Code    60  ui.o(.text)
    DisMenuResetFacEnter                     0x08007f0d   Thumb Code   158  ui.o(.text)
    DisMenuResetFacUp                        0x08007fab   Thumb Code   150  ui.o(.text)
    DisMenuResetFacDown                      0x08008041   Thumb Code   150  ui.o(.text)
    DisMenuResetFacReturn                    0x080080d7   Thumb Code    20  ui.o(.text)
    DisMenuCommunicateInit                   0x080080eb   Thumb Code   178  ui.o(.text)
    DisMenuCommunicateSet                    0x0800819d   Thumb Code    12  ui.o(.text)
    DisMenuCommunicateEnter                  0x080081a9   Thumb Code   130  ui.o(.text)
    DisMenuCommunicateUp                     0x0800822b   Thumb Code   150  ui.o(.text)
    DisMenuCommunicateDown                   0x080082c1   Thumb Code   242  ui.o(.text)
    DisMenuCommunicateReturn                 0x080083b3   Thumb Code    20  ui.o(.text)
    OnKey                                    0x080083c7   Thumb Code   266  ui.o(.text)
    processUserTimerOut                      0x080084f1   Thumb Code  1798  time_outprocess.o(.text)
    NVIC_Configuration                       0x08008c05   Thumb Code    50  rtc.o(.text)
    RTC_Configuration                        0x08008c37   Thumb Code    88  rtc.o(.text)
    RTC_Init                                 0x08008c8f   Thumb Code    70  rtc.o(.text)
    Is_Leap_Year                             0x08008cd5   Thumb Code    62  rtc.o(.text)
    RTC_Get_Week                             0x08008d13   Thumb Code   132  rtc.o(.text)
    RTC_Get                                  0x08008d97   Thumb Code   268  rtc.o(.text)
    RTC_Set                                  0x08008ea3   Thumb Code   216  rtc.o(.text)
    storage_init                             0x08008fa1   Thumb Code    84  storage.o(.text)
    storage_write_record                     0x08008ff5   Thumb Code   148  storage.o(.text)
    rs485_rs2_init                           0x08009137   Thumb Code    60  rs485_rs2.o(.text)
    rs485_rs2_send                           0x08009173   Thumb Code   152  rs485_rs2.o(.text)
    copy_data                                0x0800920b   Thumb Code  2074  rs485_rs2.o(.text)
    RS485rs2Proc                             0x08009a25   Thumb Code   288  rs485_rs2.o(.text)
    bcd_to_hex                               0x08009b71   Thumb Code    22  rs485_rs3.o(.text)
    rs485_rs3_send                           0x08009ba7   Thumb Code   192  rs485_rs3.o(.text)
    rs485_rs3_GetWaterData                   0x08009c67   Thumb Code    58  rs485_rs3.o(.text)
    rs485_rs3_init                           0x08009ca1   Thumb Code    62  rs485_rs3.o(.text)
    RS485rs3Proc                             0x08009cdf   Thumb Code   578  rs485_rs3.o(.text)
    ADC1_Init                                0x0800a049   Thumb Code    12  adc.o(.text)
    IWDG_Init                                0x0800a069   Thumb Code    36  watchdog.o(.text)
    IWDG_Feed                                0x0800a08d   Thumb Code     8  watchdog.o(.text)
    WWDG_NVIC_Init                           0x0800a095   Thumb Code    34  watchdog.o(.text)
    WWDG_Init                                0x0800a0b7   Thumb Code    52  watchdog.o(.text)
    WWDG_Set_Counter                         0x0800a0eb   Thumb Code    12  watchdog.o(.text)
    WWDG_IRQHandler                          0x0800a0f7   Thumb Code    14  watchdog.o(.text)
    GPIO_DeInit                              0x0800a105   Thumb Code   190  stm32f10x_gpio.o(.text)
    GPIO_AFIODeInit                          0x0800a1c3   Thumb Code    20  stm32f10x_gpio.o(.text)
    GPIO_Init                                0x0800a1d7   Thumb Code   292  stm32f10x_gpio.o(.text)
    GPIO_StructInit                          0x0800a2fb   Thumb Code    20  stm32f10x_gpio.o(.text)
    GPIO_ReadInputDataBit                    0x0800a30f   Thumb Code    24  stm32f10x_gpio.o(.text)
    GPIO_ReadInputData                       0x0800a327   Thumb Code     8  stm32f10x_gpio.o(.text)
    GPIO_ReadOutputDataBit                   0x0800a32f   Thumb Code    24  stm32f10x_gpio.o(.text)
    GPIO_ReadOutputData                      0x0800a347   Thumb Code     8  stm32f10x_gpio.o(.text)
    GPIO_SetBits                             0x0800a34f   Thumb Code     4  stm32f10x_gpio.o(.text)
    GPIO_ResetBits                           0x0800a353   Thumb Code     4  stm32f10x_gpio.o(.text)
    GPIO_WriteBit                            0x0800a357   Thumb Code    10  stm32f10x_gpio.o(.text)
    GPIO_Write                               0x0800a361   Thumb Code     4  stm32f10x_gpio.o(.text)
    GPIO_PinLockConfig                       0x0800a365   Thumb Code    20  stm32f10x_gpio.o(.text)
    GPIO_EventOutputConfig                   0x0800a379   Thumb Code    32  stm32f10x_gpio.o(.text)
    GPIO_EventOutputCmd                      0x0800a399   Thumb Code     6  stm32f10x_gpio.o(.text)
    GPIO_PinRemapConfig                      0x0800a39f   Thumb Code   124  stm32f10x_gpio.o(.text)
    GPIO_EXTILineConfig                      0x0800a41b   Thumb Code    84  stm32f10x_gpio.o(.text)
    RCC_DeInit                               0x0800a485   Thumb Code    68  stm32f10x_rcc.o(.text)
    RCC_HSEConfig                            0x0800a4c9   Thumb Code    70  stm32f10x_rcc.o(.text)
    RCC_GetFlagStatus                        0x0800a50f   Thumb Code    68  stm32f10x_rcc.o(.text)
    RCC_WaitForHSEStartUp                    0x0800a553   Thumb Code    54  stm32f10x_rcc.o(.text)
    RCC_AdjustHSICalibrationValue            0x0800a589   Thumb Code    22  stm32f10x_rcc.o(.text)
    RCC_HSICmd                               0x0800a59f   Thumb Code     6  stm32f10x_rcc.o(.text)
    RCC_PLLConfig                            0x0800a5a5   Thumb Code    28  stm32f10x_rcc.o(.text)
    RCC_PLLCmd                               0x0800a5c1   Thumb Code     6  stm32f10x_rcc.o(.text)
    RCC_SYSCLKConfig                         0x0800a5c7   Thumb Code    22  stm32f10x_rcc.o(.text)
    RCC_GetSYSCLKSource                      0x0800a5dd   Thumb Code    10  stm32f10x_rcc.o(.text)
    RCC_HCLKConfig                           0x0800a5e7   Thumb Code    22  stm32f10x_rcc.o(.text)
    RCC_PCLK1Config                          0x0800a5fd   Thumb Code    22  stm32f10x_rcc.o(.text)
    RCC_PCLK2Config                          0x0800a613   Thumb Code    22  stm32f10x_rcc.o(.text)
    RCC_ITConfig                             0x0800a629   Thumb Code    36  stm32f10x_rcc.o(.text)
    RCC_USBCLKConfig                         0x0800a64d   Thumb Code     6  stm32f10x_rcc.o(.text)
    RCC_ADCCLKConfig                         0x0800a653   Thumb Code    22  stm32f10x_rcc.o(.text)
    RCC_LSEConfig                            0x0800a669   Thumb Code    50  stm32f10x_rcc.o(.text)
    RCC_LSICmd                               0x0800a69b   Thumb Code     6  stm32f10x_rcc.o(.text)
    RCC_RTCCLKConfig                         0x0800a6a1   Thumb Code    14  stm32f10x_rcc.o(.text)
    RCC_RTCCLKCmd                            0x0800a6af   Thumb Code     6  stm32f10x_rcc.o(.text)
    RCC_GetClocksFreq                        0x0800a6b5   Thumb Code   216  stm32f10x_rcc.o(.text)
    RCC_AHBPeriphClockCmd                    0x0800a78d   Thumb Code    30  stm32f10x_rcc.o(.text)
    RCC_APB2PeriphClockCmd                   0x0800a7ab   Thumb Code    30  stm32f10x_rcc.o(.text)
    RCC_APB1PeriphClockCmd                   0x0800a7c9   Thumb Code    30  stm32f10x_rcc.o(.text)
    RCC_APB2PeriphResetCmd                   0x0800a7e7   Thumb Code    30  stm32f10x_rcc.o(.text)
    RCC_APB1PeriphResetCmd                   0x0800a805   Thumb Code    30  stm32f10x_rcc.o(.text)
    RCC_BackupResetCmd                       0x0800a823   Thumb Code     6  stm32f10x_rcc.o(.text)
    RCC_ClockSecuritySystemCmd               0x0800a829   Thumb Code     6  stm32f10x_rcc.o(.text)
    RCC_MCOConfig                            0x0800a82f   Thumb Code     6  stm32f10x_rcc.o(.text)
    RCC_ClearFlag                            0x0800a835   Thumb Code    14  stm32f10x_rcc.o(.text)
    RCC_GetITStatus                          0x0800a843   Thumb Code    26  stm32f10x_rcc.o(.text)
    RCC_ClearITPendingBit                    0x0800a85d   Thumb Code    60  stm32f10x_rcc.o(.text)
    USART_DeInit                             0x0800a899   Thumb Code   148  stm32f10x_usart.o(.text)
    USART_Init                               0x0800a92d   Thumb Code   182  stm32f10x_usart.o(.text)
    USART_StructInit                         0x0800a9e3   Thumb Code    30  stm32f10x_usart.o(.text)
    USART_ClockInit                          0x0800aa01   Thumb Code    46  stm32f10x_usart.o(.text)
    USART_ClockStructInit                    0x0800aa2f   Thumb Code    14  stm32f10x_usart.o(.text)
    USART_Cmd                                0x0800aa3d   Thumb Code    26  stm32f10x_usart.o(.text)
    USART_ITConfig                           0x0800aa57   Thumb Code    78  stm32f10x_usart.o(.text)
    USART_DMACmd                             0x0800aaa5   Thumb Code    30  stm32f10x_usart.o(.text)
    USART_SetAddress                         0x0800aac3   Thumb Code    22  stm32f10x_usart.o(.text)
    USART_WakeUpConfig                       0x0800aad9   Thumb Code    22  stm32f10x_usart.o(.text)
    USART_ReceiverWakeUpCmd                  0x0800aaef   Thumb Code    26  stm32f10x_usart.o(.text)
    USART_LINBreakDetectLengthConfig         0x0800ab09   Thumb Code    22  stm32f10x_usart.o(.text)
    USART_LINCmd                             0x0800ab1f   Thumb Code    26  stm32f10x_usart.o(.text)
    USART_SendData                           0x0800ab39   Thumb Code     8  stm32f10x_usart.o(.text)
    USART_ReceiveData                        0x0800ab41   Thumb Code    10  stm32f10x_usart.o(.text)
    USART_SendBreak                          0x0800ab4b   Thumb Code    10  stm32f10x_usart.o(.text)
    USART_SetGuardTime                       0x0800ab55   Thumb Code    16  stm32f10x_usart.o(.text)
    USART_SetPrescaler                       0x0800ab65   Thumb Code    18  stm32f10x_usart.o(.text)
    USART_SmartCardCmd                       0x0800ab77   Thumb Code    26  stm32f10x_usart.o(.text)
    USART_SmartCardNACKCmd                   0x0800ab91   Thumb Code    26  stm32f10x_usart.o(.text)
    USART_HalfDuplexCmd                      0x0800abab   Thumb Code    26  stm32f10x_usart.o(.text)
    USART_IrDAConfig                         0x0800abc5   Thumb Code    22  stm32f10x_usart.o(.text)
    USART_IrDACmd                            0x0800abdb   Thumb Code    26  stm32f10x_usart.o(.text)
    USART_GetFlagStatus                      0x0800abf5   Thumb Code    24  stm32f10x_usart.o(.text)
    USART_ClearFlag                          0x0800ac0d   Thumb Code     8  stm32f10x_usart.o(.text)
    USART_GetITStatus                        0x0800ac15   Thumb Code    96  stm32f10x_usart.o(.text)
    USART_ClearITPendingBit                  0x0800ac75   Thumb Code    44  stm32f10x_usart.o(.text)
    TIM_DeInit                               0x0800aca1   Thumb Code   216  stm32f10x_tim.o(.text)
    TIM_TimeBaseInit                         0x0800ad79   Thumb Code    56  stm32f10x_tim.o(.text)
    TIM_OC1Init                              0x0800adb1   Thumb Code   142  stm32f10x_tim.o(.text)
    TIM_OC2Init                              0x0800ae3f   Thumb Code   170  stm32f10x_tim.o(.text)
    TIM_OC3Init                              0x0800aee9   Thumb Code   166  stm32f10x_tim.o(.text)
    TIM_OC4Init                              0x0800af8f   Thumb Code   114  stm32f10x_tim.o(.text)
    TIM_SetIC4Prescaler                      0x0800b001   Thumb Code    26  stm32f10x_tim.o(.text)
    TIM_SetIC3Prescaler                      0x0800b073   Thumb Code    38  stm32f10x_tim.o(.text)
    TIM_SetIC2Prescaler                      0x0800b0e9   Thumb Code    26  stm32f10x_tim.o(.text)
    TIM_SetIC1Prescaler                      0x0800b157   Thumb Code    22  stm32f10x_tim.o(.text)
    TIM_ICInit                               0x0800b1b3   Thumb Code   110  stm32f10x_tim.o(.text)
    TIM_PWMIConfig                           0x0800b221   Thumb Code   136  stm32f10x_tim.o(.text)
    TIM_BDTRConfig                           0x0800b2a9   Thumb Code    44  stm32f10x_tim.o(.text)
    TIM_TimeBaseStructInit                   0x0800b2d5   Thumb Code    20  stm32f10x_tim.o(.text)
    TIM_OCStructInit                         0x0800b2e9   Thumb Code    22  stm32f10x_tim.o(.text)
    TIM_ICStructInit                         0x0800b2ff   Thumb Code    24  stm32f10x_tim.o(.text)
    TIM_BDTRStructInit                       0x0800b317   Thumb Code    20  stm32f10x_tim.o(.text)
    TIM_Cmd                                  0x0800b32b   Thumb Code    26  stm32f10x_tim.o(.text)
    TIM_CtrlPWMOutputs                       0x0800b345   Thumb Code    30  stm32f10x_tim.o(.text)
    TIM_ITConfig                             0x0800b363   Thumb Code    30  stm32f10x_tim.o(.text)
    TIM_GenerateEvent                        0x0800b381   Thumb Code     4  stm32f10x_tim.o(.text)
    TIM_DMAConfig                            0x0800b385   Thumb Code    10  stm32f10x_tim.o(.text)
    TIM_DMACmd                               0x0800b38f   Thumb Code    30  stm32f10x_tim.o(.text)
    TIM_InternalClockConfig                  0x0800b3ad   Thumb Code    14  stm32f10x_tim.o(.text)
    TIM_SelectInputTrigger                   0x0800b3bb   Thumb Code    24  stm32f10x_tim.o(.text)
    TIM_ITRxExternalClockConfig              0x0800b3d3   Thumb Code    24  stm32f10x_tim.o(.text)
    TIM_TIxExternalClockConfig               0x0800b3eb   Thumb Code    62  stm32f10x_tim.o(.text)
    TIM_ETRConfig                            0x0800b429   Thumb Code    32  stm32f10x_tim.o(.text)
    TIM_ETRClockMode1Config                  0x0800b449   Thumb Code    60  stm32f10x_tim.o(.text)
    TIM_ETRClockMode2Config                  0x0800b485   Thumb Code    32  stm32f10x_tim.o(.text)
    TIM_PrescalerConfig                      0x0800b4a5   Thumb Code     6  stm32f10x_tim.o(.text)
    TIM_CounterModeConfig                    0x0800b4ab   Thumb Code    24  stm32f10x_tim.o(.text)
    TIM_EncoderInterfaceConfig               0x0800b4c3   Thumb Code    78  stm32f10x_tim.o(.text)
    TIM_ForcedOC1Config                      0x0800b511   Thumb Code    24  stm32f10x_tim.o(.text)
    TIM_ForcedOC2Config                      0x0800b529   Thumb Code    28  stm32f10x_tim.o(.text)
    TIM_ForcedOC3Config                      0x0800b545   Thumb Code    24  stm32f10x_tim.o(.text)
    TIM_ForcedOC4Config                      0x0800b55d   Thumb Code    28  stm32f10x_tim.o(.text)
    TIM_ARRPreloadConfig                     0x0800b579   Thumb Code    26  stm32f10x_tim.o(.text)
    TIM_SelectCOM                            0x0800b593   Thumb Code    26  stm32f10x_tim.o(.text)
    TIM_SelectCCDMA                          0x0800b5ad   Thumb Code    26  stm32f10x_tim.o(.text)
    TIM_CCPreloadControl                     0x0800b5c7   Thumb Code    26  stm32f10x_tim.o(.text)
    TIM_OC1PreloadConfig                     0x0800b5e1   Thumb Code    24  stm32f10x_tim.o(.text)
    TIM_OC2PreloadConfig                     0x0800b5f9   Thumb Code    28  stm32f10x_tim.o(.text)
    TIM_OC3PreloadConfig                     0x0800b615   Thumb Code    24  stm32f10x_tim.o(.text)
    TIM_OC4PreloadConfig                     0x0800b62d   Thumb Code    28  stm32f10x_tim.o(.text)
    TIM_OC1FastConfig                        0x0800b649   Thumb Code    24  stm32f10x_tim.o(.text)
    TIM_OC2FastConfig                        0x0800b661   Thumb Code    28  stm32f10x_tim.o(.text)
    TIM_OC3FastConfig                        0x0800b67d   Thumb Code    24  stm32f10x_tim.o(.text)
    TIM_OC4FastConfig                        0x0800b695   Thumb Code    28  stm32f10x_tim.o(.text)
    TIM_ClearOC1Ref                          0x0800b6b1   Thumb Code    24  stm32f10x_tim.o(.text)
    TIM_ClearOC2Ref                          0x0800b6c9   Thumb Code    24  stm32f10x_tim.o(.text)
    TIM_ClearOC3Ref                          0x0800b6e1   Thumb Code    24  stm32f10x_tim.o(.text)
    TIM_ClearOC4Ref                          0x0800b6f9   Thumb Code    24  stm32f10x_tim.o(.text)
    TIM_OC1PolarityConfig                    0x0800b711   Thumb Code    24  stm32f10x_tim.o(.text)
    TIM_OC1NPolarityConfig                   0x0800b729   Thumb Code    24  stm32f10x_tim.o(.text)
    TIM_OC2PolarityConfig                    0x0800b741   Thumb Code    28  stm32f10x_tim.o(.text)
    TIM_OC2NPolarityConfig                   0x0800b75d   Thumb Code    28  stm32f10x_tim.o(.text)
    TIM_OC3PolarityConfig                    0x0800b779   Thumb Code    28  stm32f10x_tim.o(.text)
    TIM_OC3NPolarityConfig                   0x0800b795   Thumb Code    28  stm32f10x_tim.o(.text)
    TIM_OC4PolarityConfig                    0x0800b7b1   Thumb Code    28  stm32f10x_tim.o(.text)
    TIM_CCxCmd                               0x0800b7cd   Thumb Code    40  stm32f10x_tim.o(.text)
    TIM_CCxNCmd                              0x0800b7f5   Thumb Code    40  stm32f10x_tim.o(.text)
    TIM_SelectOCxM                           0x0800b81d   Thumb Code   166  stm32f10x_tim.o(.text)
    TIM_UpdateDisableConfig                  0x0800b8c3   Thumb Code    26  stm32f10x_tim.o(.text)
    TIM_UpdateRequestConfig                  0x0800b8dd   Thumb Code    26  stm32f10x_tim.o(.text)
    TIM_SelectHallSensor                     0x0800b8f7   Thumb Code    26  stm32f10x_tim.o(.text)
    TIM_SelectOnePulseMode                   0x0800b911   Thumb Code    22  stm32f10x_tim.o(.text)
    TIM_SelectOutputTrigger                  0x0800b927   Thumb Code    22  stm32f10x_tim.o(.text)
    TIM_SelectSlaveMode                      0x0800b93d   Thumb Code    22  stm32f10x_tim.o(.text)
    TIM_SelectMasterSlaveMode                0x0800b953   Thumb Code    22  stm32f10x_tim.o(.text)
    TIM_SetCounter                           0x0800b969   Thumb Code     4  stm32f10x_tim.o(.text)
    TIM_SetAutoreload                        0x0800b96d   Thumb Code     4  stm32f10x_tim.o(.text)
    TIM_SetCompare1                          0x0800b971   Thumb Code     4  stm32f10x_tim.o(.text)
    TIM_SetCompare2                          0x0800b975   Thumb Code     4  stm32f10x_tim.o(.text)
    TIM_SetCompare3                          0x0800b979   Thumb Code     4  stm32f10x_tim.o(.text)
    TIM_SetCompare4                          0x0800b97d   Thumb Code     6  stm32f10x_tim.o(.text)
    TIM_SetClockDivision                     0x0800b983   Thumb Code    16  stm32f10x_tim.o(.text)
    TIM_GetCapture1                          0x0800b993   Thumb Code     6  stm32f10x_tim.o(.text)
    TIM_GetCapture2                          0x0800b999   Thumb Code     6  stm32f10x_tim.o(.text)
    TIM_GetCapture3                          0x0800b99f   Thumb Code     6  stm32f10x_tim.o(.text)
    TIM_GetCapture4                          0x0800b9a5   Thumb Code     8  stm32f10x_tim.o(.text)
    TIM_GetCounter                           0x0800b9ad   Thumb Code     6  stm32f10x_tim.o(.text)
    TIM_GetPrescaler                         0x0800b9b3   Thumb Code     6  stm32f10x_tim.o(.text)
    TIM_GetFlagStatus                        0x0800b9b9   Thumb Code    24  stm32f10x_tim.o(.text)
    TIM_ClearFlag                            0x0800b9d1   Thumb Code     8  stm32f10x_tim.o(.text)
    TIM_GetITStatus                          0x0800b9d9   Thumb Code    40  stm32f10x_tim.o(.text)
    TIM_ClearITPendingBit                    0x0800ba01   Thumb Code     8  stm32f10x_tim.o(.text)
    NVIC_PriorityGroupConfig                 0x0800ba09   Thumb Code    12  misc.o(.text)
    NVIC_Init                                0x0800ba15   Thumb Code   128  misc.o(.text)
    NVIC_SetVectorTable                      0x0800ba95   Thumb Code    16  misc.o(.text)
    NVIC_SystemLPConfig                      0x0800baa5   Thumb Code    30  misc.o(.text)
    SysTick_CLKSourceConfig                  0x0800bac3   Thumb Code    40  misc.o(.text)
    FSMC_NORSRAMDeInit                       0x0800bb09   Thumb Code    58  stm32f10x_fsmc.o(.text)
    FSMC_NANDDeInit                          0x0800bb43   Thumb Code    68  stm32f10x_fsmc.o(.text)
    FSMC_PCCARDDeInit                        0x0800bb87   Thumb Code    42  stm32f10x_fsmc.o(.text)
    FSMC_NORSRAMInit                         0x0800bbb1   Thumb Code   246  stm32f10x_fsmc.o(.text)
    FSMC_NANDInit                            0x0800bca7   Thumb Code   138  stm32f10x_fsmc.o(.text)
    FSMC_PCCARDInit                          0x0800bd31   Thumb Code   124  stm32f10x_fsmc.o(.text)
    FSMC_NORSRAMStructInit                   0x0800bdad   Thumb Code   138  stm32f10x_fsmc.o(.text)
    FSMC_NANDStructInit                      0x0800be37   Thumb Code    60  stm32f10x_fsmc.o(.text)
    FSMC_PCCARDStructInit                    0x0800be73   Thumb Code    64  stm32f10x_fsmc.o(.text)
    FSMC_NORSRAMCmd                          0x0800beb3   Thumb Code    48  stm32f10x_fsmc.o(.text)
    FSMC_NANDCmd                             0x0800bee3   Thumb Code    86  stm32f10x_fsmc.o(.text)
    FSMC_PCCARDCmd                           0x0800bf39   Thumb Code    72  stm32f10x_fsmc.o(.text)
    FSMC_NANDECCCmd                          0x0800bf81   Thumb Code    86  stm32f10x_fsmc.o(.text)
    FSMC_GetECC                              0x0800bfd7   Thumb Code    24  stm32f10x_fsmc.o(.text)
    FSMC_ITConfig                            0x0800bfef   Thumb Code   132  stm32f10x_fsmc.o(.text)
    FSMC_GetFlagStatus                       0x0800c073   Thumb Code    54  stm32f10x_fsmc.o(.text)
    FSMC_ClearFlag                           0x0800c0a9   Thumb Code    64  stm32f10x_fsmc.o(.text)
    FSMC_GetITStatus                         0x0800c0e9   Thumb Code    66  stm32f10x_fsmc.o(.text)
    FSMC_ClearITPendingBit                   0x0800c12b   Thumb Code    64  stm32f10x_fsmc.o(.text)
    RTC_ITConfig                             0x0800c189   Thumb Code    36  stm32f10x_rtc.o(.text)
    RTC_EnterConfigMode                      0x0800c1ad   Thumb Code    14  stm32f10x_rtc.o(.text)
    RTC_ExitConfigMode                       0x0800c1bb   Thumb Code    18  stm32f10x_rtc.o(.text)
    RTC_GetCounter                           0x0800c1cd   Thumb Code    20  stm32f10x_rtc.o(.text)
    RTC_SetCounter                           0x0800c1e1   Thumb Code    26  stm32f10x_rtc.o(.text)
    RTC_SetPrescaler                         0x0800c1fb   Thumb Code    28  stm32f10x_rtc.o(.text)
    RTC_SetAlarm                             0x0800c217   Thumb Code    28  stm32f10x_rtc.o(.text)
    RTC_GetDivider                           0x0800c233   Thumb Code    26  stm32f10x_rtc.o(.text)
    RTC_WaitForLastTask                      0x0800c24d   Thumb Code    14  stm32f10x_rtc.o(.text)
    RTC_WaitForSynchro                       0x0800c25b   Thumb Code    30  stm32f10x_rtc.o(.text)
    RTC_GetFlagStatus                        0x0800c279   Thumb Code    26  stm32f10x_rtc.o(.text)
    RTC_ClearFlag                            0x0800c293   Thumb Code    20  stm32f10x_rtc.o(.text)
    RTC_GetITStatus                          0x0800c2a7   Thumb Code    38  stm32f10x_rtc.o(.text)
    RTC_ClearITPendingBit                    0x0800c2cd   Thumb Code    20  stm32f10x_rtc.o(.text)
    ADC_DeInit                               0x0800c301   Thumb Code    90  stm32f10x_adc.o(.text)
    ADC_Init                                 0x0800c35b   Thumb Code    86  stm32f10x_adc.o(.text)
    ADC_StructInit                           0x0800c3b1   Thumb Code    22  stm32f10x_adc.o(.text)
    ADC_Cmd                                  0x0800c3c7   Thumb Code    22  stm32f10x_adc.o(.text)
    ADC_DMACmd                               0x0800c3dd   Thumb Code    22  stm32f10x_adc.o(.text)
    ADC_ITConfig                             0x0800c3f3   Thumb Code    30  stm32f10x_adc.o(.text)
    ADC_ResetCalibration                     0x0800c411   Thumb Code    10  stm32f10x_adc.o(.text)
    ADC_GetResetCalibrationStatus            0x0800c41b   Thumb Code    26  stm32f10x_adc.o(.text)
    ADC_StartCalibration                     0x0800c435   Thumb Code    10  stm32f10x_adc.o(.text)
    ADC_GetCalibrationStatus                 0x0800c43f   Thumb Code    26  stm32f10x_adc.o(.text)
    ADC_SoftwareStartConvCmd                 0x0800c459   Thumb Code    22  stm32f10x_adc.o(.text)
    ADC_GetSoftwareStartConvStatus           0x0800c46f   Thumb Code    26  stm32f10x_adc.o(.text)
    ADC_DiscModeChannelCountConfig           0x0800c489   Thumb Code    28  stm32f10x_adc.o(.text)
    ADC_DiscModeCmd                          0x0800c4a5   Thumb Code    22  stm32f10x_adc.o(.text)
    ADC_RegularChannelConfig                 0x0800c4bb   Thumb Code   224  stm32f10x_adc.o(.text)
    ADC_ExternalTrigConvCmd                  0x0800c59b   Thumb Code    22  stm32f10x_adc.o(.text)
    ADC_GetConversionValue                   0x0800c5b1   Thumb Code     8  stm32f10x_adc.o(.text)
    ADC_GetDualModeConversionValue           0x0800c5b9   Thumb Code     6  stm32f10x_adc.o(.text)
    ADC_AutoInjectedConvCmd                  0x0800c5bf   Thumb Code    22  stm32f10x_adc.o(.text)
    ADC_InjectedDiscModeCmd                  0x0800c5d5   Thumb Code    22  stm32f10x_adc.o(.text)
    ADC_ExternalTrigInjectedConvConfig       0x0800c5eb   Thumb Code    20  stm32f10x_adc.o(.text)
    ADC_ExternalTrigInjectedConvCmd          0x0800c5ff   Thumb Code    22  stm32f10x_adc.o(.text)
    ADC_SoftwareStartInjectedConvCmd         0x0800c615   Thumb Code    22  stm32f10x_adc.o(.text)
    ADC_GetSoftwareStartInjectedConvCmdStatus 0x0800c62b   Thumb Code    26  stm32f10x_adc.o(.text)
    ADC_InjectedChannelConfig                0x0800c645   Thumb Code   154  stm32f10x_adc.o(.text)
    ADC_InjectedSequencerLengthConfig        0x0800c6df   Thumb Code    46  stm32f10x_adc.o(.text)
    ADC_SetInjectedOffset                    0x0800c70d   Thumb Code     4  stm32f10x_adc.o(.text)
    ADC_GetInjectedConversionValue           0x0800c711   Thumb Code    12  stm32f10x_adc.o(.text)
    ADC_AnalogWatchdogCmd                    0x0800c71d   Thumb Code    22  stm32f10x_adc.o(.text)
    ADC_AnalogWatchdogThresholdsConfig       0x0800c733   Thumb Code     6  stm32f10x_adc.o(.text)
    ADC_AnalogWatchdogSingleChannelConfig    0x0800c739   Thumb Code    20  stm32f10x_adc.o(.text)
    ADC_TempSensorVrefintCmd                 0x0800c74d   Thumb Code    30  stm32f10x_adc.o(.text)
    ADC_GetFlagStatus                        0x0800c76b   Thumb Code    24  stm32f10x_adc.o(.text)
    ADC_ClearFlag                            0x0800c783   Thumb Code     8  stm32f10x_adc.o(.text)
    ADC_GetITStatus                          0x0800c78b   Thumb Code    44  stm32f10x_adc.o(.text)
    ADC_ClearITPendingBit                    0x0800c7b7   Thumb Code    16  stm32f10x_adc.o(.text)
    SPI_I2S_DeInit                           0x0800c7d1   Thumb Code    88  stm32f10x_spi.o(.text)
    SPI_Init                                 0x0800c829   Thumb Code    80  stm32f10x_spi.o(.text)
    I2S_Init                                 0x0800c879   Thumb Code   238  stm32f10x_spi.o(.text)
    SPI_StructInit                           0x0800c967   Thumb Code    28  stm32f10x_spi.o(.text)
    I2S_StructInit                           0x0800c983   Thumb Code    26  stm32f10x_spi.o(.text)
    SPI_Cmd                                  0x0800c99d   Thumb Code    26  stm32f10x_spi.o(.text)
    I2S_Cmd                                  0x0800c9b7   Thumb Code    26  stm32f10x_spi.o(.text)
    SPI_I2S_ITConfig                         0x0800c9d1   Thumb Code    50  stm32f10x_spi.o(.text)
    SPI_I2S_DMACmd                           0x0800ca03   Thumb Code    30  stm32f10x_spi.o(.text)
    SPI_I2S_SendData                         0x0800ca21   Thumb Code     4  stm32f10x_spi.o(.text)
    SPI_I2S_ReceiveData                      0x0800ca25   Thumb Code     6  stm32f10x_spi.o(.text)
    SPI_NSSInternalSoftwareConfig            0x0800ca2b   Thumb Code    32  stm32f10x_spi.o(.text)
    SPI_SSOutputCmd                          0x0800ca4b   Thumb Code    26  stm32f10x_spi.o(.text)
    SPI_DataSizeConfig                       0x0800ca65   Thumb Code    22  stm32f10x_spi.o(.text)
    SPI_TransmitCRC                          0x0800ca7b   Thumb Code    10  stm32f10x_spi.o(.text)
    SPI_CalculateCRC                         0x0800ca85   Thumb Code    26  stm32f10x_spi.o(.text)
    SPI_GetCRC                               0x0800ca9f   Thumb Code    18  stm32f10x_spi.o(.text)
    SPI_GetCRCPolynomial                     0x0800cab1   Thumb Code     6  stm32f10x_spi.o(.text)
    SPI_BiDirectionalLineConfig              0x0800cab7   Thumb Code    30  stm32f10x_spi.o(.text)
    SPI_I2S_GetFlagStatus                    0x0800cad5   Thumb Code    24  stm32f10x_spi.o(.text)
    SPI_I2S_ClearFlag                        0x0800caed   Thumb Code     8  stm32f10x_spi.o(.text)
    SPI_I2S_GetITStatus                      0x0800caf5   Thumb Code    68  stm32f10x_spi.o(.text)
    SPI_I2S_ClearITPendingBit                0x0800cb39   Thumb Code    28  stm32f10x_spi.o(.text)
    BKP_DeInit                               0x0800cb59   Thumb Code    16  stm32f10x_bkp.o(.text)
    BKP_TamperPinLevelConfig                 0x0800cb69   Thumb Code     6  stm32f10x_bkp.o(.text)
    BKP_TamperPinCmd                         0x0800cb6f   Thumb Code     6  stm32f10x_bkp.o(.text)
    BKP_ITConfig                             0x0800cb75   Thumb Code     6  stm32f10x_bkp.o(.text)
    BKP_RTCOutputConfig                      0x0800cb7b   Thumb Code    28  stm32f10x_bkp.o(.text)
    BKP_SetRTCCalibrationValue               0x0800cb97   Thumb Code    28  stm32f10x_bkp.o(.text)
    BKP_WriteBackupRegister                  0x0800cbb3   Thumb Code     6  stm32f10x_bkp.o(.text)
    BKP_ReadBackupRegister                   0x0800cbb9   Thumb Code     8  stm32f10x_bkp.o(.text)
    BKP_GetFlagStatus                        0x0800cbc1   Thumb Code    10  stm32f10x_bkp.o(.text)
    BKP_ClearFlag                            0x0800cbcb   Thumb Code    14  stm32f10x_bkp.o(.text)
    BKP_GetITStatus                          0x0800cbd9   Thumb Code    10  stm32f10x_bkp.o(.text)
    BKP_ClearITPendingBit                    0x0800cbe3   Thumb Code    14  stm32f10x_bkp.o(.text)
    PWR_DeInit                               0x0800cc09   Thumb Code    22  stm32f10x_pwr.o(.text)
    PWR_BackupAccessCmd                      0x0800cc1f   Thumb Code     6  stm32f10x_pwr.o(.text)
    PWR_PVDCmd                               0x0800cc25   Thumb Code     6  stm32f10x_pwr.o(.text)
    PWR_PVDLevelConfig                       0x0800cc2b   Thumb Code    22  stm32f10x_pwr.o(.text)
    PWR_WakeUpPinCmd                         0x0800cc41   Thumb Code     6  stm32f10x_pwr.o(.text)
    PWR_EnterSTOPMode                        0x0800cc47   Thumb Code    46  stm32f10x_pwr.o(.text)
    PWR_EnterSTANDBYMode                     0x0800cc75   Thumb Code    42  stm32f10x_pwr.o(.text)
    PWR_GetFlagStatus                        0x0800cc9f   Thumb Code    26  stm32f10x_pwr.o(.text)
    PWR_ClearFlag                            0x0800ccb9   Thumb Code    14  stm32f10x_pwr.o(.text)
    DMA_DeInit                               0x0800ccd9   Thumb Code   280  stm32f10x_dma.o(.text)
    DMA_Init                                 0x0800cdf1   Thumb Code    80  stm32f10x_dma.o(.text)
    DMA_StructInit                           0x0800ce41   Thumb Code    28  stm32f10x_dma.o(.text)
    DMA_Cmd                                  0x0800ce5d   Thumb Code    22  stm32f10x_dma.o(.text)
    DMA_ITConfig                             0x0800ce73   Thumb Code    22  stm32f10x_dma.o(.text)
    DMA_GetCurrDataCounter                   0x0800ce89   Thumb Code     8  stm32f10x_dma.o(.text)
    DMA_GetFlagStatus                        0x0800ce91   Thumb Code    40  stm32f10x_dma.o(.text)
    DMA_ClearFlag                            0x0800ceb9   Thumb Code    18  stm32f10x_dma.o(.text)
    DMA_GetITStatus                          0x0800cecb   Thumb Code    40  stm32f10x_dma.o(.text)
    DMA_ClearITPendingBit                    0x0800cef3   Thumb Code    18  stm32f10x_dma.o(.text)
    IWDG_WriteAccessCmd                      0x0800cf1d   Thumb Code     6  stm32f10x_iwdg.o(.text)
    IWDG_SetPrescaler                        0x0800cf23   Thumb Code     6  stm32f10x_iwdg.o(.text)
    IWDG_SetReload                           0x0800cf29   Thumb Code     6  stm32f10x_iwdg.o(.text)
    IWDG_ReloadCounter                       0x0800cf2f   Thumb Code    10  stm32f10x_iwdg.o(.text)
    IWDG_Enable                              0x0800cf39   Thumb Code    10  stm32f10x_iwdg.o(.text)
    IWDG_GetFlagStatus                       0x0800cf43   Thumb Code    26  stm32f10x_iwdg.o(.text)
    WWDG_DeInit                              0x0800cf61   Thumb Code    22  stm32f10x_wwdg.o(.text)
    WWDG_SetPrescaler                        0x0800cf77   Thumb Code    22  stm32f10x_wwdg.o(.text)
    WWDG_SetWindowValue                      0x0800cf8d   Thumb Code    26  stm32f10x_wwdg.o(.text)
    WWDG_EnableIT                            0x0800cfa7   Thumb Code    10  stm32f10x_wwdg.o(.text)
    WWDG_SetCounter                          0x0800cfb1   Thumb Code    10  stm32f10x_wwdg.o(.text)
    WWDG_Enable                              0x0800cfbb   Thumb Code    10  stm32f10x_wwdg.o(.text)
    WWDG_GetFlagStatus                       0x0800cfc5   Thumb Code    10  stm32f10x_wwdg.o(.text)
    WWDG_ClearFlag                           0x0800cfcf   Thumb Code    10  stm32f10x_wwdg.o(.text)
    SystemInit                               0x0800d0bf   Thumb Code    74  system_stm32f10x.o(.text)
    __aeabi_memcpy                           0x0800d119   Thumb Code    36  memcpya.o(.text)
    __aeabi_memcpy4                          0x0800d119   Thumb Code     0  memcpya.o(.text)
    __aeabi_memcpy8                          0x0800d119   Thumb Code     0  memcpya.o(.text)
    __aeabi_memset                           0x0800d13d   Thumb Code    14  memseta.o(.text)
    __aeabi_memset4                          0x0800d13d   Thumb Code     0  memseta.o(.text)
    __aeabi_memset8                          0x0800d13d   Thumb Code     0  memseta.o(.text)
    __aeabi_memclr                           0x0800d14b   Thumb Code     4  memseta.o(.text)
    __aeabi_memclr4                          0x0800d14b   Thumb Code     0  memseta.o(.text)
    __aeabi_memclr8                          0x0800d14b   Thumb Code     0  memseta.o(.text)
    _memset$wrapper                          0x0800d14f   Thumb Code    20  memseta.o(.text)
    strstr                                   0x0800d163   Thumb Code    44  strstr.o(.text)
    strchr                                   0x0800d18f   Thumb Code    18  strchr.o(.text)
    strlen                                   0x0800d1a1   Thumb Code    16  strlen.o(.text)
    strcpy                                   0x0800d1b1   Thumb Code    18  strcpy.o(.text)
    strncmp                                  0x0800d1c3   Thumb Code    30  strncmp.o(.text)
    atoi                                     0x0800d1e1   Thumb Code    26  atoi.o(.text)
    __aeabi_dmul                             0x0800d1fb   Thumb Code   224  dmul.o(.text)
    __aeabi_i2f                              0x0800d2db   Thumb Code    18  fflti.o(.text)
    __aeabi_d2iz                             0x0800d2ed   Thumb Code    62  dfixi.o(.text)
    __aeabi_f2d                              0x0800d32b   Thumb Code    44  f2d.o(.text)
    __aeabi_uldivmod                         0x0800d357   Thumb Code    98  uldiv.o(.text)
    __aeabi_llsr                             0x0800d3b9   Thumb Code    32  llushr.o(.text)
    _ll_ushift_r                             0x0800d3b9   Thumb Code     0  llushr.o(.text)
    strtol                                   0x0800d3d9   Thumb Code   112  strtol.o(.text)
    __I$use$fp                               0x0800d449   Thumb Code     0  iusefp.o(.text)
    _float_round                             0x0800d449   Thumb Code    18  fepilogue.o(.text)
    _float_epilogue                          0x0800d45b   Thumb Code    90  fepilogue.o(.text)
    _double_round                            0x0800d4b5   Thumb Code    26  depilogue.o(.text)
    _double_epilogue                         0x0800d4cf   Thumb Code   164  depilogue.o(.text)
    __scatterload                            0x0800d575   Thumb Code    28  init.o(.text)
    __scatterload_rt2                        0x0800d575   Thumb Code     0  init.o(.text)
    __aeabi_llsl                             0x0800d599   Thumb Code    30  llshl.o(.text)
    _ll_shift_l                              0x0800d599   Thumb Code     0  llshl.o(.text)
    __rt_ctype_table                         0x0800d5b9   Thumb Code     4  ctype_o.o(.text)
    _strtoul                                 0x0800d5c1   Thumb Code   158  _strtoul.o(.text)
    _chval                                   0x0800d65f   Thumb Code    28  _chval.o(.text)
    __decompress                             0x0800d67b   Thumb Code     0  __dczerorl2.o(.text)
    __decompress1                            0x0800d67b   Thumb Code    92  __dczerorl2.o(.text)
    LCD_SetCursor                            0x0800d6d9   Thumb Code    40  tft_lcd.o(i.LCD_SetCursor)
    __0printf$8                              0x0800d709   Thumb Code    22  printf8.o(i.__0printf$8)
    __1printf$8                              0x0800d709   Thumb Code     0  printf8.o(i.__0printf$8)
    __2printf                                0x0800d709   Thumb Code     0  printf8.o(i.__0printf$8)
    __0sprintf$8                             0x0800d729   Thumb Code    34  printf8.o(i.__0sprintf$8)
    __1sprintf$8                             0x0800d729   Thumb Code     0  printf8.o(i.__0sprintf$8)
    __2sprintf                               0x0800d729   Thumb Code     0  printf8.o(i.__0sprintf$8)
    __aeabi_errno_addr                       0x0800d751   Thumb Code     4  errno.o(i.__aeabi_errno_addr)
    __rt_errno_addr                          0x0800d751   Thumb Code     0  errno.o(i.__aeabi_errno_addr)
    __scatterload_copy                       0x0800d759   Thumb Code    14  handlers.o(i.__scatterload_copy)
    __scatterload_null                       0x0800d767   Thumb Code     2  handlers.o(i.__scatterload_null)
    __scatterload_zeroinit                   0x0800d769   Thumb Code    14  handlers.o(i.__scatterload_zeroinit)
    hzChar                                   0x0800dbf8   Data         175  tft_lcd.o(.constdata)
    table_week                               0x0800dca7   Data          12  rtc.o(.constdata)
    mon_table                                0x0800dcb3   Data          12  rtc.o(.constdata)
    __ctype_table                            0x0800dcbf   Data         129  ctype_o.o(.constdata)
    Region$$Table$$Base                      0x0800dee0   Number         0  anon$$obj.o(Region$$Table)
    Region$$Table$$Limit                     0x0800df00   Number         0  anon$$obj.o(Region$$Table)
    t                                        0x20000000   Data           4  main.o(.data)
    DeviceID                                 0x20000004   Data           4  main.o(.data)
    FlashID                                  0x20000008   Data           4  main.o(.data)
    flag_500ms                               0x2000000c   Data           1  stm32f10x_it.o(.data)
    res                                      0x2000000d   Data           1  stm32f10x_it.o(.data)
    data                                     0x2000000e   Data           4  stm32f10x_it.o(.data)
    rxAddr                                   0x20000014   Data           4  stm32f10x_it.o(.data)
    TimerStart0                              0x20000018   Data           1  time_malloc.o(.data)
    TimerStart1                              0x20000019   Data           1  time_malloc.o(.data)
    TimerStart2                              0x2000001a   Data           1  time_malloc.o(.data)
    TimerStart3                              0x2000001b   Data           1  time_malloc.o(.data)
    TimerStart4                              0x2000001c   Data           1  time_malloc.o(.data)
    TimerStart5                              0x2000001d   Data           1  time_malloc.o(.data)
    TimerStart6                              0x2000001e   Data           1  time_malloc.o(.data)
    TimerStart7                              0x2000001f   Data           1  time_malloc.o(.data)
    TimerStart8                              0x20000020   Data           1  time_malloc.o(.data)
    TimerStart9                              0x20000021   Data           1  time_malloc.o(.data)
    TimerStart10                             0x20000022   Data           1  time_malloc.o(.data)
    TimerStart11                             0x20000023   Data           1  time_malloc.o(.data)
    TimerStart12                             0x20000024   Data           1  time_malloc.o(.data)
    TimerStart13                             0x20000025   Data           1  time_malloc.o(.data)
    Timer0                                   0x20000028   Data           4  time_malloc.o(.data)
    Timer1                                   0x2000002c   Data           4  time_malloc.o(.data)
    Timer2                                   0x20000030   Data           4  time_malloc.o(.data)
    Timer3                                   0x20000034   Data           4  time_malloc.o(.data)
    Timer4                                   0x20000038   Data           4  time_malloc.o(.data)
    Timer5                                   0x2000003c   Data           4  time_malloc.o(.data)
    Timer6                                   0x20000040   Data           4  time_malloc.o(.data)
    Timer7                                   0x20000044   Data           4  time_malloc.o(.data)
    Timer8                                   0x20000048   Data           4  time_malloc.o(.data)
    Timer9                                   0x2000004c   Data           4  time_malloc.o(.data)
    Timer10                                  0x20000050   Data           4  time_malloc.o(.data)
    Timer11                                  0x20000054   Data           4  time_malloc.o(.data)
    Timer12                                  0x20000058   Data           4  time_malloc.o(.data)
    Timer13                                  0x2000005c   Data           4  time_malloc.o(.data)
    g_sATback                                0x2000008c   Data         131  gprs.o(.data)
    g_sAppContext                            0x2000010f   Data           3  gprs.o(.data)
    g_sMessageInfo                           0x20000112   Data         160  gprs.o(.data)
    g_setting                                0x200001b2   Data         128  gprs.o(.data)
    SendCt                                   0x20000232   Data           1  gprs.o(.data)
    recv_flag                                0x20000233   Data           1  gprs.o(.data)
    send_st                                  0x20000234   Data           1  gprs.o(.data)
    countbuf                                 0x20000235   Data           2  gprs.o(.data)
    CipsendLen                               0x20000237   Data           1  gprs.o(.data)
    TcpSendCt                                0x20000238   Data           1  gprs.o(.data)
    TcpConnectCt                             0x20000239   Data           1  gprs.o(.data)
    getStartYear                             0x2000023a   Data           1  gprs.o(.data)
    getStartMon                              0x2000023b   Data           1  gprs.o(.data)
    getStartDate                             0x2000023c   Data           1  gprs.o(.data)
    getEndYear                               0x2000023d   Data           1  gprs.o(.data)
    getEndMon                                0x2000023e   Data           1  gprs.o(.data)
    getEndDate                               0x2000023f   Data           1  gprs.o(.data)
    ascii_8x16                               0x20000240   Data        4560  tft_lcd.o(.data)
    HZLib                                    0x20001410   Data        6264  tft_lcd.o(.data)
    display_direction                        0x20002c88   Data           1  tft_lcd.o(.data)
    KeyFuncIndex                             0x20002c8c   Data           1  ui.o(.data)
    MaxScreenDisp                            0x20002c8d   Data           1  ui.o(.data)
    CurrentMenuIndex                         0x20002c8e   Data           1  ui.o(.data)
    CurrentMenuItem                          0x20002c8f   Data           1  ui.o(.data)
    CurrentMenuItemNum                       0x20002c90   Data           1  ui.o(.data)
    CurrentMenuString                        0x20002c94   Data           4  ui.o(.data)
    CurrentMenuCur                           0x20002c98   Data           1  ui.o(.data)
    CurrentMenuPage                          0x20002c99   Data           1  ui.o(.data)
    MenuDeep                                 0x20002c9a   Data           1  ui.o(.data)
    TopMenuString                            0x20002c9c   Data           4  ui.o(.data)
    SetMenuString                            0x20002ca0   Data          44  ui.o(.data)
    DevAddrMenuString                        0x20002ccc   Data           4  ui.o(.data)
    TimeMenuString                           0x20002cd0   Data           4  ui.o(.data)
    IpMenuString                             0x20002cd4   Data           4  ui.o(.data)
    PortMenuString                           0x20002cd8   Data           4  ui.o(.data)
    Rs485Addr1MenuString                     0x20002cdc   Data           4  ui.o(.data)
    Rs485Addr2MenuString                     0x20002ce0   Data           4  ui.o(.data)
    Rs485Addr3MenuString                     0x20002ce4   Data           4  ui.o(.data)
    Rs485Addr4MenuString                     0x20002ce8   Data           4  ui.o(.data)
    Rs485Addr5MenuString                     0x20002cec   Data           4  ui.o(.data)
    ResetFacMenuString                       0x20002cf0   Data          12  ui.o(.data)
    ResetCommunicateMenuString               0x20002cfc   Data          12  ui.o(.data)
    TopMenu                                  0x20002d08   Data          24  ui.o(.data)
    SetMenu                                  0x20002d20   Data          24  ui.o(.data)
    DevAdrMenu                               0x20002d38   Data          24  ui.o(.data)
    TimeMenu                                 0x20002d50   Data          24  ui.o(.data)
    IpMenu                                   0x20002d68   Data          24  ui.o(.data)
    PortMenu                                 0x20002d80   Data          24  ui.o(.data)
    Rs485addr1Menu                           0x20002d98   Data          24  ui.o(.data)
    Rs485addr2Menu                           0x20002db0   Data          24  ui.o(.data)
    Rs485addr3Menu                           0x20002dc8   Data          24  ui.o(.data)
    Rs485addr4Menu                           0x20002de0   Data          24  ui.o(.data)
    Rs485addr5Menu                           0x20002df8   Data          24  ui.o(.data)
    ResetFacMenu                             0x20002e10   Data          24  ui.o(.data)
    ResetCommunicateMenu                     0x20002e28   Data          24  ui.o(.data)
    KeyTab                                   0x20002e40   Data         936  ui.o(.data)
    Column                                   0x200031e8   Data           1  ui.o(.data)
    Row                                      0x200031e9   Data           1  ui.o(.data)
    tot_sector                               0x200031ea   Data           2  ui.o(.data)
    realError                                0x200031ec   Data           1  ui.o(.data)
    level_percent                            0x200031ed   Data           1  ui.o(.data)
    KeyFuncPtr                               0x200031f0   Data           4  ui.o(.data)
    TcpInitCt                                0x200031f4   Data           1  time_outprocess.o(.data)
    flush_lcd_flag                           0x200031f5   Data           1  time_outprocess.o(.data)
    state_tcp                                0x200031f6   Data           1  time_outprocess.o(.data)
    timer                                    0x200031fa   Data           8  rtc.o(.data)
    storage_pos                              0x20003204   Data           4  storage.o(.data)
    in_water                                 0x20003208   Data           4  storage.o(.data)
    out_water                                0x2000320c   Data           4  storage.o(.data)
    loop_water                               0x20003210   Data           4  storage.o(.data)
    elec                                     0x20003214   Data           4  storage.o(.data)
    rs485_ack_time                           0x20003218   Data           1  rs485_rs2.o(.data)
    rs485_ack_flag                           0x20003219   Data           1  rs485_rs2.o(.data)
    oc_status                                0x2000321a   Data           1  rs485_rs2.o(.data)
    rd_idx                                   0x2000321b   Data           1  rs485_rs2.o(.data)
    rs485_send_time                          0x2000321c   Data           2  rs485_rs2.o(.data)
    getMediaOutWaterTemper                   0x2000321e   Data           1  rs485_rs2.o(.data)
    getMediaEnvTemper                        0x2000321f   Data           1  rs485_rs2.o(.data)
    getMediaWaterHigh                        0x20003220   Data           1  rs485_rs2.o(.data)
    ct_readDate                              0x20003221   Data           1  rs485_rs3.o(.data)
    rs485_rs3_rxIndex                        0x20003222   Data           1  rs485_rs3.o(.data)
    ADC_ConvertedValue                       0x20003224   Data           2  adc.o(.data)
    __stdout                                 0x2000323c   Data           4  stdout.o(.data)
    strBuffer                                0x2000325a   Data         512  gprs.o(.bss)
    TxBuffer                                 0x2000345a   Data         512  gprs.o(.bss)
    RxBuffer                                 0x2000365a   Data         512  gprs.o(.bss)
    TxCache                                  0x2000385a   Data         128  gprs.o(.bss)
    displaybuf                               0x200038da   Data          30  ui.o(.bss)
    display_tmp                              0x200038f8   Data          10  ui.o(.bss)
    dargs                                    0x20003904   Data          51  storage.o(.bss)
    ru                                       0x20003938   Data          32  storage.o(.bss)
    rs485_rs2_rxbuf                          0x20003958   Data          32  rs485_rs2.o(.bss)
    rs485_rs2_txbuf                          0x20003978   Data          32  rs485_rs2.o(.bss)
    getMediaMSG                              0x20003998   Data         255  rs485_rs2.o(.bss)
    recordERROR                              0x20003a97   Data          15  rs485_rs2.o(.bss)
    rs485_rs3_rxbuf                          0x20003aa6   Data         100  rs485_rs3.o(.bss)
    rs485_rs3_txbuf                          0x20003b0a   Data         100  rs485_rs3.o(.bss)
    __initial_sp                             0x20003d70   Data           0  startup_stm32f10x_hd.o(STACK)



==============================================================================

Memory Map of the image

  Image Entry point : 0x08000131

  Load Region LR_IROM1 (Base: 0x08000000, Size: 0x00011144, Max: 0x00040000, ABSOLUTE, COMPRESSED[0x0000f994])

    Execution Region ER_IROM1 (Base: 0x08000000, Size: 0x0000df00, Max: 0x00040000, ABSOLUTE)

    Base Addr    Size         Type   Attr      Idx    E Section Name        Object

    0x08000000   0x00000130   Data   RO            3    RESET               startup_stm32f10x_hd.o
    0x08000130   0x00000000   Code   RO          719  * .ARM.Collect$$$$00000000  mc_w.l(entry.o)
    0x08000130   0x00000004   Code   RO         1009    .ARM.Collect$$$$00000001  mc_w.l(entry2.o)
    0x08000134   0x00000004   Code   RO         1012    .ARM.Collect$$$$00000004  mc_w.l(entry5.o)
    0x08000138   0x00000000   Code   RO         1014    .ARM.Collect$$$$00000008  mc_w.l(entry7b.o)
    0x08000138   0x00000008   Code   RO         1015    .ARM.Collect$$$$00000009  mc_w.l(entry8.o)
    0x08000140   0x00000004   Code   RO         1010    .ARM.Collect$$$$00002712  mc_w.l(entry2.o)
    0x08000144   0x00000030   Code   RO            4    .text               startup_stm32f10x_hd.o
    0x08000174   0x0000012c   Code   RO           10    .text               main.o
    0x080002a0   0x00000724   Code   RO          157    .text               stm32f10x_it.o
    0x080009c4   0x000002b0   Code   RO          179    .text               time_malloc.o
    0x08000c74   0x000002b8   Code   RO          197    .text               key.o
    0x08000f2c   0x00000044   Code   RO          216    .text               led.o
    0x08000f70   0x000000d0   Code   RO          228    .text               delay.o
    0x08001040   0x0000011c   Code   RO          242    .text               timer1.o
    0x0800115c   0x00000390   Code   RO          254    .text               ds18b20.o
    0x080014ec   0x0000062c   Code   RO          266    .text               usart.o
    0x08001b18   0x000000fc   Code   RO          285    .text               input_output.o
    0x08001c14   0x000000a8   Code   RO          297    .text               buzz.o
    0x08001cbc   0x000004d0   Code   RO          309    .text               spi_flash.o
    0x0800218c   0x00001edc   Code   RO          321    .text               gprs.o
    0x08004068   0x00000ad0   Code   RO          343    .text               tft_lcd.o
    0x08004b38   0x000039b8   Code   RO          371    .text               ui.o
    0x080084f0   0x00000714   Code   RO          391    .text               time_outprocess.o
    0x08008c04   0x0000039c   Code   RO          409    .text               rtc.o
    0x08008fa0   0x0000016c   Code   RO          428    .text               storage.o
    0x0800910c   0x00000a64   Code   RO          447    .text               rs485_rs2.o
    0x08009b70   0x000003dc   Code   RO          466    .text               rs485_rs3.o
    0x08009f4c   0x0000011c   Code   RO          485    .text               adc.o
    0x0800a068   0x0000009c   Code   RO          503    .text               watchdog.o
    0x0800a104   0x00000380   Code   RO          521    .text               stm32f10x_gpio.o
    0x0800a484   0x00000414   Code   RO          533    .text               stm32f10x_rcc.o
    0x0800a898   0x00000408   Code   RO          547    .text               stm32f10x_usart.o
    0x0800aca0   0x00000d68   Code   RO          559    .text               stm32f10x_tim.o
    0x0800ba08   0x00000100   Code   RO          571    .text               misc.o
    0x0800bb08   0x00000680   Code   RO          583    .text               stm32f10x_fsmc.o
    0x0800c188   0x00000178   Code   RO          595    .text               stm32f10x_rtc.o
    0x0800c300   0x000004d0   Code   RO          607    .text               stm32f10x_adc.o
    0x0800c7d0   0x00000388   Code   RO          619    .text               stm32f10x_spi.o
    0x0800cb58   0x000000b0   Code   RO          631    .text               stm32f10x_bkp.o
    0x0800cc08   0x000000d0   Code   RO          643    .text               stm32f10x_pwr.o
    0x0800ccd8   0x00000244   Code   RO          655    .text               stm32f10x_dma.o
    0x0800cf1c   0x00000044   Code   RO          667    .text               stm32f10x_iwdg.o
    0x0800cf60   0x00000088   Code   RO          679    .text               stm32f10x_wwdg.o
    0x0800cfe8   0x00000130   Code   RO          701    .text               system_stm32f10x.o
    0x0800d118   0x00000024   Code   RO          722    .text               mc_w.l(memcpya.o)
    0x0800d13c   0x00000026   Code   RO          724    .text               mc_w.l(memseta.o)
    0x0800d162   0x0000002c   Code   RO          726    .text               mc_w.l(strstr.o)
    0x0800d18e   0x00000012   Code   RO          728    .text               mc_w.l(strchr.o)
    0x0800d1a0   0x00000010   Code   RO          730    .text               mc_w.l(strlen.o)
    0x0800d1b0   0x00000012   Code   RO          732    .text               mc_w.l(strcpy.o)
    0x0800d1c2   0x0000001e   Code   RO          734    .text               mc_w.l(strncmp.o)
    0x0800d1e0   0x0000001a   Code   RO          999    .text               mc_w.l(atoi.o)
    0x0800d1fa   0x000000e0   Code   RO         1001    .text               mf_w.l(dmul.o)
    0x0800d2da   0x00000012   Code   RO         1003    .text               mf_w.l(fflti.o)
    0x0800d2ec   0x0000003e   Code   RO         1005    .text               mf_w.l(dfixi.o)
    0x0800d32a   0x0000002c   Code   RO         1007    .text               mf_w.l(f2d.o)
    0x0800d356   0x00000062   Code   RO         1019    .text               mc_w.l(uldiv.o)
    0x0800d3b8   0x00000020   Code   RO         1021    .text               mc_w.l(llushr.o)
    0x0800d3d8   0x00000070   Code   RO         1030    .text               mc_w.l(strtol.o)
    0x0800d448   0x00000000   Code   RO         1032    .text               mc_w.l(iusefp.o)
    0x0800d448   0x0000006c   Code   RO         1033    .text               mf_w.l(fepilogue.o)
    0x0800d4b4   0x000000be   Code   RO         1035    .text               mf_w.l(depilogue.o)
    0x0800d572   0x00000002   PAD
    0x0800d574   0x00000024   Code   RO         1045    .text               mc_w.l(init.o)
    0x0800d598   0x0000001e   Code   RO         1047    .text               mc_w.l(llshl.o)
    0x0800d5b6   0x00000002   PAD
    0x0800d5b8   0x00000008   Code   RO         1051    .text               mc_w.l(ctype_o.o)
    0x0800d5c0   0x0000009e   Code   RO         1079    .text               mc_w.l(_strtoul.o)
    0x0800d65e   0x0000001c   Code   RO         1081    .text               mc_w.l(_chval.o)
    0x0800d67a   0x0000005c   Code   RO         1091    .text               mc_w.l(__dczerorl2.o)
    0x0800d6d6   0x00000002   PAD
    0x0800d6d8   0x00000030   Code   RO          356    i.LCD_SetCursor     tft_lcd.o
    0x0800d708   0x00000020   Code   RO          945    i.__0printf$8       mc_w.l(printf8.o)
    0x0800d728   0x00000028   Code   RO          947    i.__0sprintf$8      mc_w.l(printf8.o)
    0x0800d750   0x00000008   Code   RO         1023    i.__aeabi_errno_addr  mc_w.l(errno.o)
    0x0800d758   0x0000000e   Code   RO         1085    i.__scatterload_copy  mc_w.l(handlers.o)
    0x0800d766   0x00000002   Code   RO         1086    i.__scatterload_null  mc_w.l(handlers.o)
    0x0800d768   0x0000000e   Code   RO         1087    i.__scatterload_zeroinit  mc_w.l(handlers.o)
    0x0800d776   0x00000002   PAD
    0x0800d778   0x00000420   Code   RO          952    i._printf_core      mc_w.l(printf8.o)
    0x0800db98   0x00000026   Code   RO          953    i._printf_post_padding  mc_w.l(printf8.o)
    0x0800dbbe   0x00000030   Code   RO          954    i._printf_pre_padding  mc_w.l(printf8.o)
    0x0800dbee   0x0000000a   Code   RO          956    i._sputc            mc_w.l(printf8.o)
    0x0800dbf8   0x000000af   Data   RO          344    .constdata          tft_lcd.o
    0x0800dca7   0x00000018   Data   RO          410    .constdata          rtc.o
    0x0800dcbf   0x00000081   Data   RO         1052    .constdata          mc_w.l(ctype_o.o)
    0x0800dd40   0x00000004   Data   RO         1053    .constdata          mc_w.l(ctype_o.o)
    0x0800dd44   0x0000019b   Data   RO          373    .conststring        ui.o
    0x0800dedf   0x00000001   PAD
    0x0800dee0   0x00000020   Data   RO         1083    Region$$Table       anon$$obj.o


    Execution Region RW_IRAM1 (Base: 0x20000000, Size: 0x00003d70, Max: 0x0000c000, ABSOLUTE, COMPRESSED[0x00001a94])

    Base Addr    Size         Type   Attr      Idx    E Section Name        Object

    0x20000000   0x0000000c   Data   RW           11    .data               main.o
    0x2000000c   0x0000000c   Data   RW          158    .data               stm32f10x_it.o
    0x20000018   0x00000048   Data   RW          180    .data               time_malloc.o
    0x20000060   0x00000028   Data   RW          199    .data               key.o
    0x20000088   0x00000004   Data   RW          229    .data               delay.o
    0x2000008c   0x000001b4   Data   RW          323    .data               gprs.o
    0x20000240   0x00002a49   Data   RW          345    .data               tft_lcd.o
    0x20002c89   0x00000003   PAD
    0x20002c8c   0x00000568   Data   RW          374    .data               ui.o
    0x200031f4   0x00000003   Data   RW          392    .data               time_outprocess.o
    0x200031f7   0x00000001   PAD
    0x200031f8   0x0000000a   Data   RW          411    .data               rtc.o
    0x20003202   0x00000002   PAD
    0x20003204   0x00000014   Data   RW          430    .data               storage.o
    0x20003218   0x00000009   Data   RW          449    .data               rs485_rs2.o
    0x20003221   0x00000002   Data   RW          468    .data               rs485_rs3.o
    0x20003223   0x00000001   PAD
    0x20003224   0x00000002   Data   RW          486    .data               adc.o
    0x20003226   0x00000014   Data   RW          534    .data               stm32f10x_rcc.o
    0x2000323a   0x00000002   PAD
    0x2000323c   0x00000004   Data   RW         1016    .data               mc_w.l(stdout.o)
    0x20003240   0x00000004   Data   RW         1026    .data               mc_w.l(errno.o)
    0x20003244   0x00000016   Zero   RW          198    .bss                key.o
    0x2000325a   0x00000680   Zero   RW          322    .bss                gprs.o
    0x200038da   0x00000028   Zero   RW          372    .bss                ui.o
    0x20003902   0x00000002   PAD
    0x20003904   0x00000054   Zero   RW          429    .bss                storage.o
    0x20003958   0x0000014e   Zero   RW          448    .bss                rs485_rs2.o
    0x20003aa6   0x000000c8   Zero   RW          467    .bss                rs485_rs3.o
    0x20003b6e   0x00000002   PAD
    0x20003b70   0x00000200   Zero   RW            1    STACK               startup_stm32f10x_hd.o


==============================================================================

Image component sizes


      Code (inc. data)   RO Data    RW Data    ZI Data      Debug   Object Name

       284         20          0          2          0       1265   adc.o
       168          6          0          0          0        727   buzz.o
       208          8          0          4          0       1321   delay.o
       912         14          0          0          0       3140   ds18b20.o
      7900        990          0        436       1664      14242   gprs.o
       252          8          0          0          0        982   input_output.o
       696         58          0         40         22       2838   key.o
        68          4          0          0          0        422   led.o
       300        104          0         12          0     283984   main.o
       256         30          0          0          0       1689   misc.o
      2660         94          0          9        334       5335   rs485_rs2.o
       988         44          0          2        200       2855   rs485_rs3.o
       924         38         24         10          0       3287   rtc.o
      1232         18          0          0          0       4944   spi_flash.o
        48         12        304          0        512        852   startup_stm32f10x_hd.o
      1232         28          0          0          0      10957   stm32f10x_adc.o
       176         24          0          0          0       2316   stm32f10x_bkp.o
       580         24          0          0          0       3439   stm32f10x_dma.o
      1664         62          0          0          0       5275   stm32f10x_fsmc.o
       896         22          0          0          0       5191   stm32f10x_gpio.o
      1828        248          0         12          0       3734   stm32f10x_it.o
        68          4          0          0          0       1229   stm32f10x_iwdg.o
       208         18          0          0          0       1927   stm32f10x_pwr.o
      1044         54          0         20          0       8812   stm32f10x_rcc.o
       376         32          0          0          0       2686   stm32f10x_rtc.o
       904          4          0          0          0       6342   stm32f10x_spi.o
      3432         16          0          0          0      24672   stm32f10x_tim.o
      1032         14          0          0          0       7839   stm32f10x_usart.o
       136         16          0          0          0       1556   stm32f10x_wwdg.o
       364        132          0         20         84       2606   storage.o
       304         16          0          0          0       1129   system_stm32f10x.o
      2816         70        175      10825          0       7925   tft_lcd.o
       688        142          0         72          0       2413   time_malloc.o
      1812        738          0          3          0       1531   time_outprocess.o
       284          4          0          0          0       1152   timer1.o
     14776       1202        411       1384         40      24045   ui.o
      1580         38          0          0          0       5654   usart.o
       156          0          0          0          0       1332   watchdog.o

    ----------------------------------------------------------------------
     53252       4356        947      12860       2860     461645   Object Totals
         0          0         32          0          0          0   (incl. Generated)
         0          0          1          9          4          0   (incl. Padding)

    ----------------------------------------------------------------------

      Code (inc. data)   RO Data    RW Data    ZI Data      Debug   Library Member Name

        92          0          0          0          0          0   __dczerorl2.o
        28          0          0          0          0         68   _chval.o
       158          0          0          0          0         92   _strtoul.o
        26          0          0          0          0         80   atoi.o
         8          4        133          0          0         68   ctype_o.o
         0          0          0          0          0          0   entry.o
         8          4          0          0          0          0   entry2.o
         4          0          0          0          0          0   entry5.o
         0          0          0          0          0          0   entry7b.o
         8          4          0          0          0          0   entry8.o
         8          4          0          4          0         68   errno.o
        30          0          0          0          0          0   handlers.o
        36          8          0          0          0         68   init.o
         0          0          0          0          0          0   iusefp.o
        30          0          0          0          0         68   llshl.o
        32          0          0          0          0         68   llushr.o
        36          0          0          0          0         68   memcpya.o
        38          0          0          0          0        108   memseta.o
      1224         62          0          0          0        504   printf8.o
         0          0          0          4          0          0   stdout.o
        18          0          0          0          0         68   strchr.o
        18          0          0          0          0         68   strcpy.o
        16          0          0          0          0         68   strlen.o
        30          0          0          0          0         80   strncmp.o
        44          0          0          0          0         80   strstr.o
       112          0          0          0          0         88   strtol.o
        98          0          0          0          0         92   uldiv.o
       190          0          0          0          0        176   depilogue.o
        62          0          0          0          0         80   dfixi.o
       224          0          0          0          0         96   dmul.o
        44          0          0          0          0         68   f2d.o
       108          0          0          0          0        168   fepilogue.o
        18          0          0          0          0         68   fflti.o

    ----------------------------------------------------------------------
      2756         86        133          8          0       2460   Library Totals
         8          0          0          0          0          0   (incl. Padding)

    ----------------------------------------------------------------------

      Code (inc. data)   RO Data    RW Data    ZI Data      Debug   Library Name

      2102         86        133          8          0       1804   mc_w.l
       646          0          0          0          0        656   mf_w.l

    ----------------------------------------------------------------------
      2756         86        133          8          0       2460   Library Totals

    ----------------------------------------------------------------------

==============================================================================


      Code (inc. data)   RO Data    RW Data    ZI Data      Debug   

     56008       4442       1080      12868       2860     458853   Grand Totals
     56008       4442       1080       6804       2860     458853   ELF Image Totals (compressed)
     56008       4442       1080       6804          0          0   ROM Totals

==============================================================================

    Total RO  Size (Code + RO Data)                57088 (  55.75kB)
    Total RW  Size (RW Data + ZI Data)             15728 (  15.36kB)
    Total ROM Size (Code + RO Data + RW Data)      63892 (  62.39kB)

==============================================================================

